--------- beginning of /dev/log/system
01-02 21:03:56.950   479   505 W ActivityManager: No content provider found for permission revoke: file:///data/local/tmp/PokerServer.apk
01-02 21:03:56.970   479   505 W ActivityManager: No content provider found for permission revoke: file:///data/local/tmp/PokerServer.apk
01-02 21:03:56.970   479   505 I PackageManager: Copying native libraries to /data/app-lib/vmdl131305811
01-02 21:03:56.980   479   505 D PackageManager: processPendingInstall now is installing
01-02 21:03:57.060   479   497 I ActivityManager: Force stopping de.kp.rtspcamera appid=10058 user=-1: uninstall pkg
01-02 21:03:57.200   479   505 I PackageManager: Package de.kp.rtspcamera codePath changed from /data/app/de.kp.rtspcamera-2.apk to /data/app/de.kp.rtspcamera-1.apk; Retaining data and using new
01-02 21:03:57.360   479   505 W PackageManager: Code path for pkg : de.kp.rtspcamera changing from /data/app/de.kp.rtspcamera-2.apk to /data/app/de.kp.rtspcamera-1.apk
01-02 21:03:57.360   479   497 I ActivityManager: Force stopping de.kp.rtspcamera appid=10058 user=-1: update pkg
01-02 21:03:57.360   479   505 W PackageManager: Resource path for pkg : de.kp.rtspcamera changing from /data/app/de.kp.rtspcamera-2.apk to /data/app/de.kp.rtspcamera-1.apk
01-02 21:03:57.560   479   505 W PackageManager: Not granting permission android.permission.MOUNT_UNMOUNT_FILESYSTEMS to package de.kp.rtspcamera (protectionLevel=18 flags=0x8be46)
01-02 21:03:57.700   479   505 I ActivityManager: Force stopping de.kp.rtspcamera appid=10058 user=0: pkg removed
01-02 21:03:57.760  4736  4736 W ContextImpl: Calling a method in the system process without a qualified user: android.app.ContextImpl.startService:1542 android.content.ContextWrapper.startService:494 android.content.ContextWrapper.startService:494 com.android.keychain.KeyChainBroadcastReceiver.onReceive:12 android.app.ActivityThread.handleReceiver:2419 
01-02 21:03:57.770   479   543 I ActivityManager: Delay finish: com.android.keychain/.KeyChainBroadcastReceiver
01-02 21:03:57.800   479   696 I ActivityManager: Resuming delayed broadcast
01-02 21:03:57.820   479   543 D alarmDebug: setAlarm, packagename = com.android.vending type = 0 after 14 ,interval = 0
01-02 21:03:57.820   479   543 D alarmDebug: setKernel, wakeup at 2423
01-02 21:03:57.830   479   479 D BackupManagerService: Received broadcast Intent { act=android.intent.action.PACKAGE_REMOVED dat=package:de.kp.rtspcamera flg=0x4000010 (has extras) }
01-02 21:03:57.850   479   479 D BackupManagerService: Received broadcast Intent { act=android.intent.action.PACKAGE_ADDED dat=package:de.kp.rtspcamera flg=0x4000010 (has extras) }
01-02 21:03:57.850   479   479 V BackupManagerService: removePackageParticipantsLocked: uid=10058 #1
01-02 21:03:57.850   479   479 V BackupManagerService: addPackageParticipantsLocked: #1
01-02 21:03:57.860   479   626 I ActivityManager: START u0 {flg=0x10800000 cmp=com.estrongs.android.pop/.app.InstallMonitorActivity (has extras)} from pid 705
01-02 21:03:57.920   479   491 D alarmDebug: setAlarm, packagename = com.android.vending type = 0 after 14 ,interval = 0
01-02 21:03:57.920   479   491 D alarmDebug: setKernel, wakeup at 3636
01-02 21:03:57.920   479   491 D alarmDebug: setKernel, wakeup at 2423
01-02 21:03:58.800   479   498 W RecognitionManagerService: no available voice recognition services found for user 0
01-02 21:03:58.910   479   626 W InputMethodManagerService: Window already focused, ignoring focus gain of: com.android.internal.view.IInputMethodClient$Stub$Proxy@41bd4bd0 attribute=null, token = android.os.BinderProxy@41a6e0c0
01-02 21:03:59.580   479   696 I ActivityManager: START u0 {act=android.intent.action.MAIN cat=[android.intent.category.LAUNCHER] flg=0x10000000 cmp=de.kp.rtspcamera/.RtspNativeCodecsCamera} from pid 7535
01-02 21:03:59.600   479   720 I ActivityManager: Start proc de.kp.rtspcamera for activity de.kp.rtspcamera/.RtspNativeCodecsCamera: pid=7546 uid=10058 gids={50058, 1028, 1015, 3003}
01-02 21:03:59.670   479   491 D WifiService: setWifiEnabled: false pid=7546, uid=10058
01-02 21:04:12.910   479   509 D alarmDebug: setKernel, wakeup at 3636
01-02 21:06:23.890   479   510 D UsbDeviceManager: disable UsbDeviceManager wakelock wlref = 1
01-02 21:06:28.900   479   479 W ContextImpl: Calling a method in the system process without a qualified user: android.app.ContextImpl.sendBroadcast:1186 com.android.server.NotificationManagerService.sendBroadcast:2154 com.android.server.NotificationManagerService$7.run:2087 android.os.Handler.handleCallback:733 android.os.Handler.dispatchMessage:95 
01-02 21:06:28.900   479   479 W ContextImpl: Calling a method in the system process without a qualified user: android.app.ContextImpl.sendBroadcast:1186 com.android.server.NotificationManagerService.sendBroadcast:2154 com.android.server.NotificationManagerService$7.run:2087 android.os.Handler.handleCallback:733 android.os.Handler.dispatchMessage:95 
--------- beginning of /dev/log/main
01-02 21:06:58.300  7546  7618 I reflist : RefListInit
01-02 21:06:58.320   154  7589 W CameraHardware: unknow focus status: -1
01-02 21:06:58.330  7546  7618 I avenc_api: PVAVCEncSetInput AVCENC_SUCCESS -> enc_state = AVCEnc_Encoding_Frame
01-02 21:06:58.330  7546  7618 I avenc_api: PVAVCEncSetInput return: final status
01-02 21:06:58.330  7546  7618 I pvaencoder: Encode AVCENC_SUCCESS-> return: EAVCEI_SUCCESS
01-02 21:06:58.330  7546  7618 I pvaencoder: GetOuput
01-02 21:06:58.330  7546  7618 I avenc_api: PVAVCEncodeNAL: 5
01-02 21:06:58.330  7546  7618 I avenc_api: PVAVCEncodeNAL: AVCEnc_Encoding_Frame
01-02 21:06:58.350   154  7589 W CameraHardware: unknow focus status: -1
01-02 21:06:58.350  7546  7618 I avenc_api: PVAVCEncodeNAL AVCEnc_Encoding_Frame -> enc_state = AVCEnc_Analyzing_Frame
01-02 21:06:58.350  7546  7618 I pvaencoder: GetOuput (iEncStatus == AVCENC_PICTURE_READY) -> return EAVCEI_SUCCESS
01-02 21:06:58.350  7546  7618 I System.out: RtpVideoRecorder: captureThread: encodeResult == 0
01-02 21:06:58.350  7546  7618 I System.out: encodedFrame: encodedFrame length460
01-02 21:06:58.350  7546  7617 W System.err: java.net.SocketException: sendto failed: ECONNREFUSED (Connection refused)
01-02 21:06:58.350  7546  7617 W System.err: 	at libcore.io.IoBridge.maybeThrowAfterSendto(IoBridge.java:499)
01-02 21:06:58.350  7546  7617 W System.err: 	at libcore.io.IoBridge.sendto(IoBridge.java:468)
01-02 21:06:58.350  7546  7617 W System.err: 	at java.net.PlainDatagramSocketImpl.send(PlainDatagramSocketImpl.java:182)
01-02 21:06:58.350  7546  7617 W System.err: 	at java.net.DatagramSocket.send(DatagramSocket.java:281)
01-02 21:06:58.350  7546  7617 W System.err: 	at de.kp.net.rtp.RtpSocket.send(RtpSocket.java:128)
01-02 21:06:58.350  7546  7617 W System.err: 	at de.kp.net.rtp.RtpSender.send(RtpSender.java:79)
01-02 21:06:58.350  7546  7617 W System.err: 	at de.kp.net.rtp.stream.RtpOutputStream.transmit(RtpOutputStream.java:146)
01-02 21:06:58.350  7546  7617 W System.err: 	at de.kp.net.rtp.stream.RtpOutputStream.write(RtpOutputStream.java:86)
01-02 21:06:58.350  7546  7617 W System.err: 	at com.orangelabs.core.ims.protocol.rtp.CodecChain.doProcess(CodecChain.java:99)
01-02 21:06:58.350  7546  7617 W System.err: 	at com.orangelabs.core.ims.protocol.rtp.CodecChain.process(CodecChain.java:84)
01-02 21:06:58.350  7546  7617 W System.err: 	at com.orangelabs.core.ims.protocol.rtp.Processor.run(Processor.java:149)
01-02 21:06:58.350  7546  7617 W System.err: Caused by: libcore.io.ErrnoException: sendto failed: ECONNREFUSED (Connection refused)
01-02 21:06:58.350  7546  7617 W System.err: 	at libcore.io.Posix.sendtoBytes(Native Method)
01-02 21:06:58.350  7546  7617 W System.err: 	at libcore.io.Posix.sendto(Posix.java:156)
01-02 21:06:58.350  7546  7617 W System.err: 	at libcore.io.BlockGuardOs.sendto(BlockGuardOs.java:177)
01-02 21:06:58.350  7546  7617 W System.err: 	at libcore.io.IoBridge.sendto(IoBridge.java:466)
01-02 21:06:58.350  7546  7617 W System.err: 	... 9 more
01-02 21:06:58.350  7546  7617 E [RCS][RtpOutputStream]: Can't broadcast the RTP packet
01-02 21:06:58.360  7546  7617 W System.err: java.net.SocketException: sendto failed: ECONNREFUSED (Connection refused)
01-02 21:06:58.360  7546  7617 W System.err: 	at libcore.io.IoBridge.maybeThrowAfterSendto(IoBridge.java:499)
01-02 21:06:58.360  7546  7617 W System.err: 	at libcore.io.IoBridge.sendto(IoBridge.java:468)
01-02 21:06:58.360  7546  7617 W System.err: 	at java.net.PlainDatagramSocketImpl.send(PlainDatagramSocketImpl.java:182)
01-02 21:06:58.360  7546  7617 W System.err: 	at java.net.DatagramSocket.send(DatagramSocket.java:281)
01-02 21:06:58.360  7546  7617 W System.err: 	at de.kp.net.rtp.RtpSocket.send(RtpSocket.java:128)
01-02 21:06:58.360  7546  7617 W System.err: 	at de.kp.net.rtp.RtpSender.send(RtpSender.java:79)
01-02 21:06:58.360  7546  7617 W System.err: 	at de.kp.net.rtp.stream.RtpOutputStream.transmit(RtpOutputStream.java:146)
01-02 21:06:58.360  7546  7617 W System.err: 	at de.kp.net.rtp.stream.RtpOutputStream.write(RtpOutputStream.java:86)
01-02 21:06:58.360  7546  7617 W System.err: 	at com.orangelabs.core.ims.protocol.rtp.CodecChain.doProcess(CodecChain.java:99)
01-02 21:06:58.360  7546  7617 W System.err: 	at com.orangelabs.core.ims.protocol.rtp.CodecChain.process(CodecChain.java:84)
01-02 21:06:58.360  7546  7617 W System.err: 	at com.orangelabs.core.ims.protocol.rtp.Processor.run(Processor.java:149)
01-02 21:06:58.360  7546  7617 W System.err: Caused by: libcore.io.ErrnoException: sendto failed: ECONNREFUSED (Connection refused)
01-02 21:06:58.360  7546  7617 W System.err: 	at libcore.io.Posix.sendtoBytes(Native Method)
01-02 21:06:58.360  7546  7617 W System.err: 	at libcore.io.Posix.sendto(Posix.java:156)
01-02 21:06:58.360  7546  7617 W System.err: 	at libcore.io.BlockGuardOs.sendto(BlockGuardOs.java:177)
01-02 21:06:58.360  7546  7617 W System.err: 	at libcore.io.IoBridge.sendto(IoBridge.java:466)
01-02 21:06:58.360  7546  7617 W System.err: 	... 9 more
01-02 21:06:58.360  7546  7618 D RtspVideoRecorder: time = 133618369 videoStartTime = 133618303 encoderTs = 147394 frameData.length152064
01-02 21:06:58.360  7546  7618 I pvaencoder: Encode
01-02 21:06:58.360  7546  7618 I avenc_api: PVAVCEncSetInput
01-02 21:06:58.360  7546  7618 I dbp     : DPBInitBuffer
01-02 21:06:58.360  7546  7618 I dbp     : DPBInitBuffer final return AVC_SUCCESS
01-02 21:06:58.360  7546  7618 I reflist : RefListInit
01-02 21:06:58.380   154  7589 W CameraHardware: unknow focus status: -1
01-02 21:06:58.390  7546  7618 I avenc_api: PVAVCEncSetInput AVCENC_SUCCESS -> enc_state = AVCEnc_Encoding_Frame
01-02 21:06:58.390  7546  7618 I avenc_api: PVAVCEncSetInput return: final status
01-02 21:06:58.390  7546  7618 I pvaencoder: Encode AVCENC_SUCCESS-> return: EAVCEI_SUCCESS
01-02 21:06:58.390  7546  7618 I pvaencoder: GetOuput
01-02 21:06:58.390  7546  7618 I avenc_api: PVAVCEncodeNAL: 5
01-02 21:06:58.390  7546  7618 I avenc_api: PVAVCEncodeNAL: AVCEnc_Encoding_Frame
01-02 21:06:58.410   154  7589 W CameraHardware: unknow focus status: -1
01-02 21:06:58.410  7546  7618 I avenc_api: PVAVCEncodeNAL AVCEnc_Encoding_Frame -> enc_state = AVCEnc_Analyzing_Frame
01-02 21:06:58.410  7546  7618 I pvaencoder: GetOuput (iEncStatus == AVCENC_PICTURE_READY) -> return EAVCEI_SUCCESS
01-02 21:06:58.410  7546  7618 I System.out: RtpVideoRecorder: captureThread: encodeResult == 0
01-02 21:06:58.410  7546  7618 I System.out: encodedFrame: encodedFrame length435
01-02 21:06:58.430  7546  7618 D RtspVideoRecorder: time = 133618434 videoStartTime = 133618369 encoderTs = 147459 frameData.length152064
01-02 21:06:58.430  7546  7618 I pvaencoder: Encode
01-02 21:06:58.430  7546  7618 I avenc_api: PVAVCEncSetInput
01-02 21:06:58.430  7546  7618 I dbp     : DPBInitBuffer
01-02 21:06:58.430  7546  7618 I dbp     : DPBInitBuffer final return AVC_SUCCESS
01-02 21:06:58.430  7546  7618 I reflist : RefListInit
01-02 21:06:58.440   154  7589 W CameraHardware: unknow focus status: -1
01-02 21:06:58.460  7546  7618 I avenc_api: PVAVCEncSetInput AVCENC_SUCCESS -> enc_state = AVCEnc_Encoding_Frame
01-02 21:06:58.460  7546  7618 I avenc_api: PVAVCEncSetInput return: final status
01-02 21:06:58.460  7546  7618 I pvaencoder: Encode AVCENC_SUCCESS-> return: EAVCEI_SUCCESS
01-02 21:06:58.460  7546  7618 I pvaencoder: GetOuput
01-02 21:06:58.460  7546  7618 I avenc_api: PVAVCEncodeNAL: 5
01-02 21:06:58.460  7546  7618 I avenc_api: PVAVCEncodeNAL: AVCEnc_Encoding_Frame
01-02 21:06:58.470   154  7589 W CameraHardware: unknow focus status: -1
01-02 21:06:58.480  7546  7618 I avenc_api: PVAVCEncodeNAL AVCEnc_Encoding_Frame -> enc_state = AVCEnc_Analyzing_Frame
01-02 21:06:58.480  7546  7618 I pvaencoder: GetOuput (iEncStatus == AVCENC_PICTURE_READY) -> return EAVCEI_SUCCESS
01-02 21:06:58.480  7546  7618 I System.out: RtpVideoRecorder: captureThread: encodeResult == 0
01-02 21:06:58.480  7546  7618 I System.out: encodedFrame: encodedFrame length445
01-02 21:06:58.490  7546  7618 D RtspVideoRecorder: time = 133618499 videoStartTime = 133618434 encoderTs = 147524 frameData.length152064
01-02 21:06:58.490  7546  7618 I pvaencoder: Encode
01-02 21:06:58.490  7546  7618 I avenc_api: PVAVCEncSetInput
01-02 21:06:58.490  7546  7618 I dbp     : DPBInitBuffer
01-02 21:06:58.490  7546  7618 I dbp     : DPBInitBuffer final return AVC_SUCCESS
01-02 21:06:58.490  7546  7618 I reflist : RefListInit
01-02 21:06:58.500   154  7589 W CameraHardware: unknow focus status: -1
01-02 21:06:58.520  7546  7618 I avenc_api: PVAVCEncSetInput AVCENC_SUCCESS -> enc_state = AVCEnc_Encoding_Frame
01-02 21:06:58.520  7546  7618 I avenc_api: PVAVCEncSetInput return: final status
01-02 21:06:58.520  7546  7618 I pvaencoder: Encode AVCENC_SUCCESS-> return: EAVCEI_SUCCESS
01-02 21:06:58.520  7546  7618 I pvaencoder: GetOuput
01-02 21:06:58.520  7546  7618 I avenc_api: PVAVCEncodeNAL: 5
01-02 21:06:58.520  7546  7618 I avenc_api: PVAVCEncodeNAL: AVCEnc_Encoding_Frame
01-02 21:06:58.530   154  7589 W CameraHardware: unknow focus status: -1
01-02 21:06:58.540  7546  7618 I avenc_api: PVAVCEncodeNAL AVCEnc_Encoding_Frame -> enc_state = AVCEnc_Analyzing_Frame
01-02 21:06:58.540  7546  7618 I pvaencoder: GetOuput (iEncStatus == AVCENC_PICTURE_READY) -> return EAVCEI_SUCCESS
01-02 21:06:58.540  7546  7618 I System.out: RtpVideoRecorder: captureThread: encodeResult == 0
01-02 21:06:58.540  7546  7618 I System.out: encodedFrame: encodedFrame length378
01-02 21:06:58.560  7546  7618 D RtspVideoRecorder: time = 133618564 videoStartTime = 133618499 encoderTs = 147589 frameData.length152064
01-02 21:06:58.560  7546  7618 I pvaencoder: Encode
01-02 21:06:58.560  7546  7618 I avenc_api: PVAVCEncSetInput
01-02 21:06:58.560  7546  7618 I dbp     : DPBInitBuffer
01-02 21:06:58.560  7546  7618 I dbp     : DPBInitBuffer final return AVC_SUCCESS
01-02 21:06:58.560  7546  7618 I reflist : RefListInit
01-02 21:06:58.560   154  7589 W CameraHardware: unknow focus status: -1
01-02 21:06:58.590  7546  7618 I avenc_api: PVAVCEncSetInput AVCENC_SUCCESS -> enc_state = AVCEnc_Encoding_Frame
01-02 21:06:58.590  7546  7618 I avenc_api: PVAVCEncSetInput return: final status
01-02 21:06:58.590  7546  7618 I pvaencoder: Encode AVCENC_SUCCESS-> return: EAVCEI_SUCCESS
01-02 21:06:58.590  7546  7618 I pvaencoder: GetOuput
01-02 21:06:58.590  7546  7618 I avenc_api: PVAVCEncodeNAL: 5
01-02 21:06:58.590  7546  7618 I avenc_api: PVAVCEncodeNAL: AVCEnc_Encoding_Frame
01-02 21:06:58.590   154  7589 W CameraHardware: unknow focus status: -1
01-02 21:06:58.610  7546  7618 I avenc_api: PVAVCEncodeNAL AVCEnc_Encoding_Frame -> enc_state = AVCEnc_Analyzing_Frame
01-02 21:06:58.610  7546  7618 I pvaencoder: GetOuput (iEncStatus == AVCENC_PICTURE_READY) -> return EAVCEI_SUCCESS
01-02 21:06:58.610  7546  7618 I System.out: RtpVideoRecorder: captureThread: encodeResult == 0
01-02 21:06:58.610  7546  7618 I System.out: encodedFrame: encodedFrame length952
01-02 21:06:58.620  7546  7618 D RtspVideoRecorder: time = 133618629 videoStartTime = 133618564 encoderTs = 147654 frameData.length152064
01-02 21:06:58.620  7546  7618 I pvaencoder: Encode
01-02 21:06:58.620   154  7589 W CameraHardware: unknow focus status: -1
01-02 21:06:58.620  7546  7618 I avenc_api: PVAVCEncSetInput
01-02 21:06:58.620  7546  7618 I dbp     : DPBInitBuffer
01-02 21:06:58.620  7546  7618 I dbp     : DPBInitBuffer final return AVC_SUCCESS
01-02 21:06:58.620  7546  7618 I reflist : RefListInit
01-02 21:06:58.650  7546  7618 I avenc_api: PVAVCEncSetInput AVCENC_SUCCESS -> enc_state = AVCEnc_Encoding_Frame
01-02 21:06:58.650  7546  7618 I avenc_api: PVAVCEncSetInput return: final status
01-02 21:06:58.650  7546  7618 I pvaencoder: Encode AVCENC_SUCCESS-> return: EAVCEI_SUCCESS
01-02 21:06:58.650  7546  7618 I pvaencoder: GetOuput
01-02 21:06:58.650  7546  7618 I avenc_api: PVAVCEncodeNAL: 5
01-02 21:06:58.650  7546  7618 I avenc_api: PVAVCEncodeNAL: AVCEnc_Encoding_Frame
01-02 21:06:58.650   154  7589 W CameraHardware: unknow focus status: -1
01-02 21:06:58.670  7546  7618 I avenc_api: PVAVCEncodeNAL AVCEnc_Encoding_Frame -> enc_state = AVCEnc_Analyzing_Frame
01-02 21:06:58.670  7546  7618 I pvaencoder: GetOuput (iEncStatus == AVCENC_PICTURE_READY) -> return EAVCEI_SUCCESS
01-02 21:06:58.670  7546  7618 I System.out: RtpVideoRecorder: captureThread: encodeResult == 0
01-02 21:06:58.670  7546  7618 I System.out: encodedFrame: encodedFrame length380
01-02 21:06:58.680   154  7589 W CameraHardware: unknow focus status: -1
01-02 21:06:58.690  7546  7618 D RtspVideoRecorder: time = 133618694 videoStartTime = 133618629 encoderTs = 147719 frameData.length152064
01-02 21:06:58.690  7546  7618 I pvaencoder: Encode
01-02 21:06:58.690  7546  7618 I avenc_api: PVAVCEncSetInput
01-02 21:06:58.690  7546  7618 I dbp     : DPBInitBuffer
01-02 21:06:58.690  7546  7618 I dbp     : DPBInitBuffer final return AVC_SUCCESS
01-02 21:06:58.690  7546  7618 I reflist : RefListInit
01-02 21:06:58.710   154  7589 W CameraHardware: unknow focus status: -1
01-02 21:06:58.720  7546  7618 I avenc_api: PVAVCEncSetInput AVCENC_SUCCESS -> enc_state = AVCEnc_Encoding_Frame
01-02 21:06:58.720  7546  7618 I avenc_api: PVAVCEncSetInput return: final status
01-02 21:06:58.720  7546  7618 I pvaencoder: Encode AVCENC_SUCCESS-> return: EAVCEI_SUCCESS
01-02 21:06:58.720  7546  7618 I pvaencoder: GetOuput
01-02 21:06:58.720  7546  7618 I avenc_api: PVAVCEncodeNAL: 5
01-02 21:06:58.720  7546  7618 I avenc_api: PVAVCEncodeNAL: AVCEnc_Encoding_Frame
01-02 21:06:58.740  7546  7618 I avenc_api: PVAVCEncodeNAL AVCEnc_Encoding_Frame -> enc_state = AVCEnc_Analyzing_Frame
01-02 21:06:58.740  7546  7618 I pvaencoder: GetOuput (iEncStatus == AVCENC_PICTURE_READY) -> return EAVCEI_SUCCESS
01-02 21:06:58.740  7546  7618 I System.out: RtpVideoRecorder: captureThread: encodeResult == 0
01-02 21:06:58.740  7546  7618 I System.out: encodedFrame: encodedFrame length444
01-02 21:06:58.740   154  7589 W CameraHardware: unknow focus status: -1
01-02 21:06:58.750  7546  7618 D RtspVideoRecorder: time = 133618759 videoStartTime = 133618694 encoderTs = 147784 frameData.length152064
01-02 21:06:58.750  7546  7618 I pvaencoder: Encode
01-02 21:06:58.750  7546  7618 I avenc_api: PVAVCEncSetInput
01-02 21:06:58.750  7546  7618 I dbp     : DPBInitBuffer
01-02 21:06:58.750  7546  7618 I dbp     : DPBInitBuffer final return AVC_SUCCESS
01-02 21:06:58.750  7546  7618 I reflist : RefListInit
01-02 21:06:58.770   154  7589 W CameraHardware: unknow focus status: -1
01-02 21:06:58.780  7546  7618 I avenc_api: PVAVCEncSetInput AVCENC_SUCCESS -> enc_state = AVCEnc_Encoding_Frame
01-02 21:06:58.780  7546  7618 I avenc_api: PVAVCEncSetInput return: final status
01-02 21:06:58.780  7546  7618 I pvaencoder: Encode AVCENC_SUCCESS-> return: EAVCEI_SUCCESS
01-02 21:06:58.780  7546  7618 I pvaencoder: GetOuput
01-02 21:06:58.780  7546  7618 I avenc_api: PVAVCEncodeNAL: 5
01-02 21:06:58.780  7546  7618 I avenc_api: PVAVCEncodeNAL: AVCEnc_Encoding_Frame
01-02 21:06:58.800  7546  7618 I avenc_api: PVAVCEncodeNAL AVCEnc_Encoding_Frame -> enc_state = AVCEnc_Analyzing_Frame
01-02 21:06:58.800  7546  7618 I pvaencoder: GetOuput (iEncStatus == AVCENC_PICTURE_READY) -> return EAVCEI_SUCCESS
01-02 21:06:58.800  7546  7618 I System.out: RtpVideoRecorder: captureThread: encodeResult == 0
01-02 21:06:58.800  7546  7618 I System.out: encodedFrame: encodedFrame length495
01-02 21:06:58.800   154  7589 W CameraHardware: unknow focus status: -1
01-02 21:06:58.820  7546  7618 D RtspVideoRecorder: time = 133618825 videoStartTime = 133618759 encoderTs = 147850 frameData.length152064
01-02 21:06:58.820  7546  7618 I pvaencoder: Encode
01-02 21:06:58.820  7546  7618 I avenc_api: PVAVCEncSetInput
01-02 21:06:58.820  7546  7618 I dbp     : DPBInitBuffer
01-02 21:06:58.820  7546  7618 I dbp     : DPBInitBuffer final return AVC_SUCCESS
01-02 21:06:58.820  7546  7618 I reflist : RefListInit
01-02 21:06:58.830   154  7589 W CameraHardware: unknow focus status: -1
01-02 21:06:58.850  7546  7618 I avenc_api: PVAVCEncSetInput AVCENC_SUCCESS -> enc_state = AVCEnc_Encoding_Frame
01-02 21:06:58.850  7546  7618 I avenc_api: PVAVCEncSetInput return: final status
01-02 21:06:58.850  7546  7618 I pvaencoder: Encode AVCENC_SUCCESS-> return: EAVCEI_SUCCESS
01-02 21:06:58.850  7546  7618 I pvaencoder: GetOuput
01-02 21:06:58.850  7546  7618 I avenc_api: PVAVCEncodeNAL: 5
01-02 21:06:58.850  7546  7618 I avenc_api: PVAVCEncodeNAL: AVCEnc_Encoding_Frame
01-02 21:06:58.860   154  7589 W CameraHardware: unknow focus status: -1
01-02 21:06:58.870  7546  7618 I avenc_api: PVAVCEncodeNAL AVCEnc_Encoding_Frame -> enc_state = AVCEnc_Analyzing_Frame
01-02 21:06:58.870  7546  7618 I pvaencoder: GetOuput (iEncStatus == AVCENC_PICTURE_READY) -> return EAVCEI_SUCCESS
01-02 21:06:58.870  7546  7618 I System.out: RtpVideoRecorder: captureThread: encodeResult == 0
01-02 21:06:58.870  7546  7618 I System.out: encodedFrame: encodedFrame length664
01-02 21:06:58.880  7546  7618 D RtspVideoRecorder: time = 133618891 videoStartTime = 133618825 encoderTs = 147916 frameData.length152064
01-02 21:06:58.880  7546  7618 I pvaencoder: Encode
01-02 21:06:58.880  7546  7618 I avenc_api: PVAVCEncSetInput
01-02 21:06:58.880  7546  7618 I dbp     : DPBInitBuffer
01-02 21:06:58.880  7546  7618 I dbp     : DPBInitBuffer final return AVC_SUCCESS
01-02 21:06:58.880  7546  7618 I reflist : RefListInit
01-02 21:06:58.890   154  7589 W CameraHardware: unknow focus status: -1
01-02 21:06:58.910  7546  7618 I avenc_api: PVAVCEncSetInput AVCENC_SUCCESS -> enc_state = AVCEnc_Encoding_Frame
01-02 21:06:58.910  7546  7618 I avenc_api: PVAVCEncSetInput return: final status
01-02 21:06:58.910  7546  7618 I pvaencoder: Encode AVCENC_SUCCESS-> return: EAVCEI_SUCCESS
01-02 21:06:58.910  7546  7618 I pvaencoder: GetOuput
01-02 21:06:58.910  7546  7618 I avenc_api: PVAVCEncodeNAL: 5
01-02 21:06:58.910  7546  7618 I avenc_api: PVAVCEncodeNAL: AVCEnc_Encoding_Frame
01-02 21:06:58.920   154  7589 W CameraHardware: unknow focus status: -1
01-02 21:06:58.930  7546  7618 I avenc_api: PVAVCEncodeNAL AVCEnc_Encoding_Frame -> enc_state = AVCEnc_Analyzing_Frame
01-02 21:06:58.930  7546  7618 I pvaencoder: GetOuput (iEncStatus == AVCENC_PICTURE_READY) -> return EAVCEI_SUCCESS
01-02 21:06:58.950   154  7589 W CameraHardware: unknow focus status: -1
01-02 21:06:58.980   154  7589 W CameraHardware: unknow focus status: -1
01-02 21:06:59.010   154  7589 W CameraHardware: unknow focus status: -1
01-02 21:06:59.040   154  7589 W CameraHardware: unknow focus status: -1
01-02 21:06:59.070   154  7589 W CameraHardware: unknow focus status: -1
01-02 21:06:59.100   154  7589 W CameraHardware: unknow focus status: -1
01-02 21:06:59.130   154  7589 W CameraHardware: unknow focus status: -1
01-02 21:06:59.160   154  7589 W CameraHardware: unknow focus status: -1
01-02 21:06:59.180  7546  7557 D dalvikvm: JIT unchain all for threadid=12
01-02 21:06:59.200   154  7589 W CameraHardware: unknow focus status: -1
01-02 21:06:59.200  7546  7557 D dalvikvm: GC_FOR_ALLOC freed 1745K, 45% free 3826K/6848K, paused 263ms, total 263ms
01-02 21:06:59.210  7546  7618 I System.out: RtpVideoRecorder: captureThread: encodeResult == 0
01-02 21:06:59.210  7546  7618 I System.out: encodedFrame: encodedFrame length382
01-02 21:06:59.210  7546  7618 D RtspVideoRecorder: time = 133619219 videoStartTime = 133618891 encoderTs = 148244 frameData.length152064
01-02 21:06:59.220  7546  7618 I pvaencoder: Encode
01-02 21:06:59.220  7546  7618 I avenc_api: PVAVCEncSetInput
01-02 21:06:59.220  7546  7618 I dbp     : DPBInitBuffer
01-02 21:06:59.220  7546  7618 I dbp     : DPBInitBuffer final return AVC_SUCCESS
01-02 21:06:59.220  7546  7618 I reflist : RefListInit
01-02 21:06:59.230   154  7589 W CameraHardware: unknow focus status: -1
01-02 21:06:59.250  7546  7618 I avenc_api: PVAVCEncSetInput AVCENC_SUCCESS -> enc_state = AVCEnc_Encoding_Frame
01-02 21:06:59.250  7546  7618 I avenc_api: PVAVCEncSetInput return: final status
01-02 21:06:59.250  7546  7618 I pvaencoder: Encode AVCENC_SUCCESS-> return: EAVCEI_SUCCESS
01-02 21:06:59.250  7546  7618 I pvaencoder: GetOuput
01-02 21:06:59.250  7546  7618 I avenc_api: PVAVCEncodeNAL: 5
01-02 21:06:59.250  7546  7618 I avenc_api: PVAVCEncodeNAL: AVCEnc_Encoding_Frame
01-02 21:06:59.260   154  7589 W CameraHardware: unknow focus status: -1
01-02 21:06:59.270  7546  7618 I avenc_api: PVAVCEncodeNAL AVCEnc_Encoding_Frame -> enc_state = AVCEnc_Analyzing_Frame
01-02 21:06:59.270  7546  7618 I pvaencoder: GetOuput (iEncStatus == AVCENC_PICTURE_READY) -> return EAVCEI_SUCCESS
01-02 21:06:59.270  7546  7618 I System.out: RtpVideoRecorder: captureThread: encodeResult == 0
01-02 21:06:59.270  7546  7618 I System.out: encodedFrame: encodedFrame length823
01-02 21:06:59.280  7546  7618 D RtspVideoRecorder: time = 133619286 videoStartTime = 133619219 encoderTs = 148311 frameData.length152064
01-02 21:06:59.280  7546  7618 I pvaencoder: Encode
01-02 21:06:59.280  7546  7618 I avenc_api: PVAVCEncSetInput
01-02 21:06:59.280  7546  7618 I dbp     : DPBInitBuffer
01-02 21:06:59.280  7546  7618 I dbp     : DPBInitBuffer final return AVC_SUCCESS
01-02 21:06:59.280  7546  7618 I reflist : RefListInit
01-02 21:06:59.290   154  7589 W CameraHardware: unknow focus status: -1
01-02 21:06:59.310  7546  7618 I avenc_api: PVAVCEncSetInput AVCENC_SUCCESS -> enc_state = AVCEnc_Encoding_Frame
01-02 21:06:59.310  7546  7618 I avenc_api: PVAVCEncSetInput return: final status
01-02 21:06:59.310  7546  7618 I pvaencoder: Encode AVCENC_SUCCESS-> return: EAVCEI_SUCCESS
01-02 21:06:59.310  7546  7618 I pvaencoder: GetOuput
01-02 21:06:59.310  7546  7618 I avenc_api: PVAVCEncodeNAL: 5
01-02 21:06:59.310  7546  7618 I avenc_api: PVAVCEncodeNAL: AVCEnc_Encoding_Frame
01-02 21:06:59.320   154  7589 W CameraHardware: unknow focus status: -1
01-02 21:06:59.330  7546  7618 I avenc_api: PVAVCEncodeNAL AVCEnc_Encoding_Frame -> enc_state = AVCEnc_Analyzing_Frame
01-02 21:06:59.330  7546  7618 I pvaencoder: GetOuput (iEncStatus == AVCENC_PICTURE_READY) -> return EAVCEI_SUCCESS
01-02 21:06:59.330  7546  7618 I System.out: RtpVideoRecorder: captureThread: encodeResult == 0
01-02 21:06:59.330  7546  7618 I System.out: encodedFrame: encodedFrame length667
01-02 21:06:59.340  7546  7618 D RtspVideoRecorder: time = 133619351 videoStartTime = 133619286 encoderTs = 148376 frameData.length152064
01-02 21:06:59.340  7546  7618 I pvaencoder: Encode
01-02 21:06:59.340  7546  7618 I avenc_api: PVAVCEncSetInput
01-02 21:06:59.340  7546  7618 I dbp     : DPBInitBuffer
01-02 21:06:59.340  7546  7618 I dbp     : DPBInitBuffer final return AVC_SUCCESS
01-02 21:06:59.340  7546  7618 I reflist : RefListInit
01-02 21:06:59.350   154  7589 W CameraHardware: unknow focus status: -1
01-02 21:06:59.370  7546  7618 I avenc_api: PVAVCEncSetInput AVCENC_SUCCESS -> enc_state = AVCEnc_Encoding_Frame
01-02 21:06:59.370  7546  7618 I avenc_api: PVAVCEncSetInput return: final status
01-02 21:06:59.370  7546  7618 I pvaencoder: Encode AVCENC_SUCCESS-> return: EAVCEI_SUCCESS
01-02 21:06:59.370  7546  7618 I pvaencoder: GetOuput
01-02 21:06:59.370  7546  7618 I avenc_api: PVAVCEncodeNAL: 5
01-02 21:06:59.370  7546  7618 I avenc_api: PVAVCEncodeNAL: AVCEnc_Encoding_Frame
01-02 21:06:59.380   154  7589 W CameraHardware: unknow focus status: -1
01-02 21:06:59.390  7546  7618 I avenc_api: PVAVCEncodeNAL AVCEnc_Encoding_Frame -> enc_state = AVCEnc_Analyzing_Frame
01-02 21:06:59.390  7546  7618 I pvaencoder: GetOuput (iEncStatus == AVCENC_PICTURE_READY) -> return EAVCEI_SUCCESS
01-02 21:06:59.390  7546  7618 I System.out: RtpVideoRecorder: captureThread: encodeResult == 0
01-02 21:06:59.390  7546  7618 I System.out: encodedFrame: encodedFrame length821
01-02 21:06:59.400  7546  7617 W System.err: java.net.SocketException: sendto failed: ECONNREFUSED (Connection refused)
01-02 21:06:59.400  7546  7617 W System.err: 	at libcore.io.IoBridge.maybeThrowAfterSendto(IoBridge.java:499)
01-02 21:06:59.400  7546  7617 W System.err: 	at libcore.io.IoBridge.sendto(IoBridge.java:468)
01-02 21:06:59.400  7546  7617 W System.err: 	at java.net.PlainDatagramSocketImpl.send(PlainDatagramSocketImpl.java:182)
01-02 21:06:59.400  7546  7617 W System.err: 	at java.net.DatagramSocket.send(DatagramSocket.java:281)
01-02 21:06:59.400  7546  7617 W System.err: 	at de.kp.net.rtp.RtpSocket.send(RtpSocket.java:128)
01-02 21:06:59.400  7546  7617 W System.err: 	at de.kp.net.rtp.RtpSender.send(RtpSender.java:79)
01-02 21:06:59.400  7546  7617 W System.err: 	at de.kp.net.rtp.stream.RtpOutputStream.transmit(RtpOutputStream.java:146)
01-02 21:06:59.400  7546  7617 W System.err: 	at de.kp.net.rtp.stream.RtpOutputStream.write(RtpOutputStream.java:86)
01-02 21:06:59.400  7546  7617 W System.err: 	at com.orangelabs.core.ims.protocol.rtp.CodecChain.doProcess(CodecChain.java:99)
01-02 21:06:59.400  7546  7617 W System.err: 	at com.orangelabs.core.ims.protocol.rtp.CodecChain.process(CodecChain.java:84)
01-02 21:06:59.400  7546  7617 W System.err: 	at com.orangelabs.core.ims.protocol.rtp.Processor.run(Processor.java:149)
01-02 21:06:59.400  7546  7617 W System.err: Caused by: libcore.io.ErrnoException: sendto failed: ECONNREFUSED (Connection refused)
01-02 21:06:59.400  7546  7617 W System.err: 	at libcore.io.Posix.sendtoBytes(Native Method)
01-02 21:06:59.400  7546  7617 W System.err: 	at libcore.io.Posix.sendto(Posix.java:156)
01-02 21:06:59.400  7546  7617 W System.err: 	at libcore.io.BlockGuardOs.sendto(BlockGuardOs.java:177)
01-02 21:06:59.400  7546  7617 W System.err: 	at libcore.io.IoBridge.sendto(IoBridge.java:466)
01-02 21:06:59.400  7546  7617 W System.err: 	... 9 more
01-02 21:06:59.400  7546  7617 E [RCS][RtpOutputStream]: Can't broadcast the RTP packet
01-02 21:06:59.400  7546  7617 W System.err: java.net.SocketException: sendto failed: ECONNREFUSED (Connection refused)
01-02 21:06:59.400  7546  7617 W System.err: 	at libcore.io.IoBridge.maybeThrowAfterSendto(IoBridge.java:499)
01-02 21:06:59.400  7546  7617 W System.err: 	at libcore.io.IoBridge.sendto(IoBridge.java:468)
01-02 21:06:59.400  7546  7617 W System.err: 	at java.net.PlainDatagramSocketImpl.send(PlainDatagramSocketImpl.java:182)
01-02 21:06:59.400  7546  7617 W System.err: 	at java.net.DatagramSocket.send(DatagramSocket.java:281)
01-02 21:06:59.400  7546  7617 W System.err: 	at de.kp.net.rtp.RtpSocket.send(RtpSocket.java:128)
01-02 21:06:59.400  7546  7617 W System.err: 	at de.kp.net.rtp.RtpSender.send(RtpSender.java:79)
01-02 21:06:59.400  7546  7617 W System.err: 	at de.kp.net.rtp.stream.RtpOutputStream.transmit(RtpOutputStream.java:146)
01-02 21:06:59.400  7546  7617 W System.err: 	at de.kp.net.rtp.stream.RtpOutputStream.write(RtpOutputStream.java:86)
01-02 21:06:59.400  7546  7617 W System.err: 	at com.orangelabs.core.ims.protocol.rtp.CodecChain.doProcess(CodecChain.java:99)
01-02 21:06:59.400  7546  7617 W System.err: 	at com.orangelabs.core.ims.protocol.rtp.CodecChain.process(CodecChain.java:84)
01-02 21:06:59.400  7546  7617 W System.err: 	at com.orangelabs.core.ims.protocol.rtp.Processor.run(Processor.java:149)
01-02 21:06:59.400  7546  7617 W System.err: Caused by: libcore.io.ErrnoException: sendto failed: ECONNREFUSED (Connection refused)
01-02 21:06:59.400  7546  7617 W System.err: 	at libcore.io.Posix.sendtoBytes(Native Method)
01-02 21:06:59.400  7546  7617 W System.err: 	at libcore.io.Posix.sendto(Posix.java:156)
01-02 21:06:59.400  7546  7617 W System.err: 	at libcore.io.BlockGuardOs.sendto(BlockGuardOs.java:177)
01-02 21:06:59.400  7546  7617 W System.err: 	at libcore.io.IoBridge.sendto(IoBridge.java:466)
01-02 21:06:59.400  7546  7617 W System.err: 	... 9 more
01-02 21:06:59.410   154  7589 W CameraHardware: unknow focus status: -1
01-02 21:06:59.410  7546  7618 D RtspVideoRecorder: time = 133619417 videoStartTime = 133619351 encoderTs = 148442 frameData.length152064
01-02 21:06:59.410  7546  7618 I pvaencoder: Encode
01-02 21:06:59.410  7546  7618 I avenc_api: PVAVCEncSetInput
01-02 21:06:59.410  7546  7618 I dbp     : DPBInitBuffer
01-02 21:06:59.410  7546  7618 I dbp     : DPBInitBuffer final return AVC_SUCCESS
01-02 21:06:59.410  7546  7618 I reflist : RefListInit
01-02 21:06:59.440  7546  7618 I avenc_api: PVAVCEncSetInput AVCENC_SUCCESS -> enc_state = AVCEnc_Encoding_Frame
01-02 21:06:59.440  7546  7618 I avenc_api: PVAVCEncSetInput return: final status
01-02 21:06:59.440  7546  7618 I pvaencoder: Encode AVCENC_SUCCESS-> return: EAVCEI_SUCCESS
01-02 21:06:59.440  7546  7618 I pvaencoder: GetOuput
01-02 21:06:59.440  7546  7618 I avenc_api: PVAVCEncodeNAL: 5
01-02 21:06:59.440  7546  7618 I avenc_api: PVAVCEncodeNAL: AVCEnc_Encoding_Frame
01-02 21:06:59.440   154  7589 W CameraHardware: unknow focus status: -1
01-02 21:06:59.460  7546  7618 I avenc_api: PVAVCEncodeNAL AVCEnc_Encoding_Frame -> enc_state = AVCEnc_Analyzing_Frame
01-02 21:06:59.460  7546  7618 I pvaencoder: GetOuput (iEncStatus == AVCENC_PICTURE_READY) -> return EAVCEI_SUCCESS
01-02 21:06:59.460  7546  7618 I System.out: RtpVideoRecorder: captureThread: encodeResult == 0
01-02 21:06:59.460  7546  7618 I System.out: encodedFrame: encodedFrame length298
01-02 21:06:59.470   154  7589 W CameraHardware: unknow focus status: -1
01-02 21:06:59.470  7546  7618 D RtspVideoRecorder: time = 133619482 videoStartTime = 133619417 encoderTs = 148507 frameData.length152064
01-02 21:06:59.470  7546  7618 I pvaencoder: Encode
01-02 21:06:59.470  7546  7618 I avenc_api: PVAVCEncSetInput
01-02 21:06:59.470  7546  7618 I dbp     : DPBInitBuffer
01-02 21:06:59.470  7546  7618 I dbp     : DPBInitBuffer final return AVC_SUCCESS
01-02 21:06:59.470  7546  7618 I reflist : RefListInit
01-02 21:06:59.500   154  7589 W CameraHardware: unknow focus status: -1
01-02 21:06:59.500  7546  7618 I avenc_api: PVAVCEncSetInput AVCENC_SUCCESS -> enc_state = AVCEnc_Encoding_Frame
01-02 21:06:59.500  7546  7618 I avenc_api: PVAVCEncSetInput return: final status
01-02 21:06:59.500  7546  7618 I pvaencoder: Encode AVCENC_SUCCESS-> return: EAVCEI_SUCCESS
01-02 21:06:59.500  7546  7618 I pvaencoder: GetOuput
01-02 21:06:59.500  7546  7618 I avenc_api: PVAVCEncodeNAL: 5
01-02 21:06:59.500  7546  7618 I avenc_api: PVAVCEncodeNAL: AVCEnc_Encoding_Frame
01-02 21:06:59.520  7546  7618 I avenc_api: PVAVCEncodeNAL AVCEnc_Encoding_Frame -> enc_state = AVCEnc_Analyzing_Frame
01-02 21:06:59.520  7546  7618 I pvaencoder: GetOuput (iEncStatus == AVCENC_PICTURE_READY) -> return EAVCEI_SUCCESS
01-02 21:06:59.520  7546  7618 I System.out: RtpVideoRecorder: captureThread: encodeResult == 0
01-02 21:06:59.520  7546  7618 I System.out: encodedFrame: encodedFrame length533
01-02 21:06:59.530   154  7589 W CameraHardware: unknow focus status: -1
01-02 21:06:59.540  7546  7618 D RtspVideoRecorder: time = 133619547 videoStartTime = 133619482 encoderTs = 148572 frameData.length152064
01-02 21:06:59.540  7546  7618 I pvaencoder: Encode
01-02 21:06:59.540  7546  7618 I avenc_api: PVAVCEncSetInput
01-02 21:06:59.540  7546  7618 I dbp     : DPBInitBuffer
01-02 21:06:59.540  7546  7618 I dbp     : DPBInitBuffer final return AVC_SUCCESS
01-02 21:06:59.540  7546  7618 I reflist : RefListInit
01-02 21:06:59.560   154  7589 W CameraHardware: unknow focus status: -1
01-02 21:06:59.570  7546  7618 I avenc_api: PVAVCEncSetInput AVCENC_SUCCESS -> enc_state = AVCEnc_Encoding_Frame
01-02 21:06:59.570  7546  7618 I avenc_api: PVAVCEncSetInput return: final status
01-02 21:06:59.570  7546  7618 I pvaencoder: Encode AVCENC_SUCCESS-> return: EAVCEI_SUCCESS
01-02 21:06:59.570  7546  7618 I pvaencoder: GetOuput
01-02 21:06:59.570  7546  7618 I avenc_api: PVAVCEncodeNAL: 5
01-02 21:06:59.570  7546  7618 I avenc_api: PVAVCEncodeNAL: AVCEnc_Encoding_Frame
01-02 21:06:59.590   154  7589 W CameraHardware: unknow focus status: -1
01-02 21:06:59.590  7546  7618 I avenc_api: PVAVCEncodeNAL AVCEnc_Encoding_Frame -> enc_state = AVCEnc_Analyzing_Frame
01-02 21:06:59.590  7546  7618 I pvaencoder: GetOuput (iEncStatus == AVCENC_PICTURE_READY) -> return EAVCEI_SUCCESS
01-02 21:06:59.590  7546  7618 I System.out: RtpVideoRecorder: captureThread: encodeResult == 0
01-02 21:06:59.590  7546  7618 I System.out: encodedFrame: encodedFrame length419
01-02 21:06:59.600  7546  7618 D RtspVideoRecorder: time = 133619612 videoStartTime = 133619547 encoderTs = 148637 frameData.length152064
01-02 21:06:59.600  7546  7618 I pvaencoder: Encode
01-02 21:06:59.600  7546  7618 I avenc_api: PVAVCEncSetInput
01-02 21:06:59.600  7546  7618 I dbp     : DPBInitBuffer
01-02 21:06:59.610  7546  7618 I dbp     : DPBInitBuffer final return AVC_SUCCESS
01-02 21:06:59.610  7546  7618 I reflist : RefListInit
01-02 21:06:59.620   154  7589 W CameraHardware: unknow focus status: -1
01-02 21:06:59.640  7546  7618 I avenc_api: PVAVCEncSetInput AVCENC_SUCCESS -> enc_state = AVCEnc_Encoding_Frame
01-02 21:06:59.640  7546  7618 I avenc_api: PVAVCEncSetInput return: final status
01-02 21:06:59.640  7546  7618 I pvaencoder: Encode AVCENC_SUCCESS-> return: EAVCEI_SUCCESS
01-02 21:06:59.640  7546  7618 I pvaencoder: GetOuput
01-02 21:06:59.640  7546  7618 I avenc_api: PVAVCEncodeNAL: 5
01-02 21:06:59.640  7546  7618 I avenc_api: PVAVCEncodeNAL: AVCEnc_Encoding_Frame
01-02 21:06:59.650   154  7589 W CameraHardware: unknow focus status: -1
01-02 21:06:59.660  7546  7618 I avenc_api: PVAVCEncodeNAL AVCEnc_Encoding_Frame -> enc_state = AVCEnc_Analyzing_Frame
01-02 21:06:59.660  7546  7618 I pvaencoder: GetOuput (iEncStatus == AVCENC_PICTURE_READY) -> return EAVCEI_SUCCESS
01-02 21:06:59.660  7546  7618 I System.out: RtpVideoRecorder: captureThread: encodeResult == 0
01-02 21:06:59.660  7546  7618 I System.out: encodedFrame: encodedFrame length644
01-02 21:06:59.670  7546  7618 D RtspVideoRecorder: time = 133619678 videoStartTime = 133619612 encoderTs = 148703 frameData.length152064
01-02 21:06:59.670  7546  7618 I pvaencoder: Encode
01-02 21:06:59.670  7546  7618 I avenc_api: PVAVCEncSetInput
01-02 21:06:59.670  7546  7618 I dbp     : DPBInitBuffer
01-02 21:06:59.670  7546  7618 I dbp     : DPBInitBuffer final return AVC_SUCCESS
01-02 21:06:59.670  7546  7618 I reflist : RefListInit
01-02 21:06:59.680   154  7589 W CameraHardware: unknow focus status: -1
01-02 21:06:59.710  7546  7618 I avenc_api: PVAVCEncSetInput AVCENC_SUCCESS -> enc_state = AVCEnc_Encoding_Frame
01-02 21:06:59.710  7546  7618 I avenc_api: PVAVCEncSetInput return: final status
01-02 21:06:59.710  7546  7618 I pvaencoder: Encode AVCENC_SUCCESS-> return: EAVCEI_SUCCESS
01-02 21:06:59.710  7546  7618 I pvaencoder: GetOuput
01-02 21:06:59.710  7546  7618 I avenc_api: PVAVCEncodeNAL: 5
01-02 21:06:59.710  7546  7618 I avenc_api: PVAVCEncodeNAL: AVCEnc_Encoding_Frame
01-02 21:06:59.710   154  7589 W CameraHardware: unknow focus status: -1
01-02 21:06:59.730  7546  7618 I avenc_api: PVAVCEncodeNAL AVCEnc_Encoding_Frame -> enc_state = AVCEnc_Analyzing_Frame
01-02 21:06:59.730  7546  7618 I pvaencoder: GetOuput (iEncStatus == AVCENC_PICTURE_READY) -> return EAVCEI_SUCCESS
01-02 21:06:59.730  7546  7618 I System.out: RtpVideoRecorder: captureThread: encodeResult == 0
01-02 21:06:59.730  7546  7618 I System.out: encodedFrame: encodedFrame length254
01-02 21:06:59.740  7546  7618 D RtspVideoRecorder: time = 133619744 videoStartTime = 133619678 encoderTs = 148769 frameData.length152064
01-02 21:06:59.740  7546  7618 I pvaencoder: Encode
01-02 21:06:59.740  7546  7618 I avenc_api: PVAVCEncSetInput
01-02 21:06:59.740  7546  7618 I dbp     : DPBInitBuffer
01-02 21:06:59.740  7546  7618 I dbp     : DPBInitBuffer final return AVC_SUCCESS
01-02 21:06:59.740  7546  7618 I reflist : RefListInit
01-02 21:06:59.740   154  7589 W CameraHardware: unknow focus status: -1
01-02 21:06:59.770  7546  7618 I avenc_api: PVAVCEncSetInput AVCENC_SUCCESS -> enc_state = AVCEnc_Encoding_Frame
01-02 21:06:59.770  7546  7618 I avenc_api: PVAVCEncSetInput return: final status
01-02 21:06:59.770  7546  7618 I pvaencoder: Encode AVCENC_SUCCESS-> return: EAVCEI_SUCCESS
01-02 21:06:59.770  7546  7618 I pvaencoder: GetOuput
01-02 21:06:59.770  7546  7618 I avenc_api: PVAVCEncodeNAL: 5
01-02 21:06:59.770  7546  7618 I avenc_api: PVAVCEncodeNAL: AVCEnc_Encoding_Frame
01-02 21:06:59.770   154  7589 W CameraHardware: unknow focus status: -1
01-02 21:06:59.790  7546  7618 I avenc_api: PVAVCEncodeNAL AVCEnc_Encoding_Frame -> enc_state = AVCEnc_Analyzing_Frame
01-02 21:06:59.790  7546  7618 I pvaencoder: GetOuput (iEncStatus == AVCENC_PICTURE_READY) -> return EAVCEI_SUCCESS
01-02 21:06:59.790  7546  7618 I System.out: RtpVideoRecorder: captureThread: encodeResult == 0
01-02 21:06:59.790  7546  7618 I System.out: encodedFrame: encodedFrame length392
01-02 21:06:59.800  7546  7618 D RtspVideoRecorder: time = 133619809 videoStartTime = 133619744 encoderTs = 148834 frameData.length152064
01-02 21:06:59.800   154  7589 W CameraHardware: unknow focus status: -1
01-02 21:06:59.800  7546  7618 I pvaencoder: Encode
01-02 21:06:59.800  7546  7618 I avenc_api: PVAVCEncSetInput
01-02 21:06:59.800  7546  7618 I dbp     : AVCConfigureSequence
01-02 21:06:59.800  7546  7618 I dbp     : DPBInitBuffer
01-02 21:06:59.800  7546  7618 I dbp     : DPBInitBuffer final return AVC_SUCCESS
01-02 21:06:59.800  7546  7618 I reflist : RefListInit
01-02 21:06:59.800  7546  7618 I avenc_api: PVAVCEncSetInput AVCENC_NEW_IDR -> enc_state = AVCEnc_Encoding_SPS
01-02 21:06:59.800  7546  7618 I avenc_api: PVAVCEncSetInput return: final status
01-02 21:06:59.800  7546  7618 I pvaencoder: Encode AVCENC_NEW_IDR-> return: EAVCEI_SUCCESS
01-02 21:06:59.800  7546  7618 I pvaencoder: GetOuput
01-02 21:06:59.800  7546  7618 I avenc_api: PVAVCEncodeNAL: 1
01-02 21:06:59.800  7546  7618 I avenc_api: PVAVCEncodeNAL: AVCEnc_Encoding_SPS
01-02 21:06:59.800  7546  7618 I avenc_api: PVAVCEncodeNAL AVCEnc_Encoding_SPS -> enc_state = AVCEnc_Encoding_PPS
01-02 21:06:59.800  7546  7618 I pvaencoder: GetOuput (iEncStatus == AVCENC_SUCCESS) -> return EAVCEI_MORE_NAL
01-02 21:06:59.800  7546  7618 I System.out: RtpVideoRecorder: captureThread: encodeResult == 6
01-02 21:06:59.800  7546  7618 I System.out: RtpVideoRecorder: captureThread: Status == EAVCEI_MORE_NAL
01-02 21:06:59.800  7546  7618 I System.out: encodedFrame: encodedFrame length9
01-02 21:06:59.830   154  7589 W CameraHardware: unknow focus status: -1
01-02 21:06:59.860  7546  7618 D RtspVideoRecorder: time = 133619869 videoStartTime = 133619809 encoderTs = 148894 frameData.length152064
01-02 21:06:59.860  7546  7618 I NativeEnc: Skiped encoding
01-02 21:06:59.860  7546  7618 I pvaencoder: GetOuput
01-02 21:06:59.860  7546  7618 I avenc_api: PVAVCEncodeNAL: 2
01-02 21:06:59.860  7546  7618 I avenc_api: PVAVCEncodeNAL: AVCEnc_Encoding_PPS
01-02 21:06:59.860  7546  7618 I avenc_api: PVAVCEncodeNAL AVCEnc_Encoding_PPS -> enc_state = AVCEnc_Encoding_Frame
01-02 21:06:59.860  7546  7618 I pvaencoder: GetOuput (iEncStatus == AVCENC_SUCCESS) -> return EAVCEI_MORE_NAL
01-02 21:06:59.860  7546  7618 I System.out: RtpVideoRecorder: captureThread: encodeResult == 6
01-02 21:06:59.860  7546  7618 I System.out: RtpVideoRecorder: captureThread: Status == EAVCEI_MORE_NAL
01-02 21:06:59.860  7546  7618 I System.out: encodedFrame: encodedFrame length5
01-02 21:06:59.860   154  7589 W CameraHardware: unknow focus status: -1
01-02 21:06:59.890   154  7589 W CameraHardware: unknow focus status: -1
01-02 21:06:59.920  7546  7618 D RtspVideoRecorder: time = 133619929 videoStartTime = 133619869 encoderTs = 148954 frameData.length152064
01-02 21:06:59.920  7546  7618 I NativeEnc: Skiped encoding
01-02 21:06:59.920  7546  7618 I pvaencoder: GetOuput
01-02 21:06:59.920  7546  7618 I avenc_api: PVAVCEncodeNAL: 5
01-02 21:06:59.920  7546  7618 I avenc_api: PVAVCEncodeNAL: AVCEnc_Encoding_Frame
01-02 21:06:59.920   154  7589 W CameraHardware: unknow focus status: -1
01-02 21:06:59.950   154  7589 W CameraHardware: unknow focus status: -1
01-02 21:06:59.980  7546  7618 I avenc_api: PVAVCEncodeNAL AVCEnc_Encoding_Frame -> enc_state = AVCEnc_Analyzing_Frame
01-02 21:06:59.980  7546  7618 I pvaencoder: GetOuput (iEncStatus == AVCENC_PICTURE_READY) -> return EAVCEI_SUCCESS
01-02 21:06:59.980  7546  7618 I System.out: RtpVideoRecorder: captureThread: encodeResult == 0
01-02 21:06:59.980  7546  7618 I System.out: encodedFrame: encodedFrame length1639
01-02 21:06:59.980   154  7589 W CameraHardware: unknow focus status: -1
01-02 21:06:59.990  7546  7618 D RtspVideoRecorder: time = 133619995 videoStartTime = 133619929 encoderTs = 149020 frameData.length152064
01-02 21:06:59.990  7546  7618 I pvaencoder: Encode
01-02 21:06:59.990  7546  7618 I avenc_api: PVAVCEncSetInput
01-02 21:06:59.990  7546  7618 I dbp     : DPBInitBuffer
01-02 21:06:59.990  7546  7618 I dbp     : DPBInitBuffer final return AVC_SUCCESS
01-02 21:06:59.990  7546  7618 I reflist : RefListInit
01-02 21:07:00.010   154  7589 W CameraHardware: unknow focus status: -1
01-02 21:07:00.030  7546  7618 I avenc_api: PVAVCEncSetInput AVCENC_SUCCESS -> enc_state = AVCEnc_Encoding_Frame
01-02 21:07:00.030  7546  7618 I avenc_api: PVAVCEncSetInput return: final status
01-02 21:07:00.030  7546  7618 I pvaencoder: Encode AVCENC_SUCCESS-> return: EAVCEI_SUCCESS
01-02 21:07:00.030  7546  7618 I pvaencoder: GetOuput
01-02 21:07:00.030  7546  7618 I avenc_api: PVAVCEncodeNAL: 5
01-02 21:07:00.030  7546  7618 I avenc_api: PVAVCEncodeNAL: AVCEnc_Encoding_Frame
01-02 21:07:00.040   154  7589 W CameraHardware: unknow focus status: -1
01-02 21:07:00.060  7546  7618 I avenc_api: PVAVCEncodeNAL AVCEnc_Encoding_Frame -> enc_state = AVCEnc_Analyzing_Frame
01-02 21:07:00.060  7546  7618 I pvaencoder: GetOuput (iEncStatus == AVCENC_PICTURE_READY) -> return EAVCEI_SUCCESS
01-02 21:07:00.060  7546  7618 I System.out: RtpVideoRecorder: captureThread: encodeResult == 0
01-02 21:07:00.060  7546  7618 I System.out: encodedFrame: encodedFrame length755
01-02 21:07:00.060  7546  7618 D RtspVideoRecorder: time = 133620065 videoStartTime = 133619995 encoderTs = 149090 frameData.length152064
01-02 21:07:00.060  7546  7618 I pvaencoder: Encode
01-02 21:07:00.060  7546  7618 I avenc_api: PVAVCEncSetInput
01-02 21:07:00.060  7546  7618 I dbp     : DPBInitBuffer
01-02 21:07:00.060  7546  7618 I dbp     : DPBInitBuffer final return AVC_SUCCESS
01-02 21:07:00.060  7546  7618 I reflist : RefListInit
01-02 21:07:00.070   154  7589 W CameraHardware: unknow focus status: -1
01-02 21:07:00.090  7546  7618 I avenc_api: PVAVCEncSetInput AVCENC_SUCCESS -> enc_state = AVCEnc_Encoding_Frame
01-02 21:07:00.090  7546  7618 I avenc_api: PVAVCEncSetInput return: final status
01-02 21:07:00.090  7546  7618 I pvaencoder: Encode AVCENC_SUCCESS-> return: EAVCEI_SUCCESS
01-02 21:07:00.090  7546  7618 I pvaencoder: GetOuput
01-02 21:07:00.090  7546  7618 I avenc_api: PVAVCEncodeNAL: 5
01-02 21:07:00.090  7546  7618 I avenc_api: PVAVCEncodeNAL: AVCEnc_Encoding_Frame
01-02 21:07:00.100   154  7589 W CameraHardware: unknow focus status: -1
01-02 21:07:00.110  7546  7618 I avenc_api: PVAVCEncodeNAL AVCEnc_Encoding_Frame -> enc_state = AVCEnc_Analyzing_Frame
01-02 21:07:00.110  7546  7618 I pvaencoder: GetOuput (iEncStatus == AVCENC_PICTURE_READY) -> return EAVCEI_SUCCESS
01-02 21:07:00.110  7546  7618 I System.out: RtpVideoRecorder: captureThread: encodeResult == 0
01-02 21:07:00.110  7546  7618 I System.out: encodedFrame: encodedFrame length354
01-02 21:07:00.120  7546  7618 D RtspVideoRecorder: time = 133620130 videoStartTime = 133620065 encoderTs = 149155 frameData.length152064
01-02 21:07:00.120  7546  7618 I pvaencoder: Encode
01-02 21:07:00.120  7546  7618 I avenc_api: PVAVCEncSetInput
01-02 21:07:00.120  7546  7618 I dbp     : DPBInitBuffer
01-02 21:07:00.120  7546  7618 I dbp     : DPBInitBuffer final return AVC_SUCCESS
01-02 21:07:00.120  7546  7618 I reflist : RefListInit
01-02 21:07:00.130   154  7589 W CameraHardware: unknow focus status: -1
01-02 21:07:00.150  7546  7618 I avenc_api: PVAVCEncSetInput AVCENC_SUCCESS -> enc_state = AVCEnc_Encoding_Frame
01-02 21:07:00.150  7546  7618 I avenc_api: PVAVCEncSetInput return: final status
01-02 21:07:00.150  7546  7618 I pvaencoder: Encode AVCENC_SUCCESS-> return: EAVCEI_SUCCESS
01-02 21:07:00.150  7546  7618 I pvaencoder: GetOuput
01-02 21:07:00.150  7546  7618 I avenc_api: PVAVCEncodeNAL: 5
