01-02 21:07:04.440  7546  7617 W System.err: 	at de.kp.net.rtp.stream.RtpOutputStream.transmit(RtpOutputStream.java:146)
01-02 21:07:04.440  7546  7617 W System.err: 	at de.kp.net.rtp.stream.RtpOutputStream.write(RtpOutputStream.java:86)
01-02 21:07:04.440  7546  7617 W System.err: 	at com.orangelabs.core.ims.protocol.rtp.CodecChain.doProcess(CodecChain.java:99)
01-02 21:07:04.440  7546  7617 W System.err: 	at com.orangelabs.core.ims.protocol.rtp.CodecChain.process(CodecChain.java:84)
01-02 21:07:04.440  7546  7617 W System.err: 	at com.orangelabs.core.ims.protocol.rtp.Processor.run(Processor.java:149)
01-02 21:07:04.440  7546  7617 W System.err: Caused by: libcore.io.ErrnoException: sendto failed: ECONNREFUSED (Connection refused)
01-02 21:07:04.450  7546  7617 W System.err: 	at libcore.io.Posix.sendtoBytes(Native Method)
01-02 21:07:04.450  7546  7617 W System.err: 	at libcore.io.Posix.sendto(Posix.java:156)
01-02 21:07:04.450  7546  7617 W System.err: 	at libcore.io.BlockGuardOs.sendto(BlockGuardOs.java:177)
01-02 21:07:04.450  7546  7617 W System.err: 	at libcore.io.IoBridge.sendto(IoBridge.java:466)
01-02 21:07:04.450  7546  7617 W System.err: 	... 9 more
01-02 21:07:04.450  7546  7617 E [RCS][RtpOutputStream]: Can't broadcast the RTP packet
01-02 21:07:04.450  7546  7617 W System.err: java.net.SocketException: sendto failed: ECONNREFUSED (Connection refused)
01-02 21:07:04.450  7546  7617 W System.err: 	at libcore.io.IoBridge.maybeThrowAfterSendto(IoBridge.java:499)
01-02 21:07:04.450  7546  7617 W System.err: 	at libcore.io.IoBridge.sendto(IoBridge.java:468)
01-02 21:07:04.450  7546  7617 W System.err: 	at java.net.PlainDatagramSocketImpl.send(PlainDatagramSocketImpl.java:182)
01-02 21:07:04.450  7546  7617 W System.err: 	at java.net.DatagramSocket.send(DatagramSocket.java:281)
01-02 21:07:04.450  7546  7617 W System.err: 	at de.kp.net.rtp.RtpSocket.send(RtpSocket.java:128)
01-02 21:07:04.450  7546  7617 W System.err: 	at de.kp.net.rtp.RtpSender.send(RtpSender.java:79)
01-02 21:07:04.450  7546  7617 W System.err: 	at de.kp.net.rtp.stream.RtpOutputStream.transmit(RtpOutputStream.java:146)
01-02 21:07:04.450  7546  7617 W System.err: 	at de.kp.net.rtp.stream.RtpOutputStream.write(RtpOutputStream.java:86)
01-02 21:07:04.450  7546  7617 W System.err: 	at com.orangelabs.core.ims.protocol.rtp.CodecChain.doProcess(CodecChain.java:99)
01-02 21:07:04.450  7546  7617 W System.err: 	at com.orangelabs.core.ims.protocol.rtp.CodecChain.process(CodecChain.java:84)
01-02 21:07:04.450  7546  7617 W System.err: 	at com.orangelabs.core.ims.protocol.rtp.Processor.run(Processor.java:149)
01-02 21:07:04.450  7546  7617 W System.err: Caused by: libcore.io.ErrnoException: sendto failed: ECONNREFUSED (Connection refused)
01-02 21:07:04.450  7546  7617 W System.err: 	at libcore.io.Posix.sendtoBytes(Native Method)
01-02 21:07:04.450  7546  7617 W System.err: 	at libcore.io.Posix.sendto(Posix.java:156)
01-02 21:07:04.450  7546  7617 W System.err: 	at libcore.io.BlockGuardOs.sendto(BlockGuardOs.java:177)
01-02 21:07:04.450  7546  7617 W System.err: 	at libcore.io.IoBridge.sendto(IoBridge.java:466)
01-02 21:07:04.450  7546  7617 W System.err: 	... 9 more
01-02 21:07:04.450  7546  7618 D RtspVideoRecorder: time = 133624458 videoStartTime = 133624393 encoderTs = 153483 frameData.length152064
01-02 21:07:04.450  7546  7618 I pvaencoder: Encode
01-02 21:07:04.450  7546  7618 I avenc_api: PVAVCEncSetInput
01-02 21:07:04.450  7546  7618 I dbp     : DPBInitBuffer
01-02 21:07:04.450  7546  7618 I dbp     : DPBInitBuffer final return AVC_SUCCESS
01-02 21:07:04.450  7546  7618 I reflist : RefListInit
01-02 21:07:04.450   154  7589 W CameraHardware: unknow focus status: -1
01-02 21:07:04.480  7546  7618 I avenc_api: PVAVCEncSetInput AVCENC_SUCCESS -> enc_state = AVCEnc_Encoding_Frame
01-02 21:07:04.480  7546  7618 I avenc_api: PVAVCEncSetInput return: final status
01-02 21:07:04.480  7546  7618 I pvaencoder: Encode AVCENC_SUCCESS-> return: EAVCEI_SUCCESS
01-02 21:07:04.480  7546  7618 I pvaencoder: GetOuput
01-02 21:07:04.480  7546  7618 I avenc_api: PVAVCEncodeNAL: 5
01-02 21:07:04.480  7546  7618 I avenc_api: PVAVCEncodeNAL: AVCEnc_Encoding_Frame
01-02 21:07:04.480   154  7589 W CameraHardware: unknow focus status: -1
01-02 21:07:04.510  7546  7618 I avenc_api: PVAVCEncodeNAL AVCEnc_Encoding_Frame -> enc_state = AVCEnc_Analyzing_Frame
01-02 21:07:04.510  7546  7618 I pvaencoder: GetOuput (iEncStatus == AVCENC_PICTURE_READY) -> return EAVCEI_SUCCESS
01-02 21:07:04.510  7546  7618 I System.out: RtpVideoRecorder: captureThread: encodeResult == 0
01-02 21:07:04.510  7546  7618 I System.out: encodedFrame: encodedFrame length592
01-02 21:07:04.510   154  7589 W CameraHardware: unknow focus status: -1
01-02 21:07:04.520  7546  7618 D RtspVideoRecorder: time = 133624524 videoStartTime = 133624458 encoderTs = 153549 frameData.length152064
01-02 21:07:04.520  7546  7618 I pvaencoder: Encode
01-02 21:07:04.520  7546  7618 I avenc_api: PVAVCEncSetInput
01-02 21:07:04.520  7546  7618 I dbp     : DPBInitBuffer
01-02 21:07:04.520  7546  7618 I dbp     : DPBInitBuffer final return AVC_SUCCESS
01-02 21:07:04.520  7546  7618 I reflist : RefListInit
01-02 21:07:04.540   154  7589 W CameraHardware: unknow focus status: -1
01-02 21:07:04.540  7546  7618 I avenc_api: PVAVCEncSetInput AVCENC_SUCCESS -> enc_state = AVCEnc_Encoding_Frame
01-02 21:07:04.540  7546  7618 I avenc_api: PVAVCEncSetInput return: final status
01-02 21:07:04.540  7546  7618 I pvaencoder: Encode AVCENC_SUCCESS-> return: EAVCEI_SUCCESS
01-02 21:07:04.540  7546  7618 I pvaencoder: GetOuput
01-02 21:07:04.550  7546  7618 I avenc_api: PVAVCEncodeNAL: 5
01-02 21:07:04.550  7546  7618 I avenc_api: PVAVCEncodeNAL: AVCEnc_Encoding_Frame
01-02 21:07:04.570  7546  7618 I avenc_api: PVAVCEncodeNAL AVCEnc_Encoding_Frame -> enc_state = AVCEnc_Analyzing_Frame
01-02 21:07:04.570  7546  7618 I pvaencoder: GetOuput (iEncStatus == AVCENC_PICTURE_READY) -> return EAVCEI_SUCCESS
01-02 21:07:04.570  7546  7618 I System.out: RtpVideoRecorder: captureThread: encodeResult == 0
01-02 21:07:04.570  7546  7618 I System.out: encodedFrame: encodedFrame length525
01-02 21:07:04.570   154  7589 W CameraHardware: unknow focus status: -1
01-02 21:07:04.580  7546  7618 D RtspVideoRecorder: time = 133624589 videoStartTime = 133624524 encoderTs = 153614 frameData.length152064
01-02 21:07:04.580  7546  7618 I pvaencoder: Encode
01-02 21:07:04.580  7546  7618 I avenc_api: PVAVCEncSetInput
01-02 21:07:04.580  7546  7618 I dbp     : DPBInitBuffer
01-02 21:07:04.580  7546  7618 I dbp     : DPBInitBuffer final return AVC_SUCCESS
01-02 21:07:04.580  7546  7618 I reflist : RefListInit
01-02 21:07:04.600   154  7589 W CameraHardware: unknow focus status: -1
01-02 21:07:04.610  7546  7618 I avenc_api: PVAVCEncSetInput AVCENC_SUCCESS -> enc_state = AVCEnc_Encoding_Frame
01-02 21:07:04.610  7546  7618 I avenc_api: PVAVCEncSetInput return: final status
01-02 21:07:04.610  7546  7618 I pvaencoder: Encode AVCENC_SUCCESS-> return: EAVCEI_SUCCESS
01-02 21:07:04.610  7546  7618 I pvaencoder: GetOuput
01-02 21:07:04.610  7546  7618 I avenc_api: PVAVCEncodeNAL: 5
01-02 21:07:04.610  7546  7618 I avenc_api: PVAVCEncodeNAL: AVCEnc_Encoding_Frame
01-02 21:07:04.630  7546  7618 I avenc_api: PVAVCEncodeNAL AVCEnc_Encoding_Frame -> enc_state = AVCEnc_Analyzing_Frame
01-02 21:07:04.630  7546  7618 I pvaencoder: GetOuput (iEncStatus == AVCENC_PICTURE_READY) -> return EAVCEI_SUCCESS
01-02 21:07:04.630  7546  7618 I System.out: RtpVideoRecorder: captureThread: encodeResult == 0
01-02 21:07:04.630  7546  7618 I System.out: encodedFrame: encodedFrame length361
01-02 21:07:04.640   154  7589 W CameraHardware: unknow focus status: -1
01-02 21:07:04.650  7546  7618 D RtspVideoRecorder: time = 133624654 videoStartTime = 133624589 encoderTs = 153679 frameData.length152064
01-02 21:07:04.650  7546  7618 I pvaencoder: Encode
01-02 21:07:04.650  7546  7618 I avenc_api: PVAVCEncSetInput
01-02 21:07:04.650  7546  7618 I avenc_api: PVAVCEncSetInput return: AVCENC_SKIPPED_PICTURE
01-02 21:07:04.650  7546  7618 I pvaencoder: Encode AVCENC_SKIPPED_PICTURE-> return: EAVCEI_FRAME_DROP
01-02 21:07:04.650  7546  7618 I NativeEnc: Encode fail with code: 2
01-02 21:07:04.650  7546  7618 I System.out: RtpVideoRecorder: captureThread: encodeResult == 2
01-02 21:07:04.670   154  7589 W CameraHardware: unknow focus status: -1
01-02 21:07:04.700   154  7589 W CameraHardware: unknow focus status: -1
01-02 21:07:04.710  7546  7618 D RtspVideoRecorder: time = 133624714 videoStartTime = 133624654 encoderTs = 153739 frameData.length152064
01-02 21:07:04.710  7546  7618 I pvaencoder: Encode
01-02 21:07:04.710  7546  7618 I avenc_api: PVAVCEncSetInput
01-02 21:07:04.710  7546  7618 I dbp     : DPBInitBuffer
01-02 21:07:04.710  7546  7618 I dbp     : DPBInitBuffer final return AVC_SUCCESS
01-02 21:07:04.710  7546  7618 I reflist : RefListInit
01-02 21:07:04.730   154  7589 W CameraHardware: unknow focus status: -1
01-02 21:07:04.740  7546  7618 I avenc_api: PVAVCEncSetInput AVCENC_SUCCESS -> enc_state = AVCEnc_Encoding_Frame
01-02 21:07:04.740  7546  7618 I avenc_api: PVAVCEncSetInput return: final status
01-02 21:07:04.740  7546  7618 I pvaencoder: Encode AVCENC_SUCCESS-> return: EAVCEI_SUCCESS
01-02 21:07:04.740  7546  7618 I pvaencoder: GetOuput
01-02 21:07:04.740  7546  7618 I avenc_api: PVAVCEncodeNAL: 5
01-02 21:07:04.740  7546  7618 I avenc_api: PVAVCEncodeNAL: AVCEnc_Encoding_Frame
01-02 21:07:04.760   154  7589 W CameraHardware: unknow focus status: -1
01-02 21:07:04.760  7546  7618 I avenc_api: PVAVCEncodeNAL AVCEnc_Encoding_Frame -> enc_state = AVCEnc_Analyzing_Frame
01-02 21:07:04.760  7546  7618 I pvaencoder: GetOuput (iEncStatus == AVCENC_PICTURE_READY) -> return EAVCEI_SUCCESS
01-02 21:07:04.760  7546  7618 I System.out: RtpVideoRecorder: captureThread: encodeResult == 0
01-02 21:07:04.760  7546  7618 I System.out: encodedFrame: encodedFrame length883
01-02 21:07:04.770  7546  7618 D RtspVideoRecorder: time = 133624779 videoStartTime = 133624714 encoderTs = 153804 frameData.length152064
01-02 21:07:04.770  7546  7618 I pvaencoder: Encode
01-02 21:07:04.770  7546  7618 I avenc_api: PVAVCEncSetInput
01-02 21:07:04.770  7546  7618 I dbp     : DPBInitBuffer
01-02 21:07:04.770  7546  7618 I dbp     : DPBInitBuffer final return AVC_SUCCESS
01-02 21:07:04.770  7546  7618 I reflist : RefListInit
01-02 21:07:04.790   154  7589 W CameraHardware: unknow focus status: -1
01-02 21:07:04.800  7546  7618 I avenc_api: PVAVCEncSetInput AVCENC_SUCCESS -> enc_state = AVCEnc_Encoding_Frame
01-02 21:07:04.800  7546  7618 I avenc_api: PVAVCEncSetInput return: final status
01-02 21:07:04.800  7546  7618 I pvaencoder: Encode AVCENC_SUCCESS-> return: EAVCEI_SUCCESS
01-02 21:07:04.800  7546  7618 I pvaencoder: GetOuput
01-02 21:07:04.800  7546  7618 I avenc_api: PVAVCEncodeNAL: 5
01-02 21:07:04.800  7546  7618 I avenc_api: PVAVCEncodeNAL: AVCEnc_Encoding_Frame
01-02 21:07:04.820   154  7589 W CameraHardware: unknow focus status: -1
01-02 21:07:04.820  7546  7618 I avenc_api: PVAVCEncodeNAL AVCEnc_Encoding_Frame -> enc_state = AVCEnc_Analyzing_Frame
01-02 21:07:04.820  7546  7618 I pvaencoder: GetOuput (iEncStatus == AVCENC_PICTURE_READY) -> return EAVCEI_SUCCESS
01-02 21:07:04.820  7546  7618 I System.out: RtpVideoRecorder: captureThread: encodeResult == 0
01-02 21:07:04.820  7546  7618 I System.out: encodedFrame: encodedFrame length999
01-02 21:07:04.840  7546  7618 D RtspVideoRecorder: time = 133624845 videoStartTime = 133624779 encoderTs = 153870 frameData.length152064
01-02 21:07:04.840  7546  7618 I pvaencoder: Encode
01-02 21:07:04.840  7546  7618 I avenc_api: PVAVCEncSetInput
01-02 21:07:04.840  7546  7618 I dbp     : DPBInitBuffer
01-02 21:07:04.840  7546  7618 I dbp     : DPBInitBuffer final return AVC_SUCCESS
01-02 21:07:04.840  7546  7618 I reflist : RefListInit
01-02 21:07:04.850   154  7589 W CameraHardware: unknow focus status: -1
01-02 21:07:04.870  7546  7618 I avenc_api: PVAVCEncSetInput AVCENC_SUCCESS -> enc_state = AVCEnc_Encoding_Frame
01-02 21:07:04.870  7546  7618 I avenc_api: PVAVCEncSetInput return: final status
01-02 21:07:04.870  7546  7618 I pvaencoder: Encode AVCENC_SUCCESS-> return: EAVCEI_SUCCESS
01-02 21:07:04.870  7546  7618 I pvaencoder: GetOuput
01-02 21:07:04.870  7546  7618 I avenc_api: PVAVCEncodeNAL: 5
01-02 21:07:04.870  7546  7618 I avenc_api: PVAVCEncodeNAL: AVCEnc_Encoding_Frame
01-02 21:07:04.880   154  7589 W CameraHardware: unknow focus status: -1
01-02 21:07:04.880  7546  7618 I avenc_api: PVAVCEncodeNAL AVCEnc_Encoding_Frame -> enc_state = AVCEnc_Analyzing_Frame
01-02 21:07:04.880  7546  7618 I pvaencoder: GetOuput (iEncStatus == AVCENC_PICTURE_READY) -> return EAVCEI_SUCCESS
01-02 21:07:04.890  7546  7618 I System.out: RtpVideoRecorder: captureThread: encodeResult == 0
01-02 21:07:04.890  7546  7618 I System.out: encodedFrame: encodedFrame length446
01-02 21:07:04.900  7546  7618 D RtspVideoRecorder: time = 133624910 videoStartTime = 133624845 encoderTs = 153935 frameData.length152064
01-02 21:07:04.900  7546  7618 I pvaencoder: Encode
01-02 21:07:04.900  7546  7618 I avenc_api: PVAVCEncSetInput
01-02 21:07:04.900  7546  7618 I dbp     : DPBInitBuffer
01-02 21:07:04.900  7546  7618 I dbp     : DPBInitBuffer final return AVC_SUCCESS
01-02 21:07:04.900  7546  7618 I reflist : RefListInit
01-02 21:07:04.910   154  7589 W CameraHardware: unknow focus status: -1
01-02 21:07:04.930  7546  7618 I avenc_api: PVAVCEncSetInput AVCENC_SUCCESS -> enc_state = AVCEnc_Encoding_Frame
01-02 21:07:04.930  7546  7618 I avenc_api: PVAVCEncSetInput return: final status
01-02 21:07:04.930  7546  7618 I pvaencoder: Encode AVCENC_SUCCESS-> return: EAVCEI_SUCCESS
01-02 21:07:04.930  7546  7618 I pvaencoder: GetOuput
01-02 21:07:04.930  7546  7618 I avenc_api: PVAVCEncodeNAL: 5
01-02 21:07:04.930  7546  7618 I avenc_api: PVAVCEncodeNAL: AVCEnc_Encoding_Frame
01-02 21:07:04.940   154  7589 W CameraHardware: unknow focus status: -1
01-02 21:07:04.950  7546  7618 I avenc_api: PVAVCEncodeNAL AVCEnc_Encoding_Frame -> enc_state = AVCEnc_Analyzing_Frame
01-02 21:07:04.950  7546  7618 I pvaencoder: GetOuput (iEncStatus == AVCENC_PICTURE_READY) -> return EAVCEI_SUCCESS
01-02 21:07:04.950  7546  7618 I System.out: RtpVideoRecorder: captureThread: encodeResult == 0
01-02 21:07:04.950  7546  7618 I System.out: encodedFrame: encodedFrame length499
01-02 21:07:04.970  7546  7618 D RtspVideoRecorder: time = 133624975 videoStartTime = 133624910 encoderTs = 154000 frameData.length152064
01-02 21:07:04.970  7546  7618 I pvaencoder: Encode
01-02 21:07:04.970  7546  7618 I avenc_api: PVAVCEncSetInput
01-02 21:07:04.970  7546  7618 I dbp     : DPBInitBuffer
01-02 21:07:04.970  7546  7618 I dbp     : DPBInitBuffer final return AVC_SUCCESS
01-02 21:07:04.970  7546  7618 I reflist : RefListInit
01-02 21:07:04.970   154  7589 W CameraHardware: unknow focus status: -1
01-02 21:07:04.990  7546  7618 I avenc_api: PVAVCEncSetInput AVCENC_SUCCESS -> enc_state = AVCEnc_Encoding_Frame
01-02 21:07:04.990  7546  7618 I avenc_api: PVAVCEncSetInput return: final status
01-02 21:07:04.990  7546  7618 I pvaencoder: Encode AVCENC_SUCCESS-> return: EAVCEI_SUCCESS
01-02 21:07:05.000  7546  7618 I pvaencoder: GetOuput
01-02 21:07:05.000  7546  7618 I avenc_api: PVAVCEncodeNAL: 5
01-02 21:07:05.000  7546  7618 I avenc_api: PVAVCEncodeNAL: AVCEnc_Encoding_Frame
01-02 21:07:05.000   154  7589 W CameraHardware: unknow focus status: -1
01-02 21:07:05.020  7546  7618 I avenc_api: PVAVCEncodeNAL AVCEnc_Encoding_Frame -> enc_state = AVCEnc_Analyzing_Frame
01-02 21:07:05.020  7546  7618 I pvaencoder: GetOuput (iEncStatus == AVCENC_PICTURE_READY) -> return EAVCEI_SUCCESS
01-02 21:07:05.020  7546  7618 I System.out: RtpVideoRecorder: captureThread: encodeResult == 0
01-02 21:07:05.020  7546  7618 I System.out: encodedFrame: encodedFrame length223
01-02 21:07:05.030   154  7589 W CameraHardware: unknow focus status: -1
01-02 21:07:05.030  7546  7618 D RtspVideoRecorder: time = 133625040 videoStartTime = 133624975 encoderTs = 154065 frameData.length152064
01-02 21:07:05.030  7546  7618 I pvaencoder: Encode
01-02 21:07:05.030  7546  7618 I avenc_api: PVAVCEncSetInput
01-02 21:07:05.030  7546  7618 I dbp     : DPBInitBuffer
01-02 21:07:05.030  7546  7618 I dbp     : DPBInitBuffer final return AVC_SUCCESS
01-02 21:07:05.030  7546  7618 I reflist : RefListInit
01-02 21:07:05.060   154  7589 W CameraHardware: unknow focus status: -1
01-02 21:07:05.060  7546  7618 I avenc_api: PVAVCEncSetInput AVCENC_SUCCESS -> enc_state = AVCEnc_Encoding_Frame
01-02 21:07:05.060  7546  7618 I avenc_api: PVAVCEncSetInput return: final status
01-02 21:07:05.060  7546  7618 I pvaencoder: Encode AVCENC_SUCCESS-> return: EAVCEI_SUCCESS
01-02 21:07:05.060  7546  7618 I pvaencoder: GetOuput
01-02 21:07:05.060  7546  7618 I avenc_api: PVAVCEncodeNAL: 5
01-02 21:07:05.060  7546  7618 I avenc_api: PVAVCEncodeNAL: AVCEnc_Encoding_Frame
01-02 21:07:05.080  7546  7618 I avenc_api: PVAVCEncodeNAL AVCEnc_Encoding_Frame -> enc_state = AVCEnc_Analyzing_Frame
01-02 21:07:05.080  7546  7618 I pvaencoder: GetOuput (iEncStatus == AVCENC_PICTURE_READY) -> return EAVCEI_SUCCESS
01-02 21:07:05.080  7546  7618 I System.out: RtpVideoRecorder: captureThread: encodeResult == 0
01-02 21:07:05.080  7546  7618 I System.out: encodedFrame: encodedFrame length400
01-02 21:07:05.090   154  7589 W CameraHardware: unknow focus status: -1
01-02 21:07:05.100  7546  7618 D RtspVideoRecorder: time = 133625105 videoStartTime = 133625040 encoderTs = 154130 frameData.length152064
01-02 21:07:05.100  7546  7618 I pvaencoder: Encode
01-02 21:07:05.100  7546  7618 I avenc_api: PVAVCEncSetInput
01-02 21:07:05.100  7546  7618 I dbp     : DPBInitBuffer
01-02 21:07:05.100  7546  7618 I dbp     : DPBInitBuffer final return AVC_SUCCESS
01-02 21:07:05.100  7546  7618 I reflist : RefListInit
01-02 21:07:05.120   154  7589 W CameraHardware: unknow focus status: -1
01-02 21:07:05.120  7546  7618 I avenc_api: PVAVCEncSetInput AVCENC_SUCCESS -> enc_state = AVCEnc_Encoding_Frame
01-02 21:07:05.120  7546  7618 I avenc_api: PVAVCEncSetInput return: final status
01-02 21:07:05.120  7546  7618 I pvaencoder: Encode AVCENC_SUCCESS-> return: EAVCEI_SUCCESS
01-02 21:07:05.120  7546  7618 I pvaencoder: GetOuput
01-02 21:07:05.120  7546  7618 I avenc_api: PVAVCEncodeNAL: 5
01-02 21:07:05.120  7546  7618 I avenc_api: PVAVCEncodeNAL: AVCEnc_Encoding_Frame
01-02 21:07:05.150  7546  7618 I avenc_api: PVAVCEncodeNAL AVCEnc_Encoding_Frame -> enc_state = AVCEnc_Analyzing_Frame
01-02 21:07:05.150  7546  7618 I pvaencoder: GetOuput (iEncStatus == AVCENC_PICTURE_READY) -> return EAVCEI_SUCCESS
01-02 21:07:05.150  7546  7618 I System.out: RtpVideoRecorder: captureThread: encodeResult == 0
01-02 21:07:05.150  7546  7618 I System.out: encodedFrame: encodedFrame length690
01-02 21:07:05.150   154  7589 W CameraHardware: unknow focus status: -1
01-02 21:07:05.160  7546  7618 D RtspVideoRecorder: time = 133625170 videoStartTime = 133625105 encoderTs = 154195 frameData.length152064
01-02 21:07:05.160  7546  7618 I pvaencoder: Encode
01-02 21:07:05.160  7546  7618 I avenc_api: PVAVCEncSetInput
01-02 21:07:05.160  7546  7618 I dbp     : DPBInitBuffer
01-02 21:07:05.160  7546  7618 I dbp     : DPBInitBuffer final return AVC_SUCCESS
01-02 21:07:05.160  7546  7618 I reflist : RefListInit
01-02 21:07:05.180   154  7589 W CameraHardware: unknow focus status: -1
01-02 21:07:05.190  7546  7618 I avenc_api: PVAVCEncSetInput AVCENC_SUCCESS -> enc_state = AVCEnc_Encoding_Frame
01-02 21:07:05.190  7546  7618 I avenc_api: PVAVCEncSetInput return: final status
01-02 21:07:05.190  7546  7618 I pvaencoder: Encode AVCENC_SUCCESS-> return: EAVCEI_SUCCESS
01-02 21:07:05.190  7546  7618 I pvaencoder: GetOuput
01-02 21:07:05.190  7546  7618 I avenc_api: PVAVCEncodeNAL: 5
01-02 21:07:05.190  7546  7618 I avenc_api: PVAVCEncodeNAL: AVCEnc_Encoding_Frame
01-02 21:07:05.210   154  7589 W CameraHardware: unknow focus status: -1
01-02 21:07:05.210  7546  7618 I avenc_api: PVAVCEncodeNAL AVCEnc_Encoding_Frame -> enc_state = AVCEnc_Analyzing_Frame
01-02 21:07:05.210  7546  7618 I pvaencoder: GetOuput (iEncStatus == AVCENC_PICTURE_READY) -> return EAVCEI_SUCCESS
01-02 21:07:05.210  7546  7618 I System.out: RtpVideoRecorder: captureThread: encodeResult == 0
01-02 21:07:05.210  7546  7618 I System.out: encodedFrame: encodedFrame length500
01-02 21:07:05.230  7546  7618 D RtspVideoRecorder: time = 133625235 videoStartTime = 133625170 encoderTs = 154260 frameData.length152064
01-02 21:07:05.230  7546  7618 I pvaencoder: Encode
01-02 21:07:05.230  7546  7618 I avenc_api: PVAVCEncSetInput
01-02 21:07:05.230  7546  7618 I dbp     : DPBInitBuffer
01-02 21:07:05.230  7546  7618 I dbp     : DPBInitBuffer final return AVC_SUCCESS
01-02 21:07:05.230  7546  7618 I reflist : RefListInit
01-02 21:07:05.240   154  7589 W CameraHardware: unknow focus status: -1
01-02 21:07:05.260  7546  7618 I avenc_api: PVAVCEncSetInput AVCENC_SUCCESS -> enc_state = AVCEnc_Encoding_Frame
01-02 21:07:05.260  7546  7618 I avenc_api: PVAVCEncSetInput return: final status
01-02 21:07:05.260  7546  7618 I pvaencoder: Encode AVCENC_SUCCESS-> return: EAVCEI_SUCCESS
01-02 21:07:05.260  7546  7618 I pvaencoder: GetOuput
01-02 21:07:05.260  7546  7618 I avenc_api: PVAVCEncodeNAL: 5
01-02 21:07:05.260  7546  7618 I avenc_api: PVAVCEncodeNAL: AVCEnc_Encoding_Frame
01-02 21:07:05.270   154  7589 W CameraHardware: unknow focus status: -1
01-02 21:07:05.270  7546  7618 I avenc_api: PVAVCEncodeNAL AVCEnc_Encoding_Frame -> enc_state = AVCEnc_Analyzing_Frame
01-02 21:07:05.270  7546  7618 I pvaencoder: GetOuput (iEncStatus == AVCENC_PICTURE_READY) -> return EAVCEI_SUCCESS
01-02 21:07:05.280  7546  7618 I System.out: RtpVideoRecorder: captureThread: encodeResult == 0
01-02 21:07:05.280  7546  7618 I System.out: encodedFrame: encodedFrame length202
01-02 21:07:05.290  7546  7618 D RtspVideoRecorder: time = 133625301 videoStartTime = 133625235 encoderTs = 154326 frameData.length152064
01-02 21:07:05.290  7546  7618 I pvaencoder: Encode
01-02 21:07:05.290  7546  7618 I avenc_api: PVAVCEncSetInput
01-02 21:07:05.290  7546  7618 I dbp     : DPBInitBuffer
01-02 21:07:05.290  7546  7618 I dbp     : DPBInitBuffer final return AVC_SUCCESS
01-02 21:07:05.290  7546  7618 I reflist : RefListInit
01-02 21:07:05.300   154  7589 W CameraHardware: unknow focus status: -1
01-02 21:07:05.320  7546  7618 I avenc_api: PVAVCEncSetInput AVCENC_SUCCESS -> enc_state = AVCEnc_Encoding_Frame
01-02 21:07:05.320  7546  7618 I avenc_api: PVAVCEncSetInput return: final status
01-02 21:07:05.320  7546  7618 I pvaencoder: Encode AVCENC_SUCCESS-> return: EAVCEI_SUCCESS
01-02 21:07:05.320  7546  7618 I pvaencoder: GetOuput
01-02 21:07:05.320  7546  7618 I avenc_api: PVAVCEncodeNAL: 5
01-02 21:07:05.320  7546  7618 I avenc_api: PVAVCEncodeNAL: AVCEnc_Encoding_Frame
01-02 21:07:05.330   154  7589 W CameraHardware: unknow focus status: -1
01-02 21:07:05.340  7546  7618 I avenc_api: PVAVCEncodeNAL AVCEnc_Encoding_Frame -> enc_state = AVCEnc_Analyzing_Frame
01-02 21:07:05.340  7546  7618 I pvaencoder: GetOuput (iEncStatus == AVCENC_PICTURE_READY) -> return EAVCEI_SUCCESS
01-02 21:07:05.340  7546  7618 I System.out: RtpVideoRecorder: captureThread: encodeResult == 0
01-02 21:07:05.340  7546  7618 I System.out: encodedFrame: encodedFrame length331
01-02 21:07:05.340  7546  7617 W System.err: java.net.SocketException: sendto failed: ECONNREFUSED (Connection refused)
01-02 21:07:05.340  7546  7617 W System.err: 	at libcore.io.IoBridge.maybeThrowAfterSendto(IoBridge.java:499)
01-02 21:07:05.340  7546  7617 W System.err: 	at libcore.io.IoBridge.sendto(IoBridge.java:468)
01-02 21:07:05.340  7546  7617 W System.err: 	at java.net.PlainDatagramSocketImpl.send(PlainDatagramSocketImpl.java:182)
01-02 21:07:05.340  7546  7617 W System.err: 	at java.net.DatagramSocket.send(DatagramSocket.java:281)
01-02 21:07:05.340  7546  7617 W System.err: 	at de.kp.net.rtp.RtpSocket.send(RtpSocket.java:128)
01-02 21:07:05.340  7546  7617 W System.err: 	at de.kp.net.rtp.RtpSender.send(RtpSender.java:79)
01-02 21:07:05.340  7546  7617 W System.err: 	at de.kp.net.rtp.stream.RtpOutputStream.transmit(RtpOutputStream.java:146)
01-02 21:07:05.340  7546  7617 W System.err: 	at de.kp.net.rtp.stream.RtpOutputStream.write(RtpOutputStream.java:86)
01-02 21:07:05.340  7546  7617 W System.err: 	at com.orangelabs.core.ims.protocol.rtp.CodecChain.doProcess(CodecChain.java:99)
01-02 21:07:05.340  7546  7617 W System.err: 	at com.orangelabs.core.ims.protocol.rtp.CodecChain.process(CodecChain.java:84)
01-02 21:07:05.340  7546  7617 W System.err: 	at com.orangelabs.core.ims.protocol.rtp.Processor.run(Processor.java:149)
01-02 21:07:05.340  7546  7617 W System.err: Caused by: libcore.io.ErrnoException: sendto failed: ECONNREFUSED (Connection refused)
01-02 21:07:05.340  7546  7617 W System.err: 	at libcore.io.Posix.sendtoBytes(Native Method)
01-02 21:07:05.340  7546  7617 W System.err: 	at libcore.io.Posix.sendto(Posix.java:156)
01-02 21:07:05.340  7546  7617 W System.err: 	at libcore.io.BlockGuardOs.sendto(BlockGuardOs.java:177)
01-02 21:07:05.340  7546  7617 W System.err: 	at libcore.io.IoBridge.sendto(IoBridge.java:466)
01-02 21:07:05.340  7546  7617 W System.err: 	... 9 more
01-02 21:07:05.340  7546  7617 E [RCS][RtpOutputStream]: Can't broadcast the RTP packet
01-02 21:07:05.340  7546  7617 W System.err: java.net.SocketException: sendto failed: ECONNREFUSED (Connection refused)
01-02 21:07:05.340  7546  7617 W System.err: 	at libcore.io.IoBridge.maybeThrowAfterSendto(IoBridge.java:499)
01-02 21:07:05.340  7546  7617 W System.err: 	at libcore.io.IoBridge.sendto(IoBridge.java:468)
01-02 21:07:05.340  7546  7617 W System.err: 	at java.net.PlainDatagramSocketImpl.send(PlainDatagramSocketImpl.java:182)
01-02 21:07:05.340  7546  7617 W System.err: 	at java.net.DatagramSocket.send(DatagramSocket.java:281)
01-02 21:07:05.340  7546  7617 W System.err: 	at de.kp.net.rtp.RtpSocket.send(RtpSocket.java:128)
01-02 21:07:05.340  7546  7617 W System.err: 	at de.kp.net.rtp.RtpSender.send(RtpSender.java:79)
01-02 21:07:05.340  7546  7617 W System.err: 	at de.kp.net.rtp.stream.RtpOutputStream.transmit(RtpOutputStream.java:146)
01-02 21:07:05.340  7546  7617 W System.err: 	at de.kp.net.rtp.stream.RtpOutputStream.write(RtpOutputStream.java:86)
01-02 21:07:05.340  7546  7617 W System.err: 	at com.orangelabs.core.ims.protocol.rtp.CodecChain.doProcess(CodecChain.java:99)
01-02 21:07:05.340  7546  7617 W System.err: 	at com.orangelabs.core.ims.protocol.rtp.CodecChain.process(CodecChain.java:84)
01-02 21:07:05.340  7546  7617 W System.err: 	at com.orangelabs.core.ims.protocol.rtp.Processor.run(Processor.java:149)
01-02 21:07:05.340  7546  7617 W System.err: Caused by: libcore.io.ErrnoException: sendto failed: ECONNREFUSED (Connection refused)
01-02 21:07:05.340  7546  7617 W System.err: 	at libcore.io.Posix.sendtoBytes(Native Method)
01-02 21:07:05.340  7546  7617 W System.err: 	at libcore.io.Posix.sendto(Posix.java:156)
01-02 21:07:05.340  7546  7617 W System.err: 	at libcore.io.BlockGuardOs.sendto(BlockGuardOs.java:177)
01-02 21:07:05.340  7546  7617 W System.err: 	at libcore.io.IoBridge.sendto(IoBridge.java:466)
01-02 21:07:05.340  7546  7617 W System.err: 	... 9 more
01-02 21:07:05.360  7546  7618 D RtspVideoRecorder: time = 133625366 videoStartTime = 133625301 encoderTs = 154391 frameData.length152064
01-02 21:07:05.360  7546  7618 I pvaencoder: Encode
01-02 21:07:05.360  7546  7618 I avenc_api: PVAVCEncSetInput
01-02 21:07:05.360  7546  7618 I dbp     : DPBInitBuffer
01-02 21:07:05.360  7546  7618 I dbp     : DPBInitBuffer final return AVC_SUCCESS
01-02 21:07:05.360  7546  7618 I reflist : RefListInit
01-02 21:07:05.360   154  7589 W CameraHardware: unknow focus status: -1
01-02 21:07:05.390  7546  7618 I avenc_api: PVAVCEncSetInput AVCENC_SUCCESS -> enc_state = AVCEnc_Encoding_Frame
01-02 21:07:05.390  7546  7618 I avenc_api: PVAVCEncSetInput return: final status
01-02 21:07:05.390  7546  7618 I pvaencoder: Encode AVCENC_SUCCESS-> return: EAVCEI_SUCCESS
01-02 21:07:05.390  7546  7618 I pvaencoder: GetOuput
01-02 21:07:05.390  7546  7618 I avenc_api: PVAVCEncodeNAL: 5
01-02 21:07:05.390  7546  7618 I avenc_api: PVAVCEncodeNAL: AVCEnc_Encoding_Frame
01-02 21:07:05.390   154  7589 W CameraHardware: unknow focus status: -1
01-02 21:07:05.410  7546  7618 I avenc_api: PVAVCEncodeNAL AVCEnc_Encoding_Frame -> enc_state = AVCEnc_Analyzing_Frame
01-02 21:07:05.410  7546  7618 I pvaencoder: GetOuput (iEncStatus == AVCENC_PICTURE_READY) -> return EAVCEI_SUCCESS
01-02 21:07:05.410  7546  7618 I System.out: RtpVideoRecorder: captureThread: encodeResult == 0
01-02 21:07:05.410  7546  7618 I System.out: encodedFrame: encodedFrame length736
01-02 21:07:05.420   154  7589 W CameraHardware: unknow focus status: -1
01-02 21:07:05.420  7546  7618 D RtspVideoRecorder: time = 133625431 videoStartTime = 133625366 encoderTs = 154456 frameData.length152064
01-02 21:07:05.420  7546  7618 I pvaencoder: Encode
01-02 21:07:05.420  7546  7618 I avenc_api: PVAVCEncSetInput
01-02 21:07:05.420  7546  7618 I dbp     : DPBInitBuffer
01-02 21:07:05.420  7546  7618 I dbp     : DPBInitBuffer final return AVC_SUCCESS
01-02 21:07:05.420  7546  7618 I reflist : RefListInit
01-02 21:07:05.450   154  7589 W CameraHardware: unknow focus status: -1
01-02 21:07:05.450  7546  7618 I avenc_api: PVAVCEncSetInput AVCENC_SUCCESS -> enc_state = AVCEnc_Encoding_Frame
01-02 21:07:05.450  7546  7618 I avenc_api: PVAVCEncSetInput return: final status
01-02 21:07:05.450  7546  7618 I pvaencoder: Encode AVCENC_SUCCESS-> return: EAVCEI_SUCCESS
01-02 21:07:05.450  7546  7618 I pvaencoder: GetOuput
01-02 21:07:05.450  7546  7618 I avenc_api: PVAVCEncodeNAL: 5
01-02 21:07:05.450  7546  7618 I avenc_api: PVAVCEncodeNAL: AVCEnc_Encoding_Frame
01-02 21:07:05.470  7546  7618 I avenc_api: PVAVCEncodeNAL AVCEnc_Encoding_Frame -> enc_state = AVCEnc_Analyzing_Frame
01-02 21:07:05.470  7546  7618 I pvaencoder: GetOuput (iEncStatus == AVCENC_PICTURE_READY) -> return EAVCEI_SUCCESS
01-02 21:07:05.470  7546  7618 I System.out: RtpVideoRecorder: captureThread: encodeResult == 0
01-02 21:07:05.470  7546  7618 I System.out: encodedFrame: encodedFrame length399
01-02 21:07:05.480   154  7589 W CameraHardware: unknow focus status: -1
01-02 21:07:05.490  7546  7618 D RtspVideoRecorder: time = 133625496 videoStartTime = 133625431 encoderTs = 154521 frameData.length152064
01-02 21:07:05.490  7546  7618 I pvaencoder: Encode
01-02 21:07:05.490  7546  7618 I avenc_api: PVAVCEncSetInput
01-02 21:07:05.490  7546  7618 I dbp     : DPBInitBuffer
01-02 21:07:05.490  7546  7618 I dbp     : DPBInitBuffer final return AVC_SUCCESS
01-02 21:07:05.490  7546  7618 I reflist : RefListInit
01-02 21:07:05.510   154  7589 W CameraHardware: unknow focus status: -1
01-02 21:07:05.520  7546  7618 I avenc_api: PVAVCEncSetInput AVCENC_SUCCESS -> enc_state = AVCEnc_Encoding_Frame
01-02 21:07:05.520  7546  7618 I avenc_api: PVAVCEncSetInput return: final status
01-02 21:07:05.520  7546  7618 I pvaencoder: Encode AVCENC_SUCCESS-> return: EAVCEI_SUCCESS
01-02 21:07:05.520  7546  7618 I pvaencoder: GetOuput
01-02 21:07:05.520  7546  7618 I avenc_api: PVAVCEncodeNAL: 5
01-02 21:07:05.520  7546  7618 I avenc_api: PVAVCEncodeNAL: AVCEnc_Encoding_Frame
01-02 21:07:05.540  7546  7618 I avenc_api: PVAVCEncodeNAL AVCEnc_Encoding_Frame -> enc_state = AVCEnc_Analyzing_Frame
01-02 21:07:05.540  7546  7618 I pvaencoder: GetOuput (iEncStatus == AVCENC_PICTURE_READY) -> return EAVCEI_SUCCESS
01-02 21:07:05.540  7546  7618 I System.out: RtpVideoRecorder: captureThread: encodeResult == 0
01-02 21:07:05.540  7546  7618 I System.out: encodedFrame: encodedFrame length343
01-02 21:07:05.540   154  7589 W CameraHardware: unknow focus status: -1
01-02 21:07:05.550  7546  7618 D RtspVideoRecorder: time = 133625561 videoStartTime = 133625496 encoderTs = 154586 frameData.length152064
01-02 21:07:05.550  7546  7618 I pvaencoder: Encode
01-02 21:07:05.550  7546  7618 I avenc_api: PVAVCEncSetInput
01-02 21:07:05.550  7546  7618 I dbp     : DPBInitBuffer
01-02 21:07:05.550  7546  7618 I dbp     : DPBInitBuffer final return AVC_SUCCESS
01-02 21:07:05.550  7546  7618 I reflist : RefListInit
01-02 21:07:05.570   154  7589 W CameraHardware: unknow focus status: -1
01-02 21:07:05.580  7546  7618 I avenc_api: PVAVCEncSetInput AVCENC_SUCCESS -> enc_state = AVCEnc_Encoding_Frame
01-02 21:07:05.580  7546  7618 I avenc_api: PVAVCEncSetInput return: final status
01-02 21:07:05.580  7546  7618 I pvaencoder: Encode AVCENC_SUCCESS-> return: EAVCEI_SUCCESS
01-02 21:07:05.580  7546  7618 I pvaencoder: GetOuput
01-02 21:07:05.580  7546  7618 I avenc_api: PVAVCEncodeNAL: 5
01-02 21:07:05.580  7546  7618 I avenc_api: PVAVCEncodeNAL: AVCEnc_Encoding_Frame
01-02 21:07:05.600   154  7589 W CameraHardware: unknow focus status: -1
01-02 21:07:05.610  7546  7618 I avenc_api: PVAVCEncodeNAL AVCEnc_Encoding_Frame -> enc_state = AVCEnc_Analyzing_Frame
01-02 21:07:05.610  7546  7618 I pvaencoder: GetOuput (iEncStatus == AVCENC_PICTURE_READY) -> return EAVCEI_SUCCESS
01-02 21:07:05.610  7546  7618 I System.out: RtpVideoRecorder: captureThread: encodeResult == 0
01-02 21:07:05.610  7546  7618 I System.out: encodedFrame: encodedFrame length563
01-02 21:07:05.620  7546  7618 D RtspVideoRecorder: time = 133625626 videoStartTime = 133625561 encoderTs = 154651 frameData.length152064
01-02 21:07:05.620  7546  7618 I pvaencoder: Encode
01-02 21:07:05.620  7546  7618 I avenc_api: PVAVCEncSetInput
01-02 21:07:05.620  7546  7618 I dbp     : DPBInitBuffer
01-02 21:07:05.620  7546  7618 I dbp     : DPBInitBuffer final return AVC_SUCCESS
01-02 21:07:05.620  7546  7618 I reflist : RefListInit
01-02 21:07:05.630   154  7589 W CameraHardware: unknow focus status: -1
01-02 21:07:05.650  7546  7618 I avenc_api: PVAVCEncSetInput AVCENC_SUCCESS -> enc_state = AVCEnc_Encoding_Frame
01-02 21:07:05.650  7546  7618 I avenc_api: PVAVCEncSetInput return: final status
01-02 21:07:05.650  7546  7618 I pvaencoder: Encode AVCENC_SUCCESS-> return: EAVCEI_SUCCESS
01-02 21:07:05.650  7546  7618 I pvaencoder: GetOuput
01-02 21:07:05.650  7546  7618 I avenc_api: PVAVCEncodeNAL: 5
01-02 21:07:05.650  7546  7618 I avenc_api: PVAVCEncodeNAL: AVCEnc_Encoding_Frame
01-02 21:07:05.660   154  7589 W CameraHardware: unknow focus status: -1
01-02 21:07:05.670  7546  7618 I avenc_api: PVAVCEncodeNAL AVCEnc_Encoding_Frame -> enc_state = AVCEnc_Analyzing_Frame
01-02 21:07:05.670  7546  7618 I pvaencoder: GetOuput (iEncStatus == AVCENC_PICTURE_READY) -> return EAVCEI_SUCCESS
01-02 21:07:05.670  7546  7618 I System.out: RtpVideoRecorder: captureThread: encodeResult == 0
01-02 21:07:05.670  7546  7618 I System.out: encodedFrame: encodedFrame length199
01-02 21:07:05.690   154  7589 W CameraHardware: unknow focus status: -1
01-02 21:07:05.720   154  7589 W CameraHardware: unknow focus status: -1
01-02 21:07:05.750   154  7589 W CameraHardware: unknow focus status: -1
01-02 21:07:05.780   154  7589 W CameraHardware: unknow focus status: -1
01-02 21:07:05.810   154  7589 W CameraHardware: unknow focus status: -1
01-02 21:07:05.840   154  7589 W CameraHardware: unknow focus status: -1
01-02 21:07:05.870   154  7589 W CameraHardware: unknow focus status: -1
01-02 21:07:05.900   154  7589 W CameraHardware: unknow focus status: -1
01-02 21:07:05.920  7546  7558 D dalvikvm: JIT unchain all for threadid=12
01-02 21:07:05.930   154  7589 W CameraHardware: unknow focus status: -1
01-02 21:07:05.930  7546  7558 D dalvikvm: GC_FOR_ALLOC freed 1749K, 45% free 3825K/6848K, paused 262ms, total 262ms
01-02 21:07:05.950  7546  7618 D RtspVideoRecorder: time = 133625945 videoStartTime = 133625626 encoderTs = 154970 frameData.length152064
01-02 21:07:05.950  7546  7618 I pvaencoder: Encode
01-02 21:07:05.950  7546  7618 I avenc_api: PVAVCEncSetInput
01-02 21:07:05.950  7546  7618 I dbp     : AVCConfigureSequence
01-02 21:07:05.950  7546  7618 I dbp     : DPBInitBuffer
01-02 21:07:05.950  7546  7618 I dbp     : DPBInitBuffer final return AVC_SUCCESS
01-02 21:07:05.950  7546  7618 I reflist : RefListInit
01-02 21:07:05.950  7546  7618 I avenc_api: PVAVCEncSetInput AVCENC_NEW_IDR -> enc_state = AVCEnc_Encoding_SPS
01-02 21:07:05.950  7546  7618 I avenc_api: PVAVCEncSetInput return: final status
01-02 21:07:05.950  7546  7618 I pvaencoder: Encode AVCENC_NEW_IDR-> return: EAVCEI_SUCCESS
01-02 21:07:05.950  7546  7618 I pvaencoder: GetOuput
01-02 21:07:05.950  7546  7618 I avenc_api: PVAVCEncodeNAL: 1
01-02 21:07:05.950  7546  7618 I avenc_api: PVAVCEncodeNAL: AVCEnc_Encoding_SPS
01-02 21:07:05.950  7546  7618 I avenc_api: PVAVCEncodeNAL AVCEnc_Encoding_SPS -> enc_state = AVCEnc_Encoding_PPS
01-02 21:07:05.950  7546  7618 I pvaencoder: GetOuput (iEncStatus == AVCENC_SUCCESS) -> return EAVCEI_MORE_NAL
01-02 21:07:05.950  7546  7618 I System.out: RtpVideoRecorder: captureThread: encodeResult == 6
01-02 21:07:05.950  7546  7618 I System.out: RtpVideoRecorder: captureThread: Status == EAVCEI_MORE_NAL
01-02 21:07:05.950  7546  7618 I System.out: encodedFrame: encodedFrame length9
01-02 21:07:05.960   154  7589 W CameraHardware: unknow focus status: -1
01-02 21:07:05.990   154  7589 W CameraHardware: unknow focus status: -1
01-02 21:07:06.000  7546  7618 D RtspVideoRecorder: time = 133626007 videoStartTime = 133625945 encoderTs = 155032 frameData.length152064
01-02 21:07:06.000  7546  7618 I NativeEnc: Skiped encoding
01-02 21:07:06.000  7546  7618 I pvaencoder: GetOuput
01-02 21:07:06.000  7546  7618 I avenc_api: PVAVCEncodeNAL: 2
01-02 21:07:06.000  7546  7618 I avenc_api: PVAVCEncodeNAL: AVCEnc_Encoding_PPS
01-02 21:07:06.000  7546  7618 I avenc_api: PVAVCEncodeNAL AVCEnc_Encoding_PPS -> enc_state = AVCEnc_Encoding_Frame
01-02 21:07:06.000  7546  7618 I pvaencoder: GetOuput (iEncStatus == AVCENC_SUCCESS) -> return EAVCEI_MORE_NAL
01-02 21:07:06.000  7546  7618 I System.out: RtpVideoRecorder: captureThread: encodeResult == 6
01-02 21:07:06.000  7546  7618 I System.out: RtpVideoRecorder: captureThread: Status == EAVCEI_MORE_NAL
01-02 21:07:06.000  7546  7618 I System.out: encodedFrame: encodedFrame length5
01-02 21:07:06.020   154  7589 W CameraHardware: unknow focus status: -1
01-02 21:07:06.050   154  7589 W CameraHardware: unknow focus status: -1
01-02 21:07:06.060  7546  7618 D RtspVideoRecorder: time = 133626068 videoStartTime = 133626007 encoderTs = 155093 frameData.length152064
01-02 21:07:06.060  7546  7618 I NativeEnc: Skiped encoding
01-02 21:07:06.060  7546  7618 I pvaencoder: GetOuput
01-02 21:07:06.060  7546  7618 I avenc_api: PVAVCEncodeNAL: 5
01-02 21:07:06.060  7546  7618 I avenc_api: PVAVCEncodeNAL: AVCEnc_Encoding_Frame
01-02 21:07:06.080   154  7589 W CameraHardware: unknow focus status: -1
01-02 21:07:06.120   154  7589 W CameraHardware: unknow focus status: -1
01-02 21:07:06.120  7546  7618 I avenc_api: PVAVCEncodeNAL AVCEnc_Encoding_Frame -> enc_state = AVCEnc_Analyzing_Frame
01-02 21:07:06.120  7546  7618 I pvaencoder: GetOuput (iEncStatus == AVCENC_PICTURE_READY) -> return EAVCEI_SUCCESS
01-02 21:07:06.120  7546  7618 I System.out: RtpVideoRecorder: captureThread: encodeResult == 0
01-02 21:07:06.120  7546  7618 I System.out: encodedFrame: encodedFrame length2856
01-02 21:07:06.130  7546  7618 D RtspVideoRecorder: time = 133626134 videoStartTime = 133626068 encoderTs = 155159 frameData.length152064
01-02 21:07:06.130  7546  7618 I pvaencoder: Encode
01-02 21:07:06.130  7546  7618 I avenc_api: PVAVCEncSetInput
01-02 21:07:06.130  7546  7618 I dbp     : DPBInitBuffer
01-02 21:07:06.130  7546  7618 I dbp     : DPBInitBuffer final return AVC_SUCCESS
01-02 21:07:06.130  7546  7618 I reflist : RefListInit
01-02 21:07:06.150   154  7589 W CameraHardware: unknow focus status: -1
01-02 21:07:06.160  7546  7618 I avenc_api: PVAVCEncSetInput AVCENC_SUCCESS -> enc_state = AVCEnc_Encoding_Frame
01-02 21:07:06.160  7546  7618 I avenc_api: PVAVCEncSetInput return: final status
01-02 21:07:06.160  7546  7618 I pvaencoder: Encode AVCENC_SUCCESS-> return: EAVCEI_SUCCESS
01-02 21:07:06.160  7546  7618 I pvaencoder: GetOuput
01-02 21:07:06.160  7546  7618 I avenc_api: PVAVCEncodeNAL: 5
01-02 21:07:06.160  7546  7618 I avenc_api: PVAVCEncodeNAL: AVCEnc_Encoding_Frame
01-02 21:07:06.180   154  7589 W CameraHardware: unknow focus status: -1
01-02 21:07:06.190  7546  7618 I avenc_api: PVAVCEncodeNAL AVCEnc_Encoding_Frame -> enc_state = AVCEnc_Analyzing_Frame
01-02 21:07:06.190  7546  7618 I pvaencoder: GetOuput (iEncStatus == AVCENC_PICTURE_READY) -> return EAVCEI_SUCCESS
01-02 21:07:06.190  7546  7618 I System.out: RtpVideoRecorder: captureThread: encodeResult == 0
01-02 21:07:06.190  7546  7618 I System.out: encodedFrame: encodedFrame length1124
01-02 21:07:06.190  7546  7618 D RtspVideoRecorder: time = 133626200 videoStartTime = 133626134 encoderTs = 155225 frameData.length152064
01-02 21:07:06.190  7546  7618 I pvaencoder: Encode
01-02 21:07:06.200  7546  7618 I avenc_api: PVAVCEncSetInput
01-02 21:07:06.200  7546  7618 I dbp     : DPBInitBuffer
01-02 21:07:06.200  7546  7618 I dbp     : DPBInitBuffer final return AVC_SUCCESS
01-02 21:07:06.200  7546  7618 I reflist : RefListInit
01-02 21:07:06.210   154  7589 W CameraHardware: unknow focus status: -1
01-02 21:07:06.230  7546  7618 I avenc_api: PVAVCEncSetInput AVCENC_SUCCESS -> enc_state = AVCEnc_Encoding_Frame
01-02 21:07:06.230  7546  7618 I avenc_api: PVAVCEncSetInput return: final status
01-02 21:07:06.230  7546  7618 I pvaencoder: Encode AVCENC_SUCCESS-> return: EAVCEI_SUCCESS
01-02 21:07:06.230  7546  7618 I pvaencoder: GetOuput
01-02 21:07:06.230  7546  7618 I avenc_api: PVAVCEncodeNAL: 5
01-02 21:07:06.230  7546  7618 I avenc_api: PVAVCEncodeNAL: AVCEnc_Encoding_Frame
01-02 21:07:06.240   154  7589 W CameraHardware: unknow focus status: -1
01-02 21:07:06.250  7546  7618 I avenc_api: PVAVCEncodeNAL AVCEnc_Encoding_Frame -> enc_state = AVCEnc_Analyzing_Frame
01-02 21:07:06.250  7546  7618 I pvaencoder: GetOuput (iEncStatus == AVCENC_PICTURE_READY) -> return EAVCEI_SUCCESS
01-02 21:07:06.250  7546  7618 I System.out: RtpVideoRecorder: captureThread: encodeResult == 0
01-02 21:07:06.250  7546  7618 I System.out: encodedFrame: encodedFrame length359
01-02 21:07:06.260  7546  7618 D RtspVideoRecorder: time = 133626266 videoStartTime = 133626200 encoderTs = 155291 frameData.length152064
01-02 21:07:06.260  7546  7618 I pvaencoder: Encode
01-02 21:07:06.260  7546  7618 I avenc_api: PVAVCEncSetInput
01-02 21:07:06.260  7546  7618 I dbp     : DPBInitBuffer
01-02 21:07:06.260  7546  7618 I dbp     : DPBInitBuffer final return AVC_SUCCESS
01-02 21:07:06.260  7546  7618 I reflist : RefListInit
01-02 21:07:06.270   154  7589 W CameraHardware: unknow focus status: -1
01-02 21:07:06.290  7546  7618 I avenc_api: PVAVCEncSetInput AVCENC_SUCCESS -> enc_state = AVCEnc_Encoding_Frame
01-02 21:07:06.290  7546  7618 I avenc_api: PVAVCEncSetInput return: final status
01-02 21:07:06.290  7546  7618 I pvaencoder: Encode AVCENC_SUCCESS-> return: EAVCEI_SUCCESS
01-02 21:07:06.290  7546  7618 I pvaencoder: GetOuput
01-02 21:07:06.290  7546  7618 I avenc_api: PVAVCEncodeNAL: 5
01-02 21:07:06.290  7546  7618 I avenc_api: PVAVCEncodeNAL: AVCEnc_Encoding_Frame
01-02 21:07:06.300   154  7589 W CameraHardware: unknow focus status: -1
01-02 21:07:06.320  7546  7618 I avenc_api: PVAVCEncodeNAL AVCEnc_Encoding_Frame -> enc_state = AVCEnc_Analyzing_Frame
01-02 21:07:06.320  7546  7618 I pvaencoder: GetOuput (iEncStatus == AVCENC_PICTURE_READY) -> return EAVCEI_SUCCESS
01-02 21:07:06.320  7546  7618 I System.out: RtpVideoRecorder: captureThread: encodeResult == 0
01-02 21:07:06.320  7546  7618 I System.out: encodedFrame: encodedFrame length480
01-02 21:07:06.320  7546  7618 D RtspVideoRecorder: time = 133626333 videoStartTime = 133626266 encoderTs = 155358 frameData.length152064
01-02 21:07:06.320  7546  7618 I pvaencoder: Encode
01-02 21:07:06.330  7546  7618 I avenc_api: PVAVCEncSetInput
01-02 21:07:06.330  7546  7618 I dbp     : DPBInitBuffer
01-02 21:07:06.330  7546  7618 I dbp     : DPBInitBuffer final return AVC_SUCCESS
01-02 21:07:06.330  7546  7618 I reflist : RefListInit
01-02 21:07:06.330   154  7589 W CameraHardware: unknow focus status: -1
01-02 21:07:06.360  7546  7618 I avenc_api: PVAVCEncSetInput AVCENC_SUCCESS -> enc_state = AVCEnc_Encoding_Frame
01-02 21:07:06.360  7546  7618 I avenc_api: PVAVCEncSetInput return: final status
01-02 21:07:06.360  7546  7618 I pvaencoder: Encode AVCENC_SUCCESS-> return: EAVCEI_SUCCESS
01-02 21:07:06.360  7546  7618 I pvaencoder: GetOuput
01-02 21:07:06.360  7546  7618 I avenc_api: PVAVCEncodeNAL: 5
01-02 21:07:06.360  7546  7618 I avenc_api: PVAVCEncodeNAL: AVCEnc_Encoding_Frame
01-02 21:07:06.360   154  7589 W CameraHardware: unknow focus status: -1
01-02 21:07:06.380  7546  7618 I avenc_api: PVAVCEncodeNAL AVCEnc_Encoding_Frame -> enc_state = AVCEnc_Analyzing_Frame
01-02 21:07:06.380  7546  7618 I pvaencoder: GetOuput (iEncStatus == AVCENC_PICTURE_READY) -> return EAVCEI_SUCCESS
01-02 21:07:06.380  7546  7618 I System.out: RtpVideoRecorder: captureThread: encodeResult == 0
01-02 21:07:06.380  7546  7618 I System.out: encodedFrame: encodedFrame length830
01-02 21:07:06.380  7546  7617 W System.err: java.net.SocketException: sendto failed: ECONNREFUSED (Connection refused)
01-02 21:07:06.390  7546  7617 W System.err: 	at libcore.io.IoBridge.maybeThrowAfterSendto(IoBridge.java:499)
01-02 21:07:06.390  7546  7617 W System.err: 	at libcore.io.IoBridge.sendto(IoBridge.java:468)
01-02 21:07:06.390  7546  7617 W System.err: 	at java.net.PlainDatagramSocketImpl.send(PlainDatagramSocketImpl.java:182)
01-02 21:07:06.390   154  7589 W CameraHardware: unknow focus status: -1
01-02 21:07:06.390  7546  7617 W System.err: 	at java.net.DatagramSocket.send(DatagramSocket.java:281)
01-02 21:07:06.390  7546  7617 W System.err: 	at de.kp.net.rtp.RtpSocket.send(RtpSocket.java:128)
01-02 21:07:06.390  7546  7617 W System.err: 	at de.kp.net.rtp.RtpSender.send(RtpSender.java:79)
01-02 21:07:06.390  7546  7617 W System.err: 	at de.kp.net.rtp.stream.RtpOutputStream.transmit(RtpOutputStream.java:146)
01-02 21:07:06.390  7546  7617 W System.err: 	at de.kp.net.rtp.stream.RtpOutputStream.write(RtpOutputStream.java:86)
01-02 21:07:06.390  7546  7617 W System.err: 	at com.orangelabs.core.ims.protocol.rtp.CodecChain.doProcess(CodecChain.java:99)
01-02 21:07:06.390  7546  7617 W System.err: 	at com.orangelabs.core.ims.protocol.rtp.CodecChain.process(CodecChain.java:84)
01-02 21:07:06.390  7546  7617 W System.err: 	at com.orangelabs.core.ims.protocol.rtp.Processor.run(Processor.java:149)
01-02 21:07:06.390  7546  7617 W System.err: Caused by: libcore.io.ErrnoException: sendto failed: ECONNREFUSED (Connection refused)
01-02 21:07:06.390  7546  7617 W System.err: 	at libcore.io.Posix.sendtoBytes(Native Method)
01-02 21:07:06.390  7546  7617 W System.err: 	at libcore.io.Posix.sendto(Posix.java:156)
01-02 21:07:06.390  7546  7617 W System.err: 	at libcore.io.BlockGuardOs.sendto(BlockGuardOs.java:177)
01-02 21:07:06.390  7546  7617 W System.err: 	at libcore.io.IoBridge.sendto(IoBridge.java:466)
01-02 21:07:06.390  7546  7617 W System.err: 	... 9 more
01-02 21:07:06.390  7546  7617 E [RCS][RtpOutputStream]: Can't broadcast the RTP packet
01-02 21:07:06.390  7546  7617 W System.err: java.net.SocketException: sendto failed: ECONNREFUSED (Connection refused)
01-02 21:07:06.390  7546  7618 D RtspVideoRecorder: time = 133626399 videoStartTime = 133626333 encoderTs = 155424 frameData.length152064
01-02 21:07:06.390  7546  7617 W System.err: 	at libcore.io.IoBridge.maybeThrowAfterSendto(IoBridge.java:499)
01-02 21:07:06.390  7546  7617 W System.err: 	at libcore.io.IoBridge.sendto(IoBridge.java:468)
01-02 21:07:06.390  7546  7617 W System.err: 	at java.net.PlainDatagramSocketImpl.send(PlainDatagramSocketImpl.java:182)
01-02 21:07:06.390  7546  7617 W System.err: 	at java.net.DatagramSocket.send(DatagramSocket.java:281)
01-02 21:07:06.390  7546  7617 W System.err: 	at de.kp.net.rtp.RtpSocket.send(RtpSocket.java:128)
01-02 21:07:06.390  7546  7617 W System.err: 	at de.kp.net.rtp.RtpSender.send(RtpSender.java:79)
01-02 21:07:06.390  7546  7617 W System.err: 	at de.kp.net.rtp.stream.RtpOutputStream.transmit(RtpOutputStream.java:146)
01-02 21:07:06.390  7546  7617 W System.err: 	at de.kp.net.rtp.stream.RtpOutputStream.write(RtpOutputStream.java:86)
01-02 21:07:06.390  7546  7617 W System.err: 	at com.orangelabs.core.ims.protocol.rtp.CodecChain.doProcess(CodecChain.java:99)
01-02 21:07:06.390  7546  7617 W System.err: 	at com.orangelabs.core.ims.protocol.rtp.CodecChain.process(CodecChain.java:84)
01-02 21:07:06.390  7546  7617 W System.err: 	at com.orangelabs.core.ims.protocol.rtp.Processor.run(Processor.java:149)
01-02 21:07:06.390  7546  7617 W System.err: Caused by: libcore.io.ErrnoException: sendto failed: ECONNREFUSED (Connection refused)
01-02 21:07:06.390  7546  7617 W System.err: 	at libcore.io.Posix.sendtoBytes(Native Method)
01-02 21:07:06.390  7546  7617 W System.err: 	at libcore.io.Posix.sendto(Posix.java:156)
01-02 21:07:06.390  7546  7617 W System.err: 	at libcore.io.BlockGuardOs.sendto(BlockGuardOs.java:177)
