01-02 21:07:06.390  7546  7617 W System.err: 	at libcore.io.IoBridge.sendto(IoBridge.java:466)
01-02 21:07:06.390  7546  7617 W System.err: 	... 9 more
01-02 21:07:06.390  7546  7618 I pvaencoder: Encode
01-02 21:07:06.390  7546  7618 I avenc_api: PVAVCEncSetInput
01-02 21:07:06.390  7546  7618 I dbp     : DPBInitBuffer
01-02 21:07:06.390  7546  7618 I dbp     : DPBInitBuffer final return AVC_SUCCESS
01-02 21:07:06.390  7546  7618 I reflist : RefListInit
01-02 21:07:06.420   154  7589 W CameraHardware: unknow focus status: -1
01-02 21:07:06.420  7546  7618 I avenc_api: PVAVCEncSetInput AVCENC_SUCCESS -> enc_state = AVCEnc_Encoding_Frame
01-02 21:07:06.420  7546  7618 I avenc_api: PVAVCEncSetInput return: final status
01-02 21:07:06.420  7546  7618 I pvaencoder: Encode AVCENC_SUCCESS-> return: EAVCEI_SUCCESS
01-02 21:07:06.420  7546  7618 I pvaencoder: GetOuput
01-02 21:07:06.420  7546  7618 I avenc_api: PVAVCEncodeNAL: 5
01-02 21:07:06.420  7546  7618 I avenc_api: PVAVCEncodeNAL: AVCEnc_Encoding_Frame
01-02 21:07:06.440  7546  7618 I avenc_api: PVAVCEncodeNAL AVCEnc_Encoding_Frame -> enc_state = AVCEnc_Analyzing_Frame
01-02 21:07:06.440  7546  7618 I pvaencoder: GetOuput (iEncStatus == AVCENC_PICTURE_READY) -> return EAVCEI_SUCCESS
01-02 21:07:06.440  7546  7618 I System.out: RtpVideoRecorder: captureThread: encodeResult == 0
01-02 21:07:06.440  7546  7618 I System.out: encodedFrame: encodedFrame length191
01-02 21:07:06.450   154  7589 W CameraHardware: unknow focus status: -1
01-02 21:07:06.460  7546  7618 D RtspVideoRecorder: time = 133626464 videoStartTime = 133626399 encoderTs = 155489 frameData.length152064
01-02 21:07:06.460  7546  7618 I pvaencoder: Encode
01-02 21:07:06.460  7546  7618 I avenc_api: PVAVCEncSetInput
01-02 21:07:06.460  7546  7618 I dbp     : DPBInitBuffer
01-02 21:07:06.460  7546  7618 I dbp     : DPBInitBuffer final return AVC_SUCCESS
01-02 21:07:06.460  7546  7618 I reflist : RefListInit
01-02 21:07:06.480   154  7589 W CameraHardware: unknow focus status: -1
01-02 21:07:06.490  7546  7618 I avenc_api: PVAVCEncSetInput AVCENC_SUCCESS -> enc_state = AVCEnc_Encoding_Frame
01-02 21:07:06.490  7546  7618 I avenc_api: PVAVCEncSetInput return: final status
01-02 21:07:06.490  7546  7618 I pvaencoder: Encode AVCENC_SUCCESS-> return: EAVCEI_SUCCESS
01-02 21:07:06.490  7546  7618 I pvaencoder: GetOuput
01-02 21:07:06.490  7546  7618 I avenc_api: PVAVCEncodeNAL: 5
01-02 21:07:06.490  7546  7618 I avenc_api: PVAVCEncodeNAL: AVCEnc_Encoding_Frame
01-02 21:07:06.510   154  7589 W CameraHardware: unknow focus status: -1
01-02 21:07:06.510  7546  7618 I avenc_api: PVAVCEncodeNAL AVCEnc_Encoding_Frame -> enc_state = AVCEnc_Analyzing_Frame
01-02 21:07:06.510  7546  7618 I pvaencoder: GetOuput (iEncStatus == AVCENC_PICTURE_READY) -> return EAVCEI_SUCCESS
01-02 21:07:06.510  7546  7618 I System.out: RtpVideoRecorder: captureThread: encodeResult == 0
01-02 21:07:06.510  7546  7618 I System.out: encodedFrame: encodedFrame length476
01-02 21:07:06.520  7546  7618 D RtspVideoRecorder: time = 133626530 videoStartTime = 133626464 encoderTs = 155555 frameData.length152064
01-02 21:07:06.520  7546  7618 I pvaencoder: Encode
01-02 21:07:06.520  7546  7618 I avenc_api: PVAVCEncSetInput
01-02 21:07:06.520  7546  7618 I dbp     : DPBInitBuffer
01-02 21:07:06.520  7546  7618 I dbp     : DPBInitBuffer final return AVC_SUCCESS
01-02 21:07:06.520  7546  7618 I reflist : RefListInit
01-02 21:07:06.540   154  7589 W CameraHardware: unknow focus status: -1
01-02 21:07:06.550  7546  7618 I avenc_api: PVAVCEncSetInput AVCENC_SUCCESS -> enc_state = AVCEnc_Encoding_Frame
01-02 21:07:06.550  7546  7618 I avenc_api: PVAVCEncSetInput return: final status
01-02 21:07:06.550  7546  7618 I pvaencoder: Encode AVCENC_SUCCESS-> return: EAVCEI_SUCCESS
01-02 21:07:06.550  7546  7618 I pvaencoder: GetOuput
01-02 21:07:06.550  7546  7618 I avenc_api: PVAVCEncodeNAL: 5
01-02 21:07:06.550  7546  7618 I avenc_api: PVAVCEncodeNAL: AVCEnc_Encoding_Frame
01-02 21:07:06.570   154  7589 W CameraHardware: unknow focus status: -1
01-02 21:07:06.570  7546  7618 I avenc_api: PVAVCEncodeNAL AVCEnc_Encoding_Frame -> enc_state = AVCEnc_Analyzing_Frame
01-02 21:07:06.570  7546  7618 I pvaencoder: GetOuput (iEncStatus == AVCENC_PICTURE_READY) -> return EAVCEI_SUCCESS
01-02 21:07:06.570  7546  7618 I System.out: RtpVideoRecorder: captureThread: encodeResult == 0
01-02 21:07:06.570  7546  7618 I System.out: encodedFrame: encodedFrame length631
01-02 21:07:06.590  7546  7618 D RtspVideoRecorder: time = 133626595 videoStartTime = 133626530 encoderTs = 155620 frameData.length152064
01-02 21:07:06.590  7546  7618 I pvaencoder: Encode
01-02 21:07:06.590  7546  7618 I avenc_api: PVAVCEncSetInput
01-02 21:07:06.590  7546  7618 I dbp     : DPBInitBuffer
01-02 21:07:06.590  7546  7618 I dbp     : DPBInitBuffer final return AVC_SUCCESS
01-02 21:07:06.590  7546  7618 I reflist : RefListInit
01-02 21:07:06.600   154  7589 W CameraHardware: unknow focus status: -1
01-02 21:07:06.620  7546  7618 I avenc_api: PVAVCEncSetInput AVCENC_SUCCESS -> enc_state = AVCEnc_Encoding_Frame
01-02 21:07:06.620  7546  7618 I avenc_api: PVAVCEncSetInput return: final status
01-02 21:07:06.620  7546  7618 I pvaencoder: Encode AVCENC_SUCCESS-> return: EAVCEI_SUCCESS
01-02 21:07:06.620  7546  7618 I pvaencoder: GetOuput
01-02 21:07:06.620  7546  7618 I avenc_api: PVAVCEncodeNAL: 5
01-02 21:07:06.620  7546  7618 I avenc_api: PVAVCEncodeNAL: AVCEnc_Encoding_Frame
01-02 21:07:06.630   154  7589 W CameraHardware: unknow focus status: -1
01-02 21:07:06.640  7546  7618 I avenc_api: PVAVCEncodeNAL AVCEnc_Encoding_Frame -> enc_state = AVCEnc_Analyzing_Frame
01-02 21:07:06.640  7546  7618 I pvaencoder: GetOuput (iEncStatus == AVCENC_PICTURE_READY) -> return EAVCEI_SUCCESS
01-02 21:07:06.640  7546  7618 I System.out: RtpVideoRecorder: captureThread: encodeResult == 0
01-02 21:07:06.640  7546  7618 I System.out: encodedFrame: encodedFrame length613
01-02 21:07:06.650  7546  7618 D RtspVideoRecorder: time = 133626660 videoStartTime = 133626595 encoderTs = 155685 frameData.length152064
01-02 21:07:06.650  7546  7618 I pvaencoder: Encode
01-02 21:07:06.650  7546  7618 I avenc_api: PVAVCEncSetInput
01-02 21:07:06.650  7546  7618 I dbp     : DPBInitBuffer
01-02 21:07:06.650  7546  7618 I dbp     : DPBInitBuffer final return AVC_SUCCESS
01-02 21:07:06.650  7546  7618 I reflist : RefListInit
01-02 21:07:06.660   154  7589 W CameraHardware: unknow focus status: -1
01-02 21:07:06.680  7546  7618 I avenc_api: PVAVCEncSetInput AVCENC_SUCCESS -> enc_state = AVCEnc_Encoding_Frame
01-02 21:07:06.680  7546  7618 I avenc_api: PVAVCEncSetInput return: final status
01-02 21:07:06.680  7546  7618 I pvaencoder: Encode AVCENC_SUCCESS-> return: EAVCEI_SUCCESS
01-02 21:07:06.680  7546  7618 I pvaencoder: GetOuput
01-02 21:07:06.680  7546  7618 I avenc_api: PVAVCEncodeNAL: 5
01-02 21:07:06.680  7546  7618 I avenc_api: PVAVCEncodeNAL: AVCEnc_Encoding_Frame
01-02 21:07:06.690   154  7589 W CameraHardware: unknow focus status: -1
01-02 21:07:06.700  7546  7618 I avenc_api: PVAVCEncodeNAL AVCEnc_Encoding_Frame -> enc_state = AVCEnc_Analyzing_Frame
01-02 21:07:06.700  7546  7618 I pvaencoder: GetOuput (iEncStatus == AVCENC_PICTURE_READY) -> return EAVCEI_SUCCESS
01-02 21:07:06.700  7546  7618 I System.out: RtpVideoRecorder: captureThread: encodeResult == 0
01-02 21:07:06.700  7546  7618 I System.out: encodedFrame: encodedFrame length773
01-02 21:07:06.720  7546  7618 D RtspVideoRecorder: time = 133626725 videoStartTime = 133626660 encoderTs = 155750 frameData.length152064
01-02 21:07:06.720  7546  7618 I pvaencoder: Encode
01-02 21:07:06.720  7546  7618 I avenc_api: PVAVCEncSetInput
01-02 21:07:06.720  7546  7618 I dbp     : DPBInitBuffer
01-02 21:07:06.720  7546  7618 I dbp     : DPBInitBuffer final return AVC_SUCCESS
01-02 21:07:06.720  7546  7618 I reflist : RefListInit
01-02 21:07:06.720   154  7589 W CameraHardware: unknow focus status: -1
01-02 21:07:06.750  7546  7618 I avenc_api: PVAVCEncSetInput AVCENC_SUCCESS -> enc_state = AVCEnc_Encoding_Frame
01-02 21:07:06.750  7546  7618 I avenc_api: PVAVCEncSetInput return: final status
01-02 21:07:06.750  7546  7618 I pvaencoder: Encode AVCENC_SUCCESS-> return: EAVCEI_SUCCESS
01-02 21:07:06.750  7546  7618 I pvaencoder: GetOuput
01-02 21:07:06.750  7546  7618 I avenc_api: PVAVCEncodeNAL: 5
01-02 21:07:06.750  7546  7618 I avenc_api: PVAVCEncodeNAL: AVCEnc_Encoding_Frame
01-02 21:07:06.750   154  7589 W CameraHardware: unknow focus status: -1
01-02 21:07:06.770  7546  7618 I avenc_api: PVAVCEncodeNAL AVCEnc_Encoding_Frame -> enc_state = AVCEnc_Analyzing_Frame
01-02 21:07:06.770  7546  7618 I pvaencoder: GetOuput (iEncStatus == AVCENC_PICTURE_READY) -> return EAVCEI_SUCCESS
01-02 21:07:06.770  7546  7618 I System.out: RtpVideoRecorder: captureThread: encodeResult == 0
01-02 21:07:06.770  7546  7618 I System.out: encodedFrame: encodedFrame length531
01-02 21:07:06.780   154  7589 W CameraHardware: unknow focus status: -1
01-02 21:07:06.780  7546  7618 D RtspVideoRecorder: time = 133626790 videoStartTime = 133626725 encoderTs = 155815 frameData.length152064
01-02 21:07:06.780  7546  7618 I pvaencoder: Encode
01-02 21:07:06.780  7546  7618 I avenc_api: PVAVCEncSetInput
01-02 21:07:06.780  7546  7618 I dbp     : DPBInitBuffer
01-02 21:07:06.780  7546  7618 I dbp     : DPBInitBuffer final return AVC_SUCCESS
01-02 21:07:06.780  7546  7618 I reflist : RefListInit
01-02 21:07:06.810  7546  7618 I avenc_api: PVAVCEncSetInput AVCENC_SUCCESS -> enc_state = AVCEnc_Encoding_Frame
01-02 21:07:06.810  7546  7618 I avenc_api: PVAVCEncSetInput return: final status
01-02 21:07:06.810  7546  7618 I pvaencoder: Encode AVCENC_SUCCESS-> return: EAVCEI_SUCCESS
01-02 21:07:06.810  7546  7618 I pvaencoder: GetOuput
01-02 21:07:06.810  7546  7618 I avenc_api: PVAVCEncodeNAL: 5
01-02 21:07:06.810  7546  7618 I avenc_api: PVAVCEncodeNAL: AVCEnc_Encoding_Frame
01-02 21:07:06.810   154  7589 W CameraHardware: unknow focus status: -1
01-02 21:07:06.830  7546  7618 I avenc_api: PVAVCEncodeNAL AVCEnc_Encoding_Frame -> enc_state = AVCEnc_Analyzing_Frame
01-02 21:07:06.830  7546  7618 I pvaencoder: GetOuput (iEncStatus == AVCENC_PICTURE_READY) -> return EAVCEI_SUCCESS
01-02 21:07:06.830  7546  7618 I System.out: RtpVideoRecorder: captureThread: encodeResult == 0
01-02 21:07:06.830  7546  7618 I System.out: encodedFrame: encodedFrame length666
01-02 21:07:06.840   154  7589 W CameraHardware: unknow focus status: -1
01-02 21:07:06.850  7546  7618 D RtspVideoRecorder: time = 133626855 videoStartTime = 133626790 encoderTs = 155880 frameData.length152064
01-02 21:07:06.850  7546  7618 I pvaencoder: Encode
01-02 21:07:06.850  7546  7618 I avenc_api: PVAVCEncSetInput
01-02 21:07:06.850  7546  7618 I dbp     : DPBInitBuffer
01-02 21:07:06.850  7546  7618 I dbp     : DPBInitBuffer final return AVC_SUCCESS
01-02 21:07:06.850  7546  7618 I reflist : RefListInit
01-02 21:07:06.870   154  7589 W CameraHardware: unknow focus status: -1
01-02 21:07:06.880  7546  7618 I avenc_api: PVAVCEncSetInput AVCENC_SUCCESS -> enc_state = AVCEnc_Encoding_Frame
01-02 21:07:06.880  7546  7618 I avenc_api: PVAVCEncSetInput return: final status
01-02 21:07:06.880  7546  7618 I pvaencoder: Encode AVCENC_SUCCESS-> return: EAVCEI_SUCCESS
01-02 21:07:06.880  7546  7618 I pvaencoder: GetOuput
01-02 21:07:06.880  7546  7618 I avenc_api: PVAVCEncodeNAL: 5
01-02 21:07:06.880  7546  7618 I avenc_api: PVAVCEncodeNAL: AVCEnc_Encoding_Frame
01-02 21:07:06.900  7546  7618 I avenc_api: PVAVCEncodeNAL AVCEnc_Encoding_Frame -> enc_state = AVCEnc_Analyzing_Frame
01-02 21:07:06.900  7546  7618 I pvaencoder: GetOuput (iEncStatus == AVCENC_PICTURE_READY) -> return EAVCEI_SUCCESS
01-02 21:07:06.900  7546  7618 I System.out: RtpVideoRecorder: captureThread: encodeResult == 0
01-02 21:07:06.900  7546  7618 I System.out: encodedFrame: encodedFrame length639
01-02 21:07:06.900   154  7589 W CameraHardware: unknow focus status: -1
01-02 21:07:06.910  7546  7618 D RtspVideoRecorder: time = 133626920 videoStartTime = 133626855 encoderTs = 155945 frameData.length152064
01-02 21:07:06.910  7546  7618 I pvaencoder: Encode
01-02 21:07:06.910  7546  7618 I avenc_api: PVAVCEncSetInput
01-02 21:07:06.910  7546  7618 I avenc_api: PVAVCEncSetInput return: AVCENC_SKIPPED_PICTURE
01-02 21:07:06.910  7546  7618 I pvaencoder: Encode AVCENC_SKIPPED_PICTURE-> return: EAVCEI_FRAME_DROP
01-02 21:07:06.910  7546  7618 I NativeEnc: Encode fail with code: 2
01-02 21:07:06.910  7546  7618 I System.out: RtpVideoRecorder: captureThread: encodeResult == 2
01-02 21:07:06.930   154  7589 W CameraHardware: unknow focus status: -1
01-02 21:07:06.960   154  7589 W CameraHardware: unknow focus status: -1
01-02 21:07:06.970  7546  7618 D RtspVideoRecorder: time = 133626980 videoStartTime = 133626920 encoderTs = 156005 frameData.length152064
01-02 21:07:06.970  7546  7618 I pvaencoder: Encode
01-02 21:07:06.970  7546  7618 I avenc_api: PVAVCEncSetInput
01-02 21:07:06.970  7546  7618 I dbp     : DPBInitBuffer
01-02 21:07:06.970  7546  7618 I dbp     : DPBInitBuffer final return AVC_SUCCESS
01-02 21:07:06.970  7546  7618 I reflist : RefListInit
01-02 21:07:06.990   154  7589 W CameraHardware: unknow focus status: -1
01-02 21:07:07.000  7546  7618 I avenc_api: PVAVCEncSetInput AVCENC_SUCCESS -> enc_state = AVCEnc_Encoding_Frame
01-02 21:07:07.000  7546  7618 I avenc_api: PVAVCEncSetInput return: final status
01-02 21:07:07.000  7546  7618 I pvaencoder: Encode AVCENC_SUCCESS-> return: EAVCEI_SUCCESS
01-02 21:07:07.000  7546  7618 I pvaencoder: GetOuput
01-02 21:07:07.000  7546  7618 I avenc_api: PVAVCEncodeNAL: 5
01-02 21:07:07.000  7546  7618 I avenc_api: PVAVCEncodeNAL: AVCEnc_Encoding_Frame
01-02 21:07:07.020   154  7589 W CameraHardware: unknow focus status: -1
01-02 21:07:07.020  7546  7618 I avenc_api: PVAVCEncodeNAL AVCEnc_Encoding_Frame -> enc_state = AVCEnc_Analyzing_Frame
01-02 21:07:07.020  7546  7618 I pvaencoder: GetOuput (iEncStatus == AVCENC_PICTURE_READY) -> return EAVCEI_SUCCESS
01-02 21:07:07.020  7546  7618 I System.out: RtpVideoRecorder: captureThread: encodeResult == 0
01-02 21:07:07.020  7546  7618 I System.out: encodedFrame: encodedFrame length663
01-02 21:07:07.040  7546  7618 D RtspVideoRecorder: time = 133627045 videoStartTime = 133626980 encoderTs = 156070 frameData.length152064
01-02 21:07:07.040  7546  7618 I pvaencoder: Encode
01-02 21:07:07.040  7546  7618 I avenc_api: PVAVCEncSetInput
01-02 21:07:07.040  7546  7618 I dbp     : DPBInitBuffer
01-02 21:07:07.040  7546  7618 I dbp     : DPBInitBuffer final return AVC_SUCCESS
01-02 21:07:07.040  7546  7618 I reflist : RefListInit
01-02 21:07:07.050   154  7589 W CameraHardware: unknow focus status: -1
01-02 21:07:07.060  7546  7618 I avenc_api: PVAVCEncSetInput AVCENC_SUCCESS -> enc_state = AVCEnc_Encoding_Frame
01-02 21:07:07.060  7546  7618 I avenc_api: PVAVCEncSetInput return: final status
01-02 21:07:07.060  7546  7618 I pvaencoder: Encode AVCENC_SUCCESS-> return: EAVCEI_SUCCESS
01-02 21:07:07.060  7546  7618 I pvaencoder: GetOuput
01-02 21:07:07.060  7546  7618 I avenc_api: PVAVCEncodeNAL: 5
01-02 21:07:07.060  7546  7618 I avenc_api: PVAVCEncodeNAL: AVCEnc_Encoding_Frame
01-02 21:07:07.080   154  7589 W CameraHardware: unknow focus status: -1
01-02 21:07:07.090  7546  7618 I avenc_api: PVAVCEncodeNAL AVCEnc_Encoding_Frame -> enc_state = AVCEnc_Analyzing_Frame
01-02 21:07:07.090  7546  7618 I pvaencoder: GetOuput (iEncStatus == AVCENC_PICTURE_READY) -> return EAVCEI_SUCCESS
01-02 21:07:07.090  7546  7618 I System.out: RtpVideoRecorder: captureThread: encodeResult == 0
01-02 21:07:07.090  7546  7618 I System.out: encodedFrame: encodedFrame length773
01-02 21:07:07.100  7546  7618 D RtspVideoRecorder: time = 133627110 videoStartTime = 133627045 encoderTs = 156135 frameData.length152064
01-02 21:07:07.100  7546  7618 I pvaencoder: Encode
01-02 21:07:07.100  7546  7618 I avenc_api: PVAVCEncSetInput
01-02 21:07:07.100  7546  7618 I dbp     : DPBInitBuffer
01-02 21:07:07.100  7546  7618 I dbp     : DPBInitBuffer final return AVC_SUCCESS
01-02 21:07:07.100  7546  7618 I reflist : RefListInit
01-02 21:07:07.110   154  7589 W CameraHardware: unknow focus status: -1
01-02 21:07:07.130  7546  7618 I avenc_api: PVAVCEncSetInput AVCENC_SUCCESS -> enc_state = AVCEnc_Encoding_Frame
01-02 21:07:07.130  7546  7618 I avenc_api: PVAVCEncSetInput return: final status
01-02 21:07:07.130  7546  7618 I pvaencoder: Encode AVCENC_SUCCESS-> return: EAVCEI_SUCCESS
01-02 21:07:07.130  7546  7618 I pvaencoder: GetOuput
01-02 21:07:07.130  7546  7618 I avenc_api: PVAVCEncodeNAL: 5
01-02 21:07:07.130  7546  7618 I avenc_api: PVAVCEncodeNAL: AVCEnc_Encoding_Frame
01-02 21:07:07.140   154  7589 W CameraHardware: unknow focus status: -1
01-02 21:07:07.150  7546  7618 I avenc_api: PVAVCEncodeNAL AVCEnc_Encoding_Frame -> enc_state = AVCEnc_Analyzing_Frame
01-02 21:07:07.150  7546  7618 I pvaencoder: GetOuput (iEncStatus == AVCENC_PICTURE_READY) -> return EAVCEI_SUCCESS
01-02 21:07:07.150  7546  7618 I System.out: RtpVideoRecorder: captureThread: encodeResult == 0
01-02 21:07:07.150  7546  7618 I System.out: encodedFrame: encodedFrame length806
01-02 21:07:07.170  7546  7618 D RtspVideoRecorder: time = 133627176 videoStartTime = 133627110 encoderTs = 156201 frameData.length152064
01-02 21:07:07.170  7546  7618 I pvaencoder: Encode
01-02 21:07:07.170  7546  7618 I avenc_api: PVAVCEncSetInput
01-02 21:07:07.170  7546  7618 I dbp     : DPBInitBuffer
01-02 21:07:07.170  7546  7618 I dbp     : DPBInitBuffer final return AVC_SUCCESS
01-02 21:07:07.170  7546  7618 I reflist : RefListInit
01-02 21:07:07.170   154  7589 W CameraHardware: unknow focus status: -1
01-02 21:07:07.190  7546  7618 I avenc_api: PVAVCEncSetInput AVCENC_SUCCESS -> enc_state = AVCEnc_Encoding_Frame
01-02 21:07:07.190  7546  7618 I avenc_api: PVAVCEncSetInput return: final status
01-02 21:07:07.190  7546  7618 I pvaencoder: Encode AVCENC_SUCCESS-> return: EAVCEI_SUCCESS
01-02 21:07:07.190  7546  7618 I pvaencoder: GetOuput
01-02 21:07:07.190  7546  7618 I avenc_api: PVAVCEncodeNAL: 5
01-02 21:07:07.190  7546  7618 I avenc_api: PVAVCEncodeNAL: AVCEnc_Encoding_Frame
01-02 21:07:07.200   154  7589 W CameraHardware: unknow focus status: -1
01-02 21:07:07.210  7546  7618 I avenc_api: PVAVCEncodeNAL AVCEnc_Encoding_Frame -> enc_state = AVCEnc_Analyzing_Frame
01-02 21:07:07.210  7546  7618 I pvaencoder: GetOuput (iEncStatus == AVCENC_PICTURE_READY) -> return EAVCEI_SUCCESS
01-02 21:07:07.210  7546  7618 I System.out: RtpVideoRecorder: captureThread: encodeResult == 0
01-02 21:07:07.210  7546  7618 I System.out: encodedFrame: encodedFrame length296
01-02 21:07:07.230  7546  7618 D RtspVideoRecorder: time = 133627240 videoStartTime = 133627176 encoderTs = 156265 frameData.length152064
01-02 21:07:07.230  7546  7618 I pvaencoder: Encode
01-02 21:07:07.230   154  7589 W CameraHardware: unknow focus status: -1
01-02 21:07:07.230  7546  7618 I avenc_api: PVAVCEncSetInput
01-02 21:07:07.230  7546  7618 I dbp     : DPBInitBuffer
01-02 21:07:07.230  7546  7618 I dbp     : DPBInitBuffer final return AVC_SUCCESS
01-02 21:07:07.230  7546  7618 I reflist : RefListInit
01-02 21:07:07.260  7546  7618 I avenc_api: PVAVCEncSetInput AVCENC_SUCCESS -> enc_state = AVCEnc_Encoding_Frame
01-02 21:07:07.260  7546  7618 I avenc_api: PVAVCEncSetInput return: final status
01-02 21:07:07.260  7546  7618 I pvaencoder: Encode AVCENC_SUCCESS-> return: EAVCEI_SUCCESS
01-02 21:07:07.260  7546  7618 I pvaencoder: GetOuput
01-02 21:07:07.260  7546  7618 I avenc_api: PVAVCEncodeNAL: 5
01-02 21:07:07.260  7546  7618 I avenc_api: PVAVCEncodeNAL: AVCEnc_Encoding_Frame
01-02 21:07:07.260   154  7589 W CameraHardware: unknow focus status: -1
01-02 21:07:07.280  7546  7618 I avenc_api: PVAVCEncodeNAL AVCEnc_Encoding_Frame -> enc_state = AVCEnc_Analyzing_Frame
01-02 21:07:07.280  7546  7618 I pvaencoder: GetOuput (iEncStatus == AVCENC_PICTURE_READY) -> return EAVCEI_SUCCESS
01-02 21:07:07.280  7546  7618 I System.out: RtpVideoRecorder: captureThread: encodeResult == 0
01-02 21:07:07.280  7546  7618 I System.out: encodedFrame: encodedFrame length573
01-02 21:07:07.290   154  7589 W CameraHardware: unknow focus status: -1
01-02 21:07:07.300  7546  7618 D RtspVideoRecorder: time = 133627305 videoStartTime = 133627240 encoderTs = 156330 frameData.length152064
01-02 21:07:07.300  7546  7618 I pvaencoder: Encode
01-02 21:07:07.300  7546  7618 I avenc_api: PVAVCEncSetInput
01-02 21:07:07.300  7546  7618 I dbp     : DPBInitBuffer
01-02 21:07:07.300  7546  7618 I dbp     : DPBInitBuffer final return AVC_SUCCESS
01-02 21:07:07.300  7546  7618 I reflist : RefListInit
01-02 21:07:07.320  7546  7618 I avenc_api: PVAVCEncSetInput AVCENC_SUCCESS -> enc_state = AVCEnc_Encoding_Frame
01-02 21:07:07.320   154  7589 W CameraHardware: unknow focus status: -1
01-02 21:07:07.320  7546  7618 I avenc_api: PVAVCEncSetInput return: final status
01-02 21:07:07.320  7546  7618 I pvaencoder: Encode AVCENC_SUCCESS-> return: EAVCEI_SUCCESS
01-02 21:07:07.320  7546  7618 I pvaencoder: GetOuput
01-02 21:07:07.320  7546  7618 I avenc_api: PVAVCEncodeNAL: 5
01-02 21:07:07.320  7546  7618 I avenc_api: PVAVCEncodeNAL: AVCEnc_Encoding_Frame
01-02 21:07:07.340  7546  7618 I avenc_api: PVAVCEncodeNAL AVCEnc_Encoding_Frame -> enc_state = AVCEnc_Analyzing_Frame
01-02 21:07:07.340  7546  7618 I pvaencoder: GetOuput (iEncStatus == AVCENC_PICTURE_READY) -> return EAVCEI_SUCCESS
01-02 21:07:07.340  7546  7618 I System.out: RtpVideoRecorder: captureThread: encodeResult == 0
01-02 21:07:07.340  7546  7618 I System.out: encodedFrame: encodedFrame length475
01-02 21:07:07.340  7546  7617 W System.err: java.net.SocketException: sendto failed: ECONNREFUSED (Connection refused)
01-02 21:07:07.340  7546  7617 W System.err: 	at libcore.io.IoBridge.maybeThrowAfterSendto(IoBridge.java:499)
01-02 21:07:07.340  7546  7617 W System.err: 	at libcore.io.IoBridge.sendto(IoBridge.java:468)
01-02 21:07:07.340  7546  7617 W System.err: 	at java.net.PlainDatagramSocketImpl.send(PlainDatagramSocketImpl.java:182)
01-02 21:07:07.340  7546  7617 W System.err: 	at java.net.DatagramSocket.send(DatagramSocket.java:281)
01-02 21:07:07.340  7546  7617 W System.err: 	at de.kp.net.rtp.RtpSocket.send(RtpSocket.java:128)
01-02 21:07:07.350  7546  7617 W System.err: 	at de.kp.net.rtp.RtpSender.send(RtpSender.java:79)
01-02 21:07:07.350  7546  7617 W System.err: 	at de.kp.net.rtp.stream.RtpOutputStream.transmit(RtpOutputStream.java:146)
01-02 21:07:07.350  7546  7617 W System.err: 	at de.kp.net.rtp.stream.RtpOutputStream.write(RtpOutputStream.java:86)
01-02 21:07:07.350  7546  7617 W System.err: 	at com.orangelabs.core.ims.protocol.rtp.CodecChain.doProcess(CodecChain.java:99)
01-02 21:07:07.350  7546  7617 W System.err: 	at com.orangelabs.core.ims.protocol.rtp.CodecChain.process(CodecChain.java:84)
01-02 21:07:07.350  7546  7617 W System.err: 	at com.orangelabs.core.ims.protocol.rtp.Processor.run(Processor.java:149)
01-02 21:07:07.350  7546  7617 W System.err: Caused by: libcore.io.ErrnoException: sendto failed: ECONNREFUSED (Connection refused)
01-02 21:07:07.350  7546  7617 W System.err: 	at libcore.io.Posix.sendtoBytes(Native Method)
01-02 21:07:07.350  7546  7617 W System.err: 	at libcore.io.Posix.sendto(Posix.java:156)
01-02 21:07:07.350  7546  7617 W System.err: 	at libcore.io.BlockGuardOs.sendto(BlockGuardOs.java:177)
01-02 21:07:07.350  7546  7617 W System.err: 	at libcore.io.IoBridge.sendto(IoBridge.java:466)
01-02 21:07:07.350  7546  7617 W System.err: 	... 9 more
01-02 21:07:07.350  7546  7617 E [RCS][RtpOutputStream]: Can't broadcast the RTP packet
01-02 21:07:07.350  7546  7617 W System.err: java.net.SocketException: sendto failed: ECONNREFUSED (Connection refused)
01-02 21:07:07.350  7546  7617 W System.err: 	at libcore.io.IoBridge.maybeThrowAfterSendto(IoBridge.java:499)
01-02 21:07:07.350  7546  7617 W System.err: 	at libcore.io.IoBridge.sendto(IoBridge.java:468)
01-02 21:07:07.350  7546  7617 W System.err: 	at java.net.PlainDatagramSocketImpl.send(PlainDatagramSocketImpl.java:182)
01-02 21:07:07.350  7546  7617 W System.err: 	at java.net.DatagramSocket.send(DatagramSocket.java:281)
01-02 21:07:07.350  7546  7617 W System.err: 	at de.kp.net.rtp.RtpSocket.send(RtpSocket.java:128)
01-02 21:07:07.350  7546  7617 W System.err: 	at de.kp.net.rtp.RtpSender.send(RtpSender.java:79)
01-02 21:07:07.350  7546  7617 W System.err: 	at de.kp.net.rtp.stream.RtpOutputStream.transmit(RtpOutputStream.java:146)
01-02 21:07:07.350  7546  7617 W System.err: 	at de.kp.net.rtp.stream.RtpOutputStream.write(RtpOutputStream.java:86)
01-02 21:07:07.350  7546  7617 W System.err: 	at com.orangelabs.core.ims.protocol.rtp.CodecChain.doProcess(CodecChain.java:99)
01-02 21:07:07.350  7546  7617 W System.err: 	at com.orangelabs.core.ims.protocol.rtp.CodecChain.process(CodecChain.java:84)
01-02 21:07:07.350  7546  7617 W System.err: 	at com.orangelabs.core.ims.protocol.rtp.Processor.run(Processor.java:149)
01-02 21:07:07.350  7546  7617 W System.err: Caused by: libcore.io.ErrnoException: sendto failed: ECONNREFUSED (Connection refused)
01-02 21:07:07.350  7546  7617 W System.err: 	at libcore.io.Posix.sendtoBytes(Native Method)
01-02 21:07:07.350  7546  7617 W System.err: 	at libcore.io.Posix.sendto(Posix.java:156)
01-02 21:07:07.350  7546  7617 W System.err: 	at libcore.io.BlockGuardOs.sendto(BlockGuardOs.java:177)
01-02 21:07:07.350  7546  7617 W System.err: 	at libcore.io.IoBridge.sendto(IoBridge.java:466)
01-02 21:07:07.350  7546  7617 W System.err: 	... 9 more
01-02 21:07:07.350   154  7589 W CameraHardware: unknow focus status: -1
01-02 21:07:07.380   154  7589 W CameraHardware: unknow focus status: -1
01-02 21:07:07.410   154  7589 W CameraHardware: unknow focus status: -1
01-02 21:07:07.440   154  7589 W CameraHardware: unknow focus status: -1
01-02 21:07:07.470   154  7589 W CameraHardware: unknow focus status: -1
01-02 21:07:07.500   154  7589 W CameraHardware: unknow focus status: -1
01-02 21:07:07.530   154  7589 W CameraHardware: unknow focus status: -1
01-02 21:07:07.560   154  7589 W CameraHardware: unknow focus status: -1
01-02 21:07:07.590   154  7589 W CameraHardware: unknow focus status: -1
01-02 21:07:07.610  7546  7631 D dalvikvm: JIT unchain all for threadid=12
01-02 21:07:07.620  7546  7631 D dalvikvm: GC_FOR_ALLOC freed 1753K, 45% free 3826K/6848K, paused 262ms, total 262ms
01-02 21:07:07.630   154  7589 W CameraHardware: unknow focus status: -1
01-02 21:07:07.630  7546  7618 D RtspVideoRecorder: time = 133627628 videoStartTime = 133627305 encoderTs = 156653 frameData.length152064
01-02 21:07:07.630  7546  7618 I pvaencoder: Encode
01-02 21:07:07.630  7546  7618 I avenc_api: PVAVCEncSetInput
01-02 21:07:07.630  7546  7618 I dbp     : DPBInitBuffer
01-02 21:07:07.630  7546  7618 I dbp     : DPBInitBuffer final return AVC_SUCCESS
01-02 21:07:07.630  7546  7618 I reflist : RefListInit
01-02 21:07:07.660   154  7589 W CameraHardware: unknow focus status: -1
01-02 21:07:07.660  7546  7618 I avenc_api: PVAVCEncSetInput AVCENC_SUCCESS -> enc_state = AVCEnc_Encoding_Frame
01-02 21:07:07.660  7546  7618 I avenc_api: PVAVCEncSetInput return: final status
01-02 21:07:07.660  7546  7618 I pvaencoder: Encode AVCENC_SUCCESS-> return: EAVCEI_SUCCESS
01-02 21:07:07.660  7546  7618 I pvaencoder: GetOuput
01-02 21:07:07.660  7546  7618 I avenc_api: PVAVCEncodeNAL: 5
01-02 21:07:07.660  7546  7618 I avenc_api: PVAVCEncodeNAL: AVCEnc_Encoding_Frame
01-02 21:07:07.680  7546  7618 I avenc_api: PVAVCEncodeNAL AVCEnc_Encoding_Frame -> enc_state = AVCEnc_Analyzing_Frame
01-02 21:07:07.680  7546  7618 I pvaencoder: GetOuput (iEncStatus == AVCENC_PICTURE_READY) -> return EAVCEI_SUCCESS
01-02 21:07:07.680  7546  7618 I System.out: RtpVideoRecorder: captureThread: encodeResult == 0
01-02 21:07:07.680  7546  7618 I System.out: encodedFrame: encodedFrame length673
01-02 21:07:07.690  7546  7618 D RtspVideoRecorder: time = 133627694 videoStartTime = 133627628 encoderTs = 156719 frameData.length152064
01-02 21:07:07.690   154  7589 W CameraHardware: unknow focus status: -1
01-02 21:07:07.690  7546  7618 I pvaencoder: Encode
01-02 21:07:07.690  7546  7618 I avenc_api: PVAVCEncSetInput
01-02 21:07:07.690  7546  7618 I dbp     : DPBInitBuffer
01-02 21:07:07.690  7546  7618 I dbp     : DPBInitBuffer final return AVC_SUCCESS
01-02 21:07:07.690  7546  7618 I reflist : RefListInit
01-02 21:07:07.720   154  7589 W CameraHardware: unknow focus status: -1
01-02 21:07:07.720  7546  7618 I avenc_api: PVAVCEncSetInput AVCENC_SUCCESS -> enc_state = AVCEnc_Encoding_Frame
01-02 21:07:07.720  7546  7618 I avenc_api: PVAVCEncSetInput return: final status
01-02 21:07:07.720  7546  7618 I pvaencoder: Encode AVCENC_SUCCESS-> return: EAVCEI_SUCCESS
01-02 21:07:07.720  7546  7618 I pvaencoder: GetOuput
01-02 21:07:07.720  7546  7618 I avenc_api: PVAVCEncodeNAL: 5
01-02 21:07:07.720  7546  7618 I avenc_api: PVAVCEncodeNAL: AVCEnc_Encoding_Frame
01-02 21:07:07.740  7546  7618 I avenc_api: PVAVCEncodeNAL AVCEnc_Encoding_Frame -> enc_state = AVCEnc_Analyzing_Frame
01-02 21:07:07.750  7546  7618 I pvaencoder: GetOuput (iEncStatus == AVCENC_PICTURE_READY) -> return EAVCEI_SUCCESS
01-02 21:07:07.750  7546  7618 I System.out: RtpVideoRecorder: captureThread: encodeResult == 0
01-02 21:07:07.750  7546  7618 I System.out: encodedFrame: encodedFrame length612
01-02 21:07:07.750   154  7589 W CameraHardware: unknow focus status: -1
01-02 21:07:07.750  7546  7618 D RtspVideoRecorder: time = 133627760 videoStartTime = 133627694 encoderTs = 156785 frameData.length152064
01-02 21:07:07.750  7546  7618 I pvaencoder: Encode
01-02 21:07:07.750  7546  7618 I avenc_api: PVAVCEncSetInput
01-02 21:07:07.750  7546  7618 I dbp     : DPBInitBuffer
01-02 21:07:07.750  7546  7618 I dbp     : DPBInitBuffer final return AVC_SUCCESS
01-02 21:07:07.750  7546  7618 I reflist : RefListInit
01-02 21:07:07.780   154  7589 W CameraHardware: unknow focus status: -1
01-02 21:07:07.780  7546  7618 I avenc_api: PVAVCEncSetInput AVCENC_SUCCESS -> enc_state = AVCEnc_Encoding_Frame
01-02 21:07:07.790  7546  7618 I avenc_api: PVAVCEncSetInput return: final status
01-02 21:07:07.790  7546  7618 I pvaencoder: Encode AVCENC_SUCCESS-> return: EAVCEI_SUCCESS
01-02 21:07:07.790  7546  7618 I pvaencoder: GetOuput
01-02 21:07:07.790  7546  7618 I avenc_api: PVAVCEncodeNAL: 5
01-02 21:07:07.790  7546  7618 I avenc_api: PVAVCEncodeNAL: AVCEnc_Encoding_Frame
01-02 21:07:07.810   154  7589 W CameraHardware: unknow focus status: -1
01-02 21:07:07.820  7546  7618 I avenc_api: PVAVCEncodeNAL AVCEnc_Encoding_Frame -> enc_state = AVCEnc_Analyzing_Frame
01-02 21:07:07.820  7546  7618 I pvaencoder: GetOuput (iEncStatus == AVCENC_PICTURE_READY) -> return EAVCEI_SUCCESS
01-02 21:07:07.820  7546  7618 I System.out: RtpVideoRecorder: captureThread: encodeResult == 0
01-02 21:07:07.820  7546  7618 I System.out: encodedFrame: encodedFrame length586
01-02 21:07:07.820  7546  7618 D RtspVideoRecorder: time = 133627826 videoStartTime = 133627760 encoderTs = 156851 frameData.length152064
01-02 21:07:07.820  7546  7618 I pvaencoder: Encode
01-02 21:07:07.820  7546  7618 I avenc_api: PVAVCEncSetInput
01-02 21:07:07.820  7546  7618 I dbp     : DPBInitBuffer
01-02 21:07:07.820  7546  7618 I dbp     : DPBInitBuffer final return AVC_SUCCESS
01-02 21:07:07.820  7546  7618 I reflist : RefListInit
01-02 21:07:07.840   154  7589 W CameraHardware: unknow focus status: -1
01-02 21:07:07.850  7546  7618 I avenc_api: PVAVCEncSetInput AVCENC_SUCCESS -> enc_state = AVCEnc_Encoding_Frame
01-02 21:07:07.850  7546  7618 I avenc_api: PVAVCEncSetInput return: final status
01-02 21:07:07.850  7546  7618 I pvaencoder: Encode AVCENC_SUCCESS-> return: EAVCEI_SUCCESS
01-02 21:07:07.850  7546  7618 I pvaencoder: GetOuput
01-02 21:07:07.850  7546  7618 I avenc_api: PVAVCEncodeNAL: 5
01-02 21:07:07.850  7546  7618 I avenc_api: PVAVCEncodeNAL: AVCEnc_Encoding_Frame
01-02 21:07:07.870   154  7589 W CameraHardware: unknow focus status: -1
01-02 21:07:07.870  7546  7618 I avenc_api: PVAVCEncodeNAL AVCEnc_Encoding_Frame -> enc_state = AVCEnc_Analyzing_Frame
01-02 21:07:07.870  7546  7618 I pvaencoder: GetOuput (iEncStatus == AVCENC_PICTURE_READY) -> return EAVCEI_SUCCESS
01-02 21:07:07.870  7546  7618 I System.out: RtpVideoRecorder: captureThread: encodeResult == 0
01-02 21:07:07.870  7546  7618 I System.out: encodedFrame: encodedFrame length351
01-02 21:07:07.880  7546  7618 D RtspVideoRecorder: time = 133627891 videoStartTime = 133627826 encoderTs = 156916 frameData.length152064
01-02 21:07:07.880  7546  7618 I pvaencoder: Encode
01-02 21:07:07.880  7546  7618 I avenc_api: PVAVCEncSetInput
01-02 21:07:07.880  7546  7618 I dbp     : DPBInitBuffer
01-02 21:07:07.880  7546  7618 I dbp     : DPBInitBuffer final return AVC_SUCCESS
01-02 21:07:07.880  7546  7618 I reflist : RefListInit
01-02 21:07:07.900   154  7589 W CameraHardware: unknow focus status: -1
01-02 21:07:07.910  7546  7618 I avenc_api: PVAVCEncSetInput AVCENC_SUCCESS -> enc_state = AVCEnc_Encoding_Frame
01-02 21:07:07.910  7546  7618 I avenc_api: PVAVCEncSetInput return: final status
01-02 21:07:07.910  7546  7618 I pvaencoder: Encode AVCENC_SUCCESS-> return: EAVCEI_SUCCESS
01-02 21:07:07.910  7546  7618 I pvaencoder: GetOuput
01-02 21:07:07.910  7546  7618 I avenc_api: PVAVCEncodeNAL: 5
01-02 21:07:07.910  7546  7618 I avenc_api: PVAVCEncodeNAL: AVCEnc_Encoding_Frame
01-02 21:07:07.930   154  7589 W CameraHardware: unknow focus status: -1
01-02 21:07:07.940  7546  7618 I avenc_api: PVAVCEncodeNAL AVCEnc_Encoding_Frame -> enc_state = AVCEnc_Analyzing_Frame
01-02 21:07:07.940  7546  7618 I pvaencoder: GetOuput (iEncStatus == AVCENC_PICTURE_READY) -> return EAVCEI_SUCCESS
01-02 21:07:07.940  7546  7618 I System.out: RtpVideoRecorder: captureThread: encodeResult == 0
01-02 21:07:07.940  7546  7618 I System.out: encodedFrame: encodedFrame length499
01-02 21:07:07.950  7546  7618 D RtspVideoRecorder: time = 133627957 videoStartTime = 133627891 encoderTs = 156982 frameData.length152064
01-02 21:07:07.950  7546  7618 I pvaencoder: Encode
01-02 21:07:07.950  7546  7618 I avenc_api: PVAVCEncSetInput
01-02 21:07:07.950  7546  7618 I dbp     : AVCConfigureSequence
01-02 21:07:07.950  7546  7618 I dbp     : DPBInitBuffer
01-02 21:07:07.950  7546  7618 I dbp     : DPBInitBuffer final return AVC_SUCCESS
01-02 21:07:07.950  7546  7618 I reflist : RefListInit
01-02 21:07:07.950  7546  7618 I avenc_api: PVAVCEncSetInput AVCENC_NEW_IDR -> enc_state = AVCEnc_Encoding_SPS
01-02 21:07:07.950  7546  7618 I avenc_api: PVAVCEncSetInput return: final status
01-02 21:07:07.950  7546  7618 I pvaencoder: Encode AVCENC_NEW_IDR-> return: EAVCEI_SUCCESS
01-02 21:07:07.950  7546  7618 I pvaencoder: GetOuput
01-02 21:07:07.950  7546  7618 I avenc_api: PVAVCEncodeNAL: 1
01-02 21:07:07.950  7546  7618 I avenc_api: PVAVCEncodeNAL: AVCEnc_Encoding_SPS
01-02 21:07:07.950  7546  7618 I avenc_api: PVAVCEncodeNAL AVCEnc_Encoding_SPS -> enc_state = AVCEnc_Encoding_PPS
01-02 21:07:07.950  7546  7618 I pvaencoder: GetOuput (iEncStatus == AVCENC_SUCCESS) -> return EAVCEI_MORE_NAL
01-02 21:07:07.950  7546  7618 I System.out: RtpVideoRecorder: captureThread: encodeResult == 6
01-02 21:07:07.950  7546  7618 I System.out: RtpVideoRecorder: captureThread: Status == EAVCEI_MORE_NAL
01-02 21:07:07.950  7546  7618 I System.out: encodedFrame: encodedFrame length9
01-02 21:07:07.960   154  7589 W CameraHardware: unknow focus status: -1
01-02 21:07:07.990   154  7589 W CameraHardware: unknow focus status: -1
01-02 21:07:08.010  7546  7618 D RtspVideoRecorder: time = 133628017 videoStartTime = 133627957 encoderTs = 157042 frameData.length152064
01-02 21:07:08.010  7546  7618 I NativeEnc: Skiped encoding
01-02 21:07:08.010  7546  7618 I pvaencoder: GetOuput
01-02 21:07:08.010  7546  7618 I avenc_api: PVAVCEncodeNAL: 2
01-02 21:07:08.010  7546  7618 I avenc_api: PVAVCEncodeNAL: AVCEnc_Encoding_PPS
01-02 21:07:08.010  7546  7618 I avenc_api: PVAVCEncodeNAL AVCEnc_Encoding_PPS -> enc_state = AVCEnc_Encoding_Frame
01-02 21:07:08.010  7546  7618 I pvaencoder: GetOuput (iEncStatus == AVCENC_SUCCESS) -> return EAVCEI_MORE_NAL
01-02 21:07:08.010  7546  7618 I System.out: RtpVideoRecorder: captureThread: encodeResult == 6
01-02 21:07:08.010  7546  7618 I System.out: RtpVideoRecorder: captureThread: Status == EAVCEI_MORE_NAL
01-02 21:07:08.010  7546  7618 I System.out: encodedFrame: encodedFrame length5
01-02 21:07:08.020   154  7589 W CameraHardware: unknow focus status: -1
01-02 21:07:08.050   154  7589 W CameraHardware: unknow focus status: -1
01-02 21:07:08.070  7546  7618 D RtspVideoRecorder: time = 133628078 videoStartTime = 133628017 encoderTs = 157103 frameData.length152064
01-02 21:07:08.070  7546  7618 I NativeEnc: Skiped encoding
01-02 21:07:08.070  7546  7618 I pvaencoder: GetOuput
01-02 21:07:08.070  7546  7618 I avenc_api: PVAVCEncodeNAL: 5
01-02 21:07:08.070  7546  7618 I avenc_api: PVAVCEncodeNAL: AVCEnc_Encoding_Frame
01-02 21:07:08.080   154  7589 W CameraHardware: unknow focus status: -1
01-02 21:07:08.110   154  7589 W CameraHardware: unknow focus status: -1
01-02 21:07:08.130  7546  7618 I avenc_api: PVAVCEncodeNAL AVCEnc_Encoding_Frame -> enc_state = AVCEnc_Analyzing_Frame
01-02 21:07:08.130  7546  7618 I pvaencoder: GetOuput (iEncStatus == AVCENC_PICTURE_READY) -> return EAVCEI_SUCCESS
01-02 21:07:08.130  7546  7618 I System.out: RtpVideoRecorder: captureThread: encodeResult == 0
01-02 21:07:08.130  7546  7618 I System.out: encodedFrame: encodedFrame length1612
01-02 21:07:08.140  7546  7618 D RtspVideoRecorder: time = 133628144 videoStartTime = 133628078 encoderTs = 157169 frameData.length152064
01-02 21:07:08.140  7546  7618 I pvaencoder: Encode
01-02 21:07:08.140   154  7589 W CameraHardware: unknow focus status: -1
01-02 21:07:08.140  7546  7618 I avenc_api: PVAVCEncSetInput
01-02 21:07:08.140  7546  7618 I dbp     : DPBInitBuffer
01-02 21:07:08.140  7546  7618 I dbp     : DPBInitBuffer final return AVC_SUCCESS
01-02 21:07:08.140  7546  7618 I reflist : RefListInit
01-02 21:07:08.170   154  7589 W CameraHardware: unknow focus status: -1
01-02 21:07:08.170  7546  7618 I avenc_api: PVAVCEncSetInput AVCENC_SUCCESS -> enc_state = AVCEnc_Encoding_Frame
01-02 21:07:08.170  7546  7618 I avenc_api: PVAVCEncSetInput return: final status
01-02 21:07:08.170  7546  7618 I pvaencoder: Encode AVCENC_SUCCESS-> return: EAVCEI_SUCCESS
01-02 21:07:08.170  7546  7618 I pvaencoder: GetOuput
01-02 21:07:08.170  7546  7618 I avenc_api: PVAVCEncodeNAL: 5
01-02 21:07:08.170  7546  7618 I avenc_api: PVAVCEncodeNAL: AVCEnc_Encoding_Frame
01-02 21:07:08.190  7546  7618 I avenc_api: PVAVCEncodeNAL AVCEnc_Encoding_Frame -> enc_state = AVCEnc_Analyzing_Frame
01-02 21:07:08.190  7546  7618 I pvaencoder: GetOuput (iEncStatus == AVCENC_PICTURE_READY) -> return EAVCEI_SUCCESS
01-02 21:07:08.190  7546  7618 I System.out: RtpVideoRecorder: captureThread: encodeResult == 0
01-02 21:07:08.190  7546  7618 I System.out: encodedFrame: encodedFrame length663
01-02 21:07:08.200   154  7589 W CameraHardware: unknow focus status: -1
01-02 21:07:08.200  7546  7618 D RtspVideoRecorder: time = 133628211 videoStartTime = 133628144 encoderTs = 157236 frameData.length152064
01-02 21:07:08.200  7546  7618 I pvaencoder: Encode
01-02 21:07:08.200  7546  7618 I avenc_api: PVAVCEncSetInput
01-02 21:07:08.200  7546  7618 I dbp     : DPBInitBuffer
01-02 21:07:08.200  7546  7618 I dbp     : DPBInitBuffer final return AVC_SUCCESS
01-02 21:07:08.200  7546  7618 I reflist : RefListInit
01-02 21:07:08.230   154  7589 W CameraHardware: unknow focus status: -1
01-02 21:07:08.230  7546  7618 I avenc_api: PVAVCEncSetInput AVCENC_SUCCESS -> enc_state = AVCEnc_Encoding_Frame
01-02 21:07:08.230  7546  7618 I avenc_api: PVAVCEncSetInput return: final status
01-02 21:07:08.230  7546  7618 I pvaencoder: Encode AVCENC_SUCCESS-> return: EAVCEI_SUCCESS
01-02 21:07:08.230  7546  7618 I pvaencoder: GetOuput
01-02 21:07:08.230  7546  7618 I avenc_api: PVAVCEncodeNAL: 5
01-02 21:07:08.230  7546  7618 I avenc_api: PVAVCEncodeNAL: AVCEnc_Encoding_Frame
01-02 21:07:08.260  7546  7618 I avenc_api: PVAVCEncodeNAL AVCEnc_Encoding_Frame -> enc_state = AVCEnc_Analyzing_Frame
01-02 21:07:08.260  7546  7618 I pvaencoder: GetOuput (iEncStatus == AVCENC_PICTURE_READY) -> return EAVCEI_SUCCESS
01-02 21:07:08.260  7546  7618 I System.out: RtpVideoRecorder: captureThread: encodeResult == 0
01-02 21:07:08.260  7546  7618 I System.out: encodedFrame: encodedFrame length492
01-02 21:07:08.260   154  7589 W CameraHardware: unknow focus status: -1
01-02 21:07:08.270  7546  7618 D RtspVideoRecorder: time = 133628276 videoStartTime = 133628211 encoderTs = 157301 frameData.length152064
01-02 21:07:08.270  7546  7618 I pvaencoder: Encode
01-02 21:07:08.270  7546  7618 I avenc_api: PVAVCEncSetInput
01-02 21:07:08.270  7546  7618 I dbp     : DPBInitBuffer
01-02 21:07:08.270  7546  7618 I dbp     : DPBInitBuffer final return AVC_SUCCESS
01-02 21:07:08.270  7546  7618 I reflist : RefListInit
01-02 21:07:08.290   154  7589 W CameraHardware: unknow focus status: -1
01-02 21:07:08.300  7546  7618 I avenc_api: PVAVCEncSetInput AVCENC_SUCCESS -> enc_state = AVCEnc_Encoding_Frame
01-02 21:07:08.300  7546  7618 I avenc_api: PVAVCEncSetInput return: final status
01-02 21:07:08.300  7546  7618 I pvaencoder: Encode AVCENC_SUCCESS-> return: EAVCEI_SUCCESS
01-02 21:07:08.300  7546  7618 I pvaencoder: GetOuput
01-02 21:07:08.300  7546  7618 I avenc_api: PVAVCEncodeNAL: 5
01-02 21:07:08.300  7546  7618 I avenc_api: PVAVCEncodeNAL: AVCEnc_Encoding_Frame
01-02 21:07:08.320   154  7589 W CameraHardware: unknow focus status: -1
01-02 21:07:08.320  7546  7618 I avenc_api: PVAVCEncodeNAL AVCEnc_Encoding_Frame -> enc_state = AVCEnc_Analyzing_Frame
01-02 21:07:08.320  7546  7618 I pvaencoder: GetOuput (iEncStatus == AVCENC_PICTURE_READY) -> return EAVCEI_SUCCESS
01-02 21:07:08.320  7546  7618 I System.out: RtpVideoRecorder: captureThread: encodeResult == 0
01-02 21:07:08.320  7546  7618 I System.out: encodedFrame: encodedFrame length449
01-02 21:07:08.330  7546  7618 D RtspVideoRecorder: time = 133628341 videoStartTime = 133628276 encoderTs = 157366 frameData.length152064
01-02 21:07:08.330  7546  7618 I pvaencoder: Encode
01-02 21:07:08.330  7546  7618 I avenc_api: PVAVCEncSetInput
01-02 21:07:08.330  7546  7618 I dbp     : DPBInitBuffer
01-02 21:07:08.330  7546  7618 I dbp     : DPBInitBuffer final return AVC_SUCCESS
01-02 21:07:08.330  7546  7618 I reflist : RefListInit
01-02 21:07:08.350   154  7589 W CameraHardware: unknow focus status: -1
01-02 21:07:08.360  7546  7618 I avenc_api: PVAVCEncSetInput AVCENC_SUCCESS -> enc_state = AVCEnc_Encoding_Frame
01-02 21:07:08.360  7546  7618 I avenc_api: PVAVCEncSetInput return: final status
01-02 21:07:08.360  7546  7618 I pvaencoder: Encode AVCENC_SUCCESS-> return: EAVCEI_SUCCESS
01-02 21:07:08.360  7546  7618 I pvaencoder: GetOuput
01-02 21:07:08.360  7546  7618 I avenc_api: PVAVCEncodeNAL: 5
01-02 21:07:08.360  7546  7618 I avenc_api: PVAVCEncodeNAL: AVCEnc_Encoding_Frame
01-02 21:07:08.380   154  7589 W CameraHardware: unknow focus status: -1
01-02 21:07:08.390  7546  7618 I avenc_api: PVAVCEncodeNAL AVCEnc_Encoding_Frame -> enc_state = AVCEnc_Analyzing_Frame
01-02 21:07:08.390  7546  7618 I pvaencoder: GetOuput (iEncStatus == AVCENC_PICTURE_READY) -> return EAVCEI_SUCCESS
01-02 21:07:08.390  7546  7618 I System.out: RtpVideoRecorder: captureThread: encodeResult == 0
01-02 21:07:08.390  7546  7618 I System.out: encodedFrame: encodedFrame length283
01-02 21:07:08.390  7546  7617 W System.err: java.net.SocketException: sendto failed: ECONNREFUSED (Connection refused)
01-02 21:07:08.390  7546  7617 W System.err: 	at libcore.io.IoBridge.maybeThrowAfterSendto(IoBridge.java:499)
01-02 21:07:08.390  7546  7617 W System.err: 	at libcore.io.IoBridge.sendto(IoBridge.java:468)
01-02 21:07:08.390  7546  7617 W System.err: 	at java.net.PlainDatagramSocketImpl.send(PlainDatagramSocketImpl.java:182)
01-02 21:07:08.390  7546  7617 W System.err: 	at java.net.DatagramSocket.send(DatagramSocket.java:281)
01-02 21:07:08.390  7546  7617 W System.err: 	at de.kp.net.rtp.RtpSocket.send(RtpSocket.java:128)
01-02 21:07:08.390  7546  7617 W System.err: 	at de.kp.net.rtp.RtpSender.send(RtpSender.java:79)
01-02 21:07:08.390  7546  7617 W System.err: 	at de.kp.net.rtp.stream.RtpOutputStream.transmit(RtpOutputStream.java:146)
01-02 21:07:08.390  7546  7617 W System.err: 	at de.kp.net.rtp.stream.RtpOutputStream.write(RtpOutputStream.java:86)
01-02 21:07:08.390  7546  7617 W System.err: 	at com.orangelabs.core.ims.protocol.rtp.CodecChain.doProcess(CodecChain.java:99)
01-02 21:07:08.390  7546  7617 W System.err: 	at com.orangelabs.core.ims.protocol.rtp.CodecChain.process(CodecChain.java:84)
01-02 21:07:08.390  7546  7617 W System.err: 	at com.orangelabs.core.ims.protocol.rtp.Processor.run(Processor.java:149)
01-02 21:07:08.390  7546  7617 W System.err: Caused by: libcore.io.ErrnoException: sendto failed: ECONNREFUSED (Connection refused)
01-02 21:07:08.390  7546  7617 W System.err: 	at libcore.io.Posix.sendtoBytes(Native Method)
01-02 21:07:08.390  7546  7617 W System.err: 	at libcore.io.Posix.sendto(Posix.java:156)
01-02 21:07:08.390  7546  7617 W System.err: 	at libcore.io.BlockGuardOs.sendto(BlockGuardOs.java:177)
01-02 21:07:08.390  7546  7617 W System.err: 	at libcore.io.IoBridge.sendto(IoBridge.java:466)
01-02 21:07:08.390  7546  7617 W System.err: 	... 9 more
01-02 21:07:08.390  7546  7617 E [RCS][RtpOutputStream]: Can't broadcast the RTP packet
01-02 21:07:08.390  7546  7617 W System.err: java.net.SocketException: sendto failed: ECONNREFUSED (Connection refused)
01-02 21:07:08.390  7546  7617 W System.err: 	at libcore.io.IoBridge.maybeThrowAfterSendto(IoBridge.java:499)
01-02 21:07:08.390  7546  7617 W System.err: 	at libcore.io.IoBridge.sendto(IoBridge.java:468)
01-02 21:07:08.390  7546  7617 W System.err: 	at java.net.PlainDatagramSocketImpl.send(PlainDatagramSocketImpl.java:182)
01-02 21:07:08.390  7546  7617 W System.err: 	at java.net.DatagramSocket.send(DatagramSocket.java:281)
01-02 21:07:08.390  7546  7617 W System.err: 	at de.kp.net.rtp.RtpSocket.send(RtpSocket.java:128)
01-02 21:07:08.390  7546  7617 W System.err: 	at de.kp.net.rtp.RtpSender.send(RtpSender.java:79)
01-02 21:07:08.390  7546  7617 W System.err: 	at de.kp.net.rtp.stream.RtpOutputStream.transmit(RtpOutputStream.java:146)
01-02 21:07:08.400  7546  7618 D RtspVideoRecorder: time = 133628408 videoStartTime = 133628341 encoderTs = 157433 frameData.length152064
01-02 21:07:08.400  7546  7617 W System.err: 	at de.kp.net.rtp.stream.RtpOutputStream.write(RtpOutputStream.java:86)
01-02 21:07:08.400  7546  7617 W System.err: 	at com.orangelabs.core.ims.protocol.rtp.CodecChain.doProcess(CodecChain.java:99)
01-02 21:07:08.400  7546  7617 W System.err: 	at com.orangelabs.core.ims.protocol.rtp.CodecChain.process(CodecChain.java:84)
01-02 21:07:08.400  7546  7617 W System.err: 	at com.orangelabs.core.ims.protocol.rtp.Processor.run(Processor.java:149)
01-02 21:07:08.400  7546  7617 W System.err: Caused by: libcore.io.ErrnoException: sendto failed: ECONNREFUSED (Connection refused)
01-02 21:07:08.400  7546  7617 W System.err: 	at libcore.io.Posix.sendtoBytes(Native Method)
01-02 21:07:08.400  7546  7617 W System.err: 	at libcore.io.Posix.sendto(Posix.java:156)
01-02 21:07:08.400  7546  7617 W System.err: 	at libcore.io.BlockGuardOs.sendto(BlockGuardOs.java:177)
01-02 21:07:08.400  7546  7617 W System.err: 	at libcore.io.IoBridge.sendto(IoBridge.java:466)
01-02 21:07:08.400  7546  7617 W System.err: 	... 9 more
01-02 21:07:08.400  7546  7618 I pvaencoder: Encode
01-02 21:07:08.400  7546  7618 I avenc_api: PVAVCEncSetInput
01-02 21:07:08.400  7546  7618 I dbp     : DPBInitBuffer
01-02 21:07:08.400  7546  7618 I dbp     : DPBInitBuffer final return AVC_SUCCESS
01-02 21:07:08.400  7546  7618 I reflist : RefListInit
01-02 21:07:08.410   154  7589 W CameraHardware: unknow focus status: -1
01-02 21:07:08.430  7546  7618 I avenc_api: PVAVCEncSetInput AVCENC_SUCCESS -> enc_state = AVCEnc_Encoding_Frame
01-02 21:07:08.430  7546  7618 I avenc_api: PVAVCEncSetInput return: final status
01-02 21:07:08.430  7546  7618 I pvaencoder: Encode AVCENC_SUCCESS-> return: EAVCEI_SUCCESS
01-02 21:07:08.430  7546  7618 I pvaencoder: GetOuput
01-02 21:07:08.430  7546  7618 I avenc_api: PVAVCEncodeNAL: 5
01-02 21:07:08.430  7546  7618 I avenc_api: PVAVCEncodeNAL: AVCEnc_Encoding_Frame
01-02 21:07:08.440   154  7589 W CameraHardware: unknow focus status: -1
01-02 21:07:08.450  7546  7618 I avenc_api: PVAVCEncodeNAL AVCEnc_Encoding_Frame -> enc_state = AVCEnc_Analyzing_Frame
01-02 21:07:08.450  7546  7618 I pvaencoder: GetOuput (iEncStatus == AVCENC_PICTURE_READY) -> return EAVCEI_SUCCESS
01-02 21:07:08.450  7546  7618 I System.out: RtpVideoRecorder: captureThread: encodeResult == 0
01-02 21:07:08.450  7546  7618 I System.out: encodedFrame: encodedFrame length373
01-02 21:07:08.460  7546  7618 D RtspVideoRecorder: time = 133628473 videoStartTime = 133628408 encoderTs = 157498 frameData.length152064
01-02 21:07:08.470  7546  7618 I pvaencoder: Encode
01-02 21:07:08.470  7546  7618 I avenc_api: PVAVCEncSetInput
01-02 21:07:08.470  7546  7618 I dbp     : DPBInitBuffer
