01-02 21:07:02.230  7546  7618 I pvaencoder: GetOuput
01-02 21:07:02.230  7546  7618 I avenc_api: PVAVCEncodeNAL: 5
01-02 21:07:02.230  7546  7618 I avenc_api: PVAVCEncodeNAL: AVCEnc_Encoding_Frame
01-02 21:07:02.250  7546  7618 I avenc_api: PVAVCEncodeNAL AVCEnc_Encoding_Frame -> enc_state = AVCEnc_Analyzing_Frame
01-02 21:07:02.250  7546  7618 I pvaencoder: GetOuput (iEncStatus == AVCENC_PICTURE_READY) -> return EAVCEI_SUCCESS
01-02 21:07:02.250  7546  7618 I System.out: RtpVideoRecorder: captureThread: encodeResult == 0
01-02 21:07:02.250  7546  7618 I System.out: encodedFrame: encodedFrame length417
01-02 21:07:02.250   154  7589 W CameraHardware: unknow focus status: -1
01-02 21:07:02.260  7546  7618 D RtspVideoRecorder: time = 133622273 videoStartTime = 133622209 encoderTs = 151298 frameData.length152064
01-02 21:07:02.270  7546  7618 I pvaencoder: Encode
01-02 21:07:02.270  7546  7618 I avenc_api: PVAVCEncSetInput
01-02 21:07:02.270  7546  7618 I dbp     : DPBInitBuffer
01-02 21:07:02.270  7546  7618 I dbp     : DPBInitBuffer final return AVC_SUCCESS
01-02 21:07:02.270  7546  7618 I reflist : RefListInit
01-02 21:07:02.280   154  7589 W CameraHardware: unknow focus status: -1
01-02 21:07:02.290  7546  7618 I avenc_api: PVAVCEncSetInput AVCENC_SUCCESS -> enc_state = AVCEnc_Encoding_Frame
01-02 21:07:02.290  7546  7618 I avenc_api: PVAVCEncSetInput return: final status
01-02 21:07:02.290  7546  7618 I pvaencoder: Encode AVCENC_SUCCESS-> return: EAVCEI_SUCCESS
01-02 21:07:02.290  7546  7618 I pvaencoder: GetOuput
01-02 21:07:02.290  7546  7618 I avenc_api: PVAVCEncodeNAL: 5
01-02 21:07:02.290  7546  7618 I avenc_api: PVAVCEncodeNAL: AVCEnc_Encoding_Frame
01-02 21:07:02.310   154  7589 W CameraHardware: unknow focus status: -1
01-02 21:07:02.310  7546  7618 I avenc_api: PVAVCEncodeNAL AVCEnc_Encoding_Frame -> enc_state = AVCEnc_Analyzing_Frame
01-02 21:07:02.310  7546  7618 I pvaencoder: GetOuput (iEncStatus == AVCENC_PICTURE_READY) -> return EAVCEI_SUCCESS
01-02 21:07:02.340   154  7589 W CameraHardware: unknow focus status: -1
01-02 21:07:02.370   154  7589 W CameraHardware: unknow focus status: -1
01-02 21:07:02.400   154  7589 W CameraHardware: unknow focus status: -1
01-02 21:07:02.430   154  7589 W CameraHardware: unknow focus status: -1
01-02 21:07:02.460   154  7589 W CameraHardware: unknow focus status: -1
01-02 21:07:02.490   154  7589 W CameraHardware: unknow focus status: -1
01-02 21:07:02.520   154  7589 W CameraHardware: unknow focus status: -1
01-02 21:07:02.550   154  7589 W CameraHardware: unknow focus status: -1
01-02 21:07:02.550  7546  7631 D dalvikvm: JIT unchain all for threadid=12
01-02 21:07:02.560  7546  7631 D dalvikvm: GC_FOR_ALLOC freed 1721K, 45% free 3826K/6848K, paused 262ms, total 262ms
01-02 21:07:02.570  7546  7618 I System.out: RtpVideoRecorder: captureThread: encodeResult == 0
01-02 21:07:02.570  7546  7618 I System.out: encodedFrame: encodedFrame length368
01-02 21:07:02.580   154  7589 W CameraHardware: unknow focus status: -1
01-02 21:07:02.580  7546  7618 D RtspVideoRecorder: time = 133622579 videoStartTime = 133622273 encoderTs = 151604 frameData.length152064
01-02 21:07:02.580  7546  7618 I pvaencoder: Encode
01-02 21:07:02.590  7546  7618 I avenc_api: PVAVCEncSetInput
01-02 21:07:02.590  7546  7618 I dbp     : DPBInitBuffer
01-02 21:07:02.590  7546  7618 I dbp     : DPBInitBuffer final return AVC_SUCCESS
01-02 21:07:02.590  7546  7618 I reflist : RefListInit
01-02 21:07:02.610   154  7589 W CameraHardware: unknow focus status: -1
01-02 21:07:02.610  7546  7618 I avenc_api: PVAVCEncSetInput AVCENC_SUCCESS -> enc_state = AVCEnc_Encoding_Frame
01-02 21:07:02.610  7546  7618 I avenc_api: PVAVCEncSetInput return: final status
01-02 21:07:02.610  7546  7618 I pvaencoder: Encode AVCENC_SUCCESS-> return: EAVCEI_SUCCESS
01-02 21:07:02.610  7546  7618 I pvaencoder: GetOuput
01-02 21:07:02.610  7546  7618 I avenc_api: PVAVCEncodeNAL: 5
01-02 21:07:02.610  7546  7618 I avenc_api: PVAVCEncodeNAL: AVCEnc_Encoding_Frame
01-02 21:07:02.630  7546  7618 I avenc_api: PVAVCEncodeNAL AVCEnc_Encoding_Frame -> enc_state = AVCEnc_Analyzing_Frame
01-02 21:07:02.630  7546  7618 I pvaencoder: GetOuput (iEncStatus == AVCENC_PICTURE_READY) -> return EAVCEI_SUCCESS
01-02 21:07:02.630  7546  7618 I System.out: RtpVideoRecorder: captureThread: encodeResult == 0
01-02 21:07:02.630  7546  7618 I System.out: encodedFrame: encodedFrame length694
01-02 21:07:02.640  7546  7618 D RtspVideoRecorder: time = 133622645 videoStartTime = 133622579 encoderTs = 151670 frameData.length152064
01-02 21:07:02.640  7546  7618 I pvaencoder: Encode
01-02 21:07:02.640  7546  7618 I avenc_api: PVAVCEncSetInput
01-02 21:07:02.640  7546  7618 I dbp     : DPBInitBuffer
01-02 21:07:02.640  7546  7618 I dbp     : DPBInitBuffer final return AVC_SUCCESS
01-02 21:07:02.640  7546  7618 I reflist : RefListInit
01-02 21:07:02.640   154  7589 W CameraHardware: unknow focus status: -1
01-02 21:07:02.670  7546  7618 I avenc_api: PVAVCEncSetInput AVCENC_SUCCESS -> enc_state = AVCEnc_Encoding_Frame
01-02 21:07:02.670  7546  7618 I avenc_api: PVAVCEncSetInput return: final status
01-02 21:07:02.670  7546  7618 I pvaencoder: Encode AVCENC_SUCCESS-> return: EAVCEI_SUCCESS
01-02 21:07:02.670  7546  7618 I pvaencoder: GetOuput
01-02 21:07:02.670  7546  7618 I avenc_api: PVAVCEncodeNAL: 5
01-02 21:07:02.670  7546  7618 I avenc_api: PVAVCEncodeNAL: AVCEnc_Encoding_Frame
01-02 21:07:02.670   154  7589 W CameraHardware: unknow focus status: -1
01-02 21:07:02.690  7546  7618 I avenc_api: PVAVCEncodeNAL AVCEnc_Encoding_Frame -> enc_state = AVCEnc_Analyzing_Frame
01-02 21:07:02.690  7546  7618 I pvaencoder: GetOuput (iEncStatus == AVCENC_PICTURE_READY) -> return EAVCEI_SUCCESS
01-02 21:07:02.690  7546  7618 I System.out: RtpVideoRecorder: captureThread: encodeResult == 0
01-02 21:07:02.690  7546  7618 I System.out: encodedFrame: encodedFrame length617
01-02 21:07:02.690  7546  7617 W System.err: java.net.SocketException: sendto failed: ECONNREFUSED (Connection refused)
01-02 21:07:02.690  7546  7617 W System.err: 	at libcore.io.IoBridge.maybeThrowAfterSendto(IoBridge.java:499)
01-02 21:07:02.700  7546  7617 W System.err: 	at libcore.io.IoBridge.sendto(IoBridge.java:468)
01-02 21:07:02.700  7546  7617 W System.err: 	at java.net.PlainDatagramSocketImpl.send(PlainDatagramSocketImpl.java:182)
01-02 21:07:02.700  7546  7617 W System.err: 	at java.net.DatagramSocket.send(DatagramSocket.java:281)
01-02 21:07:02.700  7546  7617 W System.err: 	at de.kp.net.rtp.RtpSocket.send(RtpSocket.java:128)
01-02 21:07:02.700  7546  7617 W System.err: 	at de.kp.net.rtp.RtpSender.send(RtpSender.java:79)
01-02 21:07:02.700  7546  7617 W System.err: 	at de.kp.net.rtp.stream.RtpOutputStream.transmit(RtpOutputStream.java:146)
01-02 21:07:02.700  7546  7617 W System.err: 	at de.kp.net.rtp.stream.RtpOutputStream.write(RtpOutputStream.java:86)
01-02 21:07:02.700  7546  7617 W System.err: 	at com.orangelabs.core.ims.protocol.rtp.CodecChain.doProcess(CodecChain.java:99)
01-02 21:07:02.700  7546  7617 W System.err: 	at com.orangelabs.core.ims.protocol.rtp.CodecChain.process(CodecChain.java:84)
01-02 21:07:02.700  7546  7617 W System.err: 	at com.orangelabs.core.ims.protocol.rtp.Processor.run(Processor.java:149)
01-02 21:07:02.700  7546  7617 W System.err: Caused by: libcore.io.ErrnoException: sendto failed: ECONNREFUSED (Connection refused)
01-02 21:07:02.700  7546  7617 W System.err: 	at libcore.io.Posix.sendtoBytes(Native Method)
01-02 21:07:02.700  7546  7617 W System.err: 	at libcore.io.Posix.sendto(Posix.java:156)
01-02 21:07:02.700  7546  7617 W System.err: 	at libcore.io.BlockGuardOs.sendto(BlockGuardOs.java:177)
01-02 21:07:02.700  7546  7617 W System.err: 	at libcore.io.IoBridge.sendto(IoBridge.java:466)
01-02 21:07:02.700  7546  7617 W System.err: 	... 9 more
01-02 21:07:02.700  7546  7617 E [RCS][RtpOutputStream]: Can't broadcast the RTP packet
01-02 21:07:02.700  7546  7617 W System.err: java.net.SocketException: sendto failed: ECONNREFUSED (Connection refused)
01-02 21:07:02.700  7546  7617 W System.err: 	at libcore.io.IoBridge.maybeThrowAfterSendto(IoBridge.java:499)
01-02 21:07:02.700  7546  7617 W System.err: 	at libcore.io.IoBridge.sendto(IoBridge.java:468)
01-02 21:07:02.700  7546  7617 W System.err: 	at java.net.PlainDatagramSocketImpl.send(PlainDatagramSocketImpl.java:182)
01-02 21:07:02.700  7546  7617 W System.err: 	at java.net.DatagramSocket.send(DatagramSocket.java:281)
01-02 21:07:02.700  7546  7617 W System.err: 	at de.kp.net.rtp.RtpSocket.send(RtpSocket.java:128)
01-02 21:07:02.700  7546  7617 W System.err: 	at de.kp.net.rtp.RtpSender.send(RtpSender.java:79)
01-02 21:07:02.700  7546  7617 W System.err: 	at de.kp.net.rtp.stream.RtpOutputStream.transmit(RtpOutputStream.java:146)
01-02 21:07:02.700  7546  7617 W System.err: 	at de.kp.net.rtp.stream.RtpOutputStream.write(RtpOutputStream.java:86)
01-02 21:07:02.700  7546  7617 W System.err: 	at com.orangelabs.core.ims.protocol.rtp.CodecChain.doProcess(CodecChain.java:99)
01-02 21:07:02.700  7546  7617 W System.err: 	at com.orangelabs.core.ims.protocol.rtp.CodecChain.process(CodecChain.java:84)
01-02 21:07:02.700  7546  7617 W System.err: 	at com.orangelabs.core.ims.protocol.rtp.Processor.run(Processor.java:149)
01-02 21:07:02.700  7546  7617 W System.err: Caused by: libcore.io.ErrnoException: sendto failed: ECONNREFUSED (Connection refused)
01-02 21:07:02.700  7546  7617 W System.err: 	at libcore.io.Posix.sendtoBytes(Native Method)
01-02 21:07:02.700  7546  7617 W System.err: 	at libcore.io.Posix.sendto(Posix.java:156)
01-02 21:07:02.700  7546  7617 W System.err: 	at libcore.io.BlockGuardOs.sendto(BlockGuardOs.java:177)
01-02 21:07:02.700  7546  7617 W System.err: 	at libcore.io.IoBridge.sendto(IoBridge.java:466)
01-02 21:07:02.700  7546  7617 W System.err: 	... 9 more
01-02 21:07:02.700   154  7589 W CameraHardware: unknow focus status: -1
01-02 21:07:02.700  7546  7618 D RtspVideoRecorder: time = 133622711 videoStartTime = 133622645 encoderTs = 151736 frameData.length152064
01-02 21:07:02.700  7546  7618 I pvaencoder: Encode
01-02 21:07:02.710  7546  7618 I avenc_api: PVAVCEncSetInput
01-02 21:07:02.710  7546  7618 I dbp     : DPBInitBuffer
01-02 21:07:02.710  7546  7618 I dbp     : DPBInitBuffer final return AVC_SUCCESS
01-02 21:07:02.710  7546  7618 I reflist : RefListInit
01-02 21:07:02.730   154  7589 W CameraHardware: unknow focus status: -1
01-02 21:07:02.740  7546  7618 I avenc_api: PVAVCEncSetInput AVCENC_SUCCESS -> enc_state = AVCEnc_Encoding_Frame
01-02 21:07:02.740  7546  7618 I avenc_api: PVAVCEncSetInput return: final status
01-02 21:07:02.740  7546  7618 I pvaencoder: Encode AVCENC_SUCCESS-> return: EAVCEI_SUCCESS
01-02 21:07:02.740  7546  7618 I pvaencoder: GetOuput
01-02 21:07:02.740  7546  7618 I avenc_api: PVAVCEncodeNAL: 5
01-02 21:07:02.740  7546  7618 I avenc_api: PVAVCEncodeNAL: AVCEnc_Encoding_Frame
01-02 21:07:02.760  7546  7618 I avenc_api: PVAVCEncodeNAL AVCEnc_Encoding_Frame -> enc_state = AVCEnc_Analyzing_Frame
01-02 21:07:02.760  7546  7618 I pvaencoder: GetOuput (iEncStatus == AVCENC_PICTURE_READY) -> return EAVCEI_SUCCESS
01-02 21:07:02.760  7546  7618 I System.out: RtpVideoRecorder: captureThread: encodeResult == 0
01-02 21:07:02.760  7546  7618 I System.out: encodedFrame: encodedFrame length674
01-02 21:07:02.760   154  7589 W CameraHardware: unknow focus status: -1
01-02 21:07:02.770  7546  7618 D RtspVideoRecorder: time = 133622777 videoStartTime = 133622711 encoderTs = 151802 frameData.length152064
01-02 21:07:02.770  7546  7618 I pvaencoder: Encode
01-02 21:07:02.770  7546  7618 I avenc_api: PVAVCEncSetInput
01-02 21:07:02.770  7546  7618 I dbp     : DPBInitBuffer
01-02 21:07:02.770  7546  7618 I dbp     : DPBInitBuffer final return AVC_SUCCESS
01-02 21:07:02.770  7546  7618 I reflist : RefListInit
01-02 21:07:02.790   154  7589 W CameraHardware: unknow focus status: -1
01-02 21:07:02.800  7546  7618 I avenc_api: PVAVCEncSetInput AVCENC_SUCCESS -> enc_state = AVCEnc_Encoding_Frame
01-02 21:07:02.800  7546  7618 I avenc_api: PVAVCEncSetInput return: final status
01-02 21:07:02.800  7546  7618 I pvaencoder: Encode AVCENC_SUCCESS-> return: EAVCEI_SUCCESS
01-02 21:07:02.800  7546  7618 I pvaencoder: GetOuput
01-02 21:07:02.800  7546  7618 I avenc_api: PVAVCEncodeNAL: 5
01-02 21:07:02.800  7546  7618 I avenc_api: PVAVCEncodeNAL: AVCEnc_Encoding_Frame
01-02 21:07:02.820   154  7589 W CameraHardware: unknow focus status: -1
01-02 21:07:02.820  7546  7618 I avenc_api: PVAVCEncodeNAL AVCEnc_Encoding_Frame -> enc_state = AVCEnc_Analyzing_Frame
01-02 21:07:02.820  7546  7618 I pvaencoder: GetOuput (iEncStatus == AVCENC_PICTURE_READY) -> return EAVCEI_SUCCESS
01-02 21:07:02.820  7546  7618 I System.out: RtpVideoRecorder: captureThread: encodeResult == 0
01-02 21:07:02.820  7546  7618 I System.out: encodedFrame: encodedFrame length492
01-02 21:07:02.830  7546  7618 D RtspVideoRecorder: time = 133622842 videoStartTime = 133622777 encoderTs = 151867 frameData.length152064
01-02 21:07:02.830  7546  7618 I pvaencoder: Encode
01-02 21:07:02.840  7546  7618 I avenc_api: PVAVCEncSetInput
01-02 21:07:02.840  7546  7618 I dbp     : DPBInitBuffer
01-02 21:07:02.840  7546  7618 I dbp     : DPBInitBuffer final return AVC_SUCCESS
01-02 21:07:02.840  7546  7618 I reflist : RefListInit
01-02 21:07:02.850   154  7589 W CameraHardware: unknow focus status: -1
01-02 21:07:02.860  7546  7618 I avenc_api: PVAVCEncSetInput AVCENC_SUCCESS -> enc_state = AVCEnc_Encoding_Frame
01-02 21:07:02.860  7546  7618 I avenc_api: PVAVCEncSetInput return: final status
01-02 21:07:02.860  7546  7618 I pvaencoder: Encode AVCENC_SUCCESS-> return: EAVCEI_SUCCESS
01-02 21:07:02.860  7546  7618 I pvaencoder: GetOuput
01-02 21:07:02.860  7546  7618 I avenc_api: PVAVCEncodeNAL: 5
01-02 21:07:02.860  7546  7618 I avenc_api: PVAVCEncodeNAL: AVCEnc_Encoding_Frame
01-02 21:07:02.880   154  7589 W CameraHardware: unknow focus status: -1
01-02 21:07:02.890  7546  7618 I avenc_api: PVAVCEncodeNAL AVCEnc_Encoding_Frame -> enc_state = AVCEnc_Analyzing_Frame
01-02 21:07:02.890  7546  7618 I pvaencoder: GetOuput (iEncStatus == AVCENC_PICTURE_READY) -> return EAVCEI_SUCCESS
01-02 21:07:02.890  7546  7618 I System.out: RtpVideoRecorder: captureThread: encodeResult == 0
01-02 21:07:02.890  7546  7618 I System.out: encodedFrame: encodedFrame length405
01-02 21:07:02.900  7546  7618 D RtspVideoRecorder: time = 133622907 videoStartTime = 133622842 encoderTs = 151932 frameData.length152064
01-02 21:07:02.900  7546  7618 I pvaencoder: Encode
01-02 21:07:02.900  7546  7618 I avenc_api: PVAVCEncSetInput
01-02 21:07:02.900  7546  7618 I dbp     : DPBInitBuffer
01-02 21:07:02.900  7546  7618 I dbp     : DPBInitBuffer final return AVC_SUCCESS
01-02 21:07:02.900  7546  7618 I reflist : RefListInit
01-02 21:07:02.910   154  7589 W CameraHardware: unknow focus status: -1
01-02 21:07:02.930  7546  7618 I avenc_api: PVAVCEncSetInput AVCENC_SUCCESS -> enc_state = AVCEnc_Encoding_Frame
01-02 21:07:02.930  7546  7618 I avenc_api: PVAVCEncSetInput return: final status
01-02 21:07:02.930  7546  7618 I pvaencoder: Encode AVCENC_SUCCESS-> return: EAVCEI_SUCCESS
01-02 21:07:02.930  7546  7618 I pvaencoder: GetOuput
01-02 21:07:02.930  7546  7618 I avenc_api: PVAVCEncodeNAL: 5
01-02 21:07:02.930  7546  7618 I avenc_api: PVAVCEncodeNAL: AVCEnc_Encoding_Frame
01-02 21:07:02.940   154  7589 W CameraHardware: unknow focus status: -1
01-02 21:07:02.960  7546  7618 I avenc_api: PVAVCEncodeNAL AVCEnc_Encoding_Frame -> enc_state = AVCEnc_Analyzing_Frame
01-02 21:07:02.960  7546  7618 I pvaencoder: GetOuput (iEncStatus == AVCENC_PICTURE_READY) -> return EAVCEI_SUCCESS
01-02 21:07:02.960  7546  7618 I System.out: RtpVideoRecorder: captureThread: encodeResult == 0
01-02 21:07:02.960  7546  7618 I System.out: encodedFrame: encodedFrame length366
01-02 21:07:02.960  7546  7618 D RtspVideoRecorder: time = 133622973 videoStartTime = 133622907 encoderTs = 151998 frameData.length152064
01-02 21:07:02.970  7546  7618 I pvaencoder: Encode
01-02 21:07:02.970  7546  7618 I avenc_api: PVAVCEncSetInput
01-02 21:07:02.970  7546  7618 I dbp     : DPBInitBuffer
01-02 21:07:02.970  7546  7618 I dbp     : DPBInitBuffer final return AVC_SUCCESS
01-02 21:07:02.970  7546  7618 I reflist : RefListInit
01-02 21:07:02.970   154  7589 W CameraHardware: unknow focus status: -1
01-02 21:07:03.000  7546  7618 I avenc_api: PVAVCEncSetInput AVCENC_SUCCESS -> enc_state = AVCEnc_Encoding_Frame
01-02 21:07:03.000  7546  7618 I avenc_api: PVAVCEncSetInput return: final status
01-02 21:07:03.000  7546  7618 I pvaencoder: Encode AVCENC_SUCCESS-> return: EAVCEI_SUCCESS
01-02 21:07:03.000  7546  7618 I pvaencoder: GetOuput
01-02 21:07:03.000  7546  7618 I avenc_api: PVAVCEncodeNAL: 5
01-02 21:07:03.000  7546  7618 I avenc_api: PVAVCEncodeNAL: AVCEnc_Encoding_Frame
01-02 21:07:03.000   154  7589 W CameraHardware: unknow focus status: -1
01-02 21:07:03.020  7546  7618 I avenc_api: PVAVCEncodeNAL AVCEnc_Encoding_Frame -> enc_state = AVCEnc_Analyzing_Frame
01-02 21:07:03.020  7546  7618 I pvaencoder: GetOuput (iEncStatus == AVCENC_PICTURE_READY) -> return EAVCEI_SUCCESS
01-02 21:07:03.020  7546  7618 I System.out: RtpVideoRecorder: captureThread: encodeResult == 0
01-02 21:07:03.020  7546  7618 I System.out: encodedFrame: encodedFrame length384
01-02 21:07:03.030  7546  7618 D RtspVideoRecorder: time = 133623038 videoStartTime = 133622973 encoderTs = 152063 frameData.length152064
01-02 21:07:03.030  7546  7618 I pvaencoder: Encode
01-02 21:07:03.030  7546  7618 I avenc_api: PVAVCEncSetInput
01-02 21:07:03.030  7546  7618 I dbp     : DPBInitBuffer
01-02 21:07:03.030  7546  7618 I dbp     : DPBInitBuffer final return AVC_SUCCESS
01-02 21:07:03.030  7546  7618 I reflist : RefListInit
01-02 21:07:03.030   154  7589 W CameraHardware: unknow focus status: -1
01-02 21:07:03.060  7546  7618 I avenc_api: PVAVCEncSetInput AVCENC_SUCCESS -> enc_state = AVCEnc_Encoding_Frame
01-02 21:07:03.060  7546  7618 I avenc_api: PVAVCEncSetInput return: final status
01-02 21:07:03.060  7546  7618 I pvaencoder: Encode AVCENC_SUCCESS-> return: EAVCEI_SUCCESS
01-02 21:07:03.060  7546  7618 I pvaencoder: GetOuput
01-02 21:07:03.060  7546  7618 I avenc_api: PVAVCEncodeNAL: 5
01-02 21:07:03.060  7546  7618 I avenc_api: PVAVCEncodeNAL: AVCEnc_Encoding_Frame
01-02 21:07:03.060   154  7589 W CameraHardware: unknow focus status: -1
01-02 21:07:03.080  7546  7618 I avenc_api: PVAVCEncodeNAL AVCEnc_Encoding_Frame -> enc_state = AVCEnc_Analyzing_Frame
01-02 21:07:03.080  7546  7618 I pvaencoder: GetOuput (iEncStatus == AVCENC_PICTURE_READY) -> return EAVCEI_SUCCESS
01-02 21:07:03.080  7546  7618 I System.out: RtpVideoRecorder: captureThread: encodeResult == 0
01-02 21:07:03.080  7546  7618 I System.out: encodedFrame: encodedFrame length734
01-02 21:07:03.090   154  7589 W CameraHardware: unknow focus status: -1
01-02 21:07:03.090  7546  7618 D RtspVideoRecorder: time = 133623103 videoStartTime = 133623038 encoderTs = 152128 frameData.length152064
01-02 21:07:03.100  7546  7618 I pvaencoder: Encode
01-02 21:07:03.100  7546  7618 I avenc_api: PVAVCEncSetInput
01-02 21:07:03.100  7546  7618 I dbp     : DPBInitBuffer
01-02 21:07:03.100  7546  7618 I dbp     : DPBInitBuffer final return AVC_SUCCESS
01-02 21:07:03.100  7546  7618 I reflist : RefListInit
01-02 21:07:03.120   154  7589 W CameraHardware: unknow focus status: -1
01-02 21:07:03.130  7546  7618 I avenc_api: PVAVCEncSetInput AVCENC_SUCCESS -> enc_state = AVCEnc_Encoding_Frame
01-02 21:07:03.130  7546  7618 I avenc_api: PVAVCEncSetInput return: final status
01-02 21:07:03.130  7546  7618 I pvaencoder: Encode AVCENC_SUCCESS-> return: EAVCEI_SUCCESS
01-02 21:07:03.130  7546  7618 I pvaencoder: GetOuput
01-02 21:07:03.130  7546  7618 I avenc_api: PVAVCEncodeNAL: 5
01-02 21:07:03.130  7546  7618 I avenc_api: PVAVCEncodeNAL: AVCEnc_Encoding_Frame
01-02 21:07:03.150  7546  7618 I avenc_api: PVAVCEncodeNAL AVCEnc_Encoding_Frame -> enc_state = AVCEnc_Analyzing_Frame
01-02 21:07:03.150  7546  7618 I pvaencoder: GetOuput (iEncStatus == AVCENC_PICTURE_READY) -> return EAVCEI_SUCCESS
01-02 21:07:03.150  7546  7618 I System.out: RtpVideoRecorder: captureThread: encodeResult == 0
01-02 21:07:03.150  7546  7618 I System.out: encodedFrame: encodedFrame length589
01-02 21:07:03.150   154  7589 W CameraHardware: unknow focus status: -1
01-02 21:07:03.160  7546  7618 D RtspVideoRecorder: time = 133623168 videoStartTime = 133623103 encoderTs = 152193 frameData.length152064
01-02 21:07:03.160  7546  7618 I pvaencoder: Encode
01-02 21:07:03.160  7546  7618 I avenc_api: PVAVCEncSetInput
01-02 21:07:03.160  7546  7618 I dbp     : DPBInitBuffer
01-02 21:07:03.160  7546  7618 I dbp     : DPBInitBuffer final return AVC_SUCCESS
01-02 21:07:03.160  7546  7618 I reflist : RefListInit
01-02 21:07:03.180   154  7589 W CameraHardware: unknow focus status: -1
01-02 21:07:03.190  7546  7618 I avenc_api: PVAVCEncSetInput AVCENC_SUCCESS -> enc_state = AVCEnc_Encoding_Frame
01-02 21:07:03.190  7546  7618 I avenc_api: PVAVCEncSetInput return: final status
01-02 21:07:03.190  7546  7618 I pvaencoder: Encode AVCENC_SUCCESS-> return: EAVCEI_SUCCESS
01-02 21:07:03.190  7546  7618 I pvaencoder: GetOuput
01-02 21:07:03.190  7546  7618 I avenc_api: PVAVCEncodeNAL: 5
01-02 21:07:03.190  7546  7618 I avenc_api: PVAVCEncodeNAL: AVCEnc_Encoding_Frame
01-02 21:07:03.210  7546  7618 I avenc_api: PVAVCEncodeNAL AVCEnc_Encoding_Frame -> enc_state = AVCEnc_Analyzing_Frame
01-02 21:07:03.210  7546  7618 I pvaencoder: GetOuput (iEncStatus == AVCENC_PICTURE_READY) -> return EAVCEI_SUCCESS
01-02 21:07:03.210  7546  7618 I System.out: RtpVideoRecorder: captureThread: encodeResult == 0
01-02 21:07:03.210  7546  7618 I System.out: encodedFrame: encodedFrame length272
01-02 21:07:03.220   154  7589 W CameraHardware: unknow focus status: -1
01-02 21:07:03.220  7546  7618 D RtspVideoRecorder: time = 133623233 videoStartTime = 133623168 encoderTs = 152258 frameData.length152064
01-02 21:07:03.230  7546  7618 I pvaencoder: Encode
01-02 21:07:03.230  7546  7618 I avenc_api: PVAVCEncSetInput
01-02 21:07:03.230  7546  7618 I dbp     : DPBInitBuffer
01-02 21:07:03.230  7546  7618 I dbp     : DPBInitBuffer final return AVC_SUCCESS
01-02 21:07:03.230  7546  7618 I reflist : RefListInit
01-02 21:07:03.250   154  7589 W CameraHardware: unknow focus status: -1
01-02 21:07:03.260  7546  7618 I avenc_api: PVAVCEncSetInput AVCENC_SUCCESS -> enc_state = AVCEnc_Encoding_Frame
01-02 21:07:03.260  7546  7618 I avenc_api: PVAVCEncSetInput return: final status
01-02 21:07:03.260  7546  7618 I pvaencoder: Encode AVCENC_SUCCESS-> return: EAVCEI_SUCCESS
01-02 21:07:03.260  7546  7618 I pvaencoder: GetOuput
01-02 21:07:03.260  7546  7618 I avenc_api: PVAVCEncodeNAL: 5
01-02 21:07:03.260  7546  7618 I avenc_api: PVAVCEncodeNAL: AVCEnc_Encoding_Frame
01-02 21:07:03.280   154  7589 W CameraHardware: unknow focus status: -1
01-02 21:07:03.280  7546  7618 I avenc_api: PVAVCEncodeNAL AVCEnc_Encoding_Frame -> enc_state = AVCEnc_Analyzing_Frame
01-02 21:07:03.280  7546  7618 I pvaencoder: GetOuput (iEncStatus == AVCENC_PICTURE_READY) -> return EAVCEI_SUCCESS
01-02 21:07:03.280  7546  7618 I System.out: RtpVideoRecorder: captureThread: encodeResult == 0
01-02 21:07:03.280  7546  7618 I System.out: encodedFrame: encodedFrame length638
01-02 21:07:03.290  7546  7618 D RtspVideoRecorder: time = 133623298 videoStartTime = 133623233 encoderTs = 152323 frameData.length152064
01-02 21:07:03.290  7546  7618 I pvaencoder: Encode
01-02 21:07:03.290  7546  7618 I avenc_api: PVAVCEncSetInput
01-02 21:07:03.290  7546  7618 I dbp     : DPBInitBuffer
01-02 21:07:03.290  7546  7618 I dbp     : DPBInitBuffer final return AVC_SUCCESS
01-02 21:07:03.290  7546  7618 I reflist : RefListInit
01-02 21:07:03.310   154  7589 W CameraHardware: unknow focus status: -1
01-02 21:07:03.330  7546  7618 I avenc_api: PVAVCEncSetInput AVCENC_SUCCESS -> enc_state = AVCEnc_Encoding_Frame
01-02 21:07:03.330  7546  7618 I avenc_api: PVAVCEncSetInput return: final status
01-02 21:07:03.330  7546  7618 I pvaencoder: Encode AVCENC_SUCCESS-> return: EAVCEI_SUCCESS
01-02 21:07:03.330  7546  7618 I pvaencoder: GetOuput
01-02 21:07:03.330  7546  7618 I avenc_api: PVAVCEncodeNAL: 5
01-02 21:07:03.330  7546  7618 I avenc_api: PVAVCEncodeNAL: AVCEnc_Encoding_Frame
01-02 21:07:03.340   154  7589 W CameraHardware: unknow focus status: -1
01-02 21:07:03.350  7546  7618 I avenc_api: PVAVCEncodeNAL AVCEnc_Encoding_Frame -> enc_state = AVCEnc_Analyzing_Frame
01-02 21:07:03.350  7546  7618 I pvaencoder: GetOuput (iEncStatus == AVCENC_PICTURE_READY) -> return EAVCEI_SUCCESS
01-02 21:07:03.350  7546  7618 I System.out: RtpVideoRecorder: captureThread: encodeResult == 0
01-02 21:07:03.350  7546  7618 I System.out: encodedFrame: encodedFrame length416
01-02 21:07:03.350  7546  7617 W System.err: java.net.SocketException: sendto failed: ECONNREFUSED (Connection refused)
01-02 21:07:03.350  7546  7617 W System.err: 	at libcore.io.IoBridge.maybeThrowAfterSendto(IoBridge.java:499)
01-02 21:07:03.350  7546  7617 W System.err: 	at libcore.io.IoBridge.sendto(IoBridge.java:468)
01-02 21:07:03.350  7546  7617 W System.err: 	at java.net.PlainDatagramSocketImpl.send(PlainDatagramSocketImpl.java:182)
01-02 21:07:03.350  7546  7617 W System.err: 	at java.net.DatagramSocket.send(DatagramSocket.java:281)
01-02 21:07:03.350  7546  7617 W System.err: 	at de.kp.net.rtp.RtpSocket.send(RtpSocket.java:128)
01-02 21:07:03.350  7546  7617 W System.err: 	at de.kp.net.rtp.RtpSender.send(RtpSender.java:79)
01-02 21:07:03.350  7546  7617 W System.err: 	at de.kp.net.rtp.stream.RtpOutputStream.transmit(RtpOutputStream.java:146)
01-02 21:07:03.350  7546  7617 W System.err: 	at de.kp.net.rtp.stream.RtpOutputStream.write(RtpOutputStream.java:86)
01-02 21:07:03.350  7546  7617 W System.err: 	at com.orangelabs.core.ims.protocol.rtp.CodecChain.doProcess(CodecChain.java:99)
01-02 21:07:03.350  7546  7617 W System.err: 	at com.orangelabs.core.ims.protocol.rtp.CodecChain.process(CodecChain.java:84)
01-02 21:07:03.350  7546  7617 W System.err: 	at com.orangelabs.core.ims.protocol.rtp.Processor.run(Processor.java:149)
01-02 21:07:03.350  7546  7617 W System.err: Caused by: libcore.io.ErrnoException: sendto failed: ECONNREFUSED (Connection refused)
01-02 21:07:03.350  7546  7617 W System.err: 	at libcore.io.Posix.sendtoBytes(Native Method)
01-02 21:07:03.350  7546  7617 W System.err: 	at libcore.io.Posix.sendto(Posix.java:156)
01-02 21:07:03.350  7546  7617 W System.err: 	at libcore.io.BlockGuardOs.sendto(BlockGuardOs.java:177)
01-02 21:07:03.350  7546  7617 W System.err: 	at libcore.io.IoBridge.sendto(IoBridge.java:466)
01-02 21:07:03.350  7546  7617 W System.err: 	... 9 more
01-02 21:07:03.350  7546  7617 E [RCS][RtpOutputStream]: Can't broadcast the RTP packet
01-02 21:07:03.350  7546  7617 W System.err: java.net.SocketException: sendto failed: ECONNREFUSED (Connection refused)
01-02 21:07:03.350  7546  7617 W System.err: 	at libcore.io.IoBridge.maybeThrowAfterSendto(IoBridge.java:499)
01-02 21:07:03.350  7546  7617 W System.err: 	at libcore.io.IoBridge.sendto(IoBridge.java:468)
01-02 21:07:03.350  7546  7617 W System.err: 	at java.net.PlainDatagramSocketImpl.send(PlainDatagramSocketImpl.java:182)
01-02 21:07:03.350  7546  7617 W System.err: 	at java.net.DatagramSocket.send(DatagramSocket.java:281)
01-02 21:07:03.350  7546  7617 W System.err: 	at de.kp.net.rtp.RtpSocket.send(RtpSocket.java:128)
01-02 21:07:03.350  7546  7617 W System.err: 	at de.kp.net.rtp.RtpSender.send(RtpSender.java:79)
01-02 21:07:03.350  7546  7617 W System.err: 	at de.kp.net.rtp.stream.RtpOutputStream.transmit(RtpOutputStream.java:146)
01-02 21:07:03.350  7546  7617 W System.err: 	at de.kp.net.rtp.stream.RtpOutputStream.write(RtpOutputStream.java:86)
01-02 21:07:03.350  7546  7617 W System.err: 	at com.orangelabs.core.ims.protocol.rtp.CodecChain.doProcess(CodecChain.java:99)
01-02 21:07:03.350  7546  7617 W System.err: 	at com.orangelabs.core.ims.protocol.rtp.CodecChain.process(CodecChain.java:84)
01-02 21:07:03.350  7546  7617 W System.err: 	at com.orangelabs.core.ims.protocol.rtp.Processor.run(Processor.java:149)
01-02 21:07:03.350  7546  7617 W System.err: Caused by: libcore.io.ErrnoException: sendto failed: ECONNREFUSED (Connection refused)
01-02 21:07:03.350  7546  7617 W System.err: 	at libcore.io.Posix.sendtoBytes(Native Method)
01-02 21:07:03.350  7546  7617 W System.err: 	at libcore.io.Posix.sendto(Posix.java:156)
01-02 21:07:03.350  7546  7617 W System.err: 	at libcore.io.BlockGuardOs.sendto(BlockGuardOs.java:177)
01-02 21:07:03.350  7546  7617 W System.err: 	at libcore.io.IoBridge.sendto(IoBridge.java:466)
01-02 21:07:03.350  7546  7617 W System.err: 	... 9 more
01-02 21:07:03.360  7546  7618 D RtspVideoRecorder: time = 133623364 videoStartTime = 133623298 encoderTs = 152389 frameData.length152064
01-02 21:07:03.360  7546  7618 I pvaencoder: Encode
01-02 21:07:03.360  7546  7618 I avenc_api: PVAVCEncSetInput
01-02 21:07:03.360  7546  7618 I dbp     : DPBInitBuffer
01-02 21:07:03.360  7546  7618 I dbp     : DPBInitBuffer final return AVC_SUCCESS
01-02 21:07:03.360  7546  7618 I reflist : RefListInit
01-02 21:07:03.370   154  7589 W CameraHardware: unknow focus status: -1
01-02 21:07:03.390  7546  7618 I avenc_api: PVAVCEncSetInput AVCENC_SUCCESS -> enc_state = AVCEnc_Encoding_Frame
01-02 21:07:03.390  7546  7618 I avenc_api: PVAVCEncSetInput return: final status
01-02 21:07:03.390  7546  7618 I pvaencoder: Encode AVCENC_SUCCESS-> return: EAVCEI_SUCCESS
01-02 21:07:03.390  7546  7618 I pvaencoder: GetOuput
01-02 21:07:03.390  7546  7618 I avenc_api: PVAVCEncodeNAL: 5
01-02 21:07:03.390  7546  7618 I avenc_api: PVAVCEncodeNAL: AVCEnc_Encoding_Frame
01-02 21:07:03.400   154  7589 W CameraHardware: unknow focus status: -1
01-02 21:07:03.410  7546  7618 I avenc_api: PVAVCEncodeNAL AVCEnc_Encoding_Frame -> enc_state = AVCEnc_Analyzing_Frame
01-02 21:07:03.410  7546  7618 I pvaencoder: GetOuput (iEncStatus == AVCENC_PICTURE_READY) -> return EAVCEI_SUCCESS
01-02 21:07:03.410  7546  7618 I System.out: RtpVideoRecorder: captureThread: encodeResult == 0
01-02 21:07:03.410  7546  7618 I System.out: encodedFrame: encodedFrame length606
01-02 21:07:03.420  7546  7618 D RtspVideoRecorder: time = 133623429 videoStartTime = 133623364 encoderTs = 152454 frameData.length152064
01-02 21:07:03.420  7546  7618 I pvaencoder: Encode
01-02 21:07:03.420  7546  7618 I avenc_api: PVAVCEncSetInput
01-02 21:07:03.420  7546  7618 I dbp     : DPBInitBuffer
01-02 21:07:03.420  7546  7618 I dbp     : DPBInitBuffer final return AVC_SUCCESS
01-02 21:07:03.420  7546  7618 I reflist : RefListInit
01-02 21:07:03.430   154  7589 W CameraHardware: unknow focus status: -1
01-02 21:07:03.450  7546  7618 I avenc_api: PVAVCEncSetInput AVCENC_SUCCESS -> enc_state = AVCEnc_Encoding_Frame
01-02 21:07:03.450  7546  7618 I avenc_api: PVAVCEncSetInput return: final status
01-02 21:07:03.450  7546  7618 I pvaencoder: Encode AVCENC_SUCCESS-> return: EAVCEI_SUCCESS
01-02 21:07:03.450  7546  7618 I pvaencoder: GetOuput
01-02 21:07:03.450  7546  7618 I avenc_api: PVAVCEncodeNAL: 5
01-02 21:07:03.450  7546  7618 I avenc_api: PVAVCEncodeNAL: AVCEnc_Encoding_Frame
01-02 21:07:03.460   154  7589 W CameraHardware: unknow focus status: -1
01-02 21:07:03.470  7546  7618 I avenc_api: PVAVCEncodeNAL AVCEnc_Encoding_Frame -> enc_state = AVCEnc_Analyzing_Frame
01-02 21:07:03.470  7546  7618 I pvaencoder: GetOuput (iEncStatus == AVCENC_PICTURE_READY) -> return EAVCEI_SUCCESS
01-02 21:07:03.470  7546  7618 I System.out: RtpVideoRecorder: captureThread: encodeResult == 0
01-02 21:07:03.470  7546  7618 I System.out: encodedFrame: encodedFrame length218
01-02 21:07:03.490  7546  7618 D RtspVideoRecorder: time = 133623494 videoStartTime = 133623429 encoderTs = 152519 frameData.length152064
01-02 21:07:03.490  7546  7618 I pvaencoder: Encode
01-02 21:07:03.490  7546  7618 I avenc_api: PVAVCEncSetInput
01-02 21:07:03.490  7546  7618 I dbp     : DPBInitBuffer
01-02 21:07:03.490  7546  7618 I dbp     : DPBInitBuffer final return AVC_SUCCESS
01-02 21:07:03.490  7546  7618 I reflist : RefListInit
01-02 21:07:03.490   154  7589 W CameraHardware: unknow focus status: -1
01-02 21:07:03.510  7546  7618 I avenc_api: PVAVCEncSetInput AVCENC_SUCCESS -> enc_state = AVCEnc_Encoding_Frame
01-02 21:07:03.520  7546  7618 I avenc_api: PVAVCEncSetInput return: final status
01-02 21:07:03.520  7546  7618 I pvaencoder: Encode AVCENC_SUCCESS-> return: EAVCEI_SUCCESS
01-02 21:07:03.520  7546  7618 I pvaencoder: GetOuput
01-02 21:07:03.520  7546  7618 I avenc_api: PVAVCEncodeNAL: 5
01-02 21:07:03.520  7546  7618 I avenc_api: PVAVCEncodeNAL: AVCEnc_Encoding_Frame
01-02 21:07:03.520   154  7589 W CameraHardware: unknow focus status: -1
01-02 21:07:03.540  7546  7618 I avenc_api: PVAVCEncodeNAL AVCEnc_Encoding_Frame -> enc_state = AVCEnc_Analyzing_Frame
01-02 21:07:03.540  7546  7618 I pvaencoder: GetOuput (iEncStatus == AVCENC_PICTURE_READY) -> return EAVCEI_SUCCESS
01-02 21:07:03.540  7546  7618 I System.out: RtpVideoRecorder: captureThread: encodeResult == 0
01-02 21:07:03.540  7546  7618 I System.out: encodedFrame: encodedFrame length329
01-02 21:07:03.550   154  7589 W CameraHardware: unknow focus status: -1
01-02 21:07:03.550  7546  7618 D RtspVideoRecorder: time = 133623559 videoStartTime = 133623494 encoderTs = 152584 frameData.length152064
01-02 21:07:03.550  7546  7618 I pvaencoder: Encode
01-02 21:07:03.550  7546  7618 I avenc_api: PVAVCEncSetInput
01-02 21:07:03.550  7546  7618 I dbp     : DPBInitBuffer
01-02 21:07:03.550  7546  7618 I dbp     : DPBInitBuffer final return AVC_SUCCESS
01-02 21:07:03.550  7546  7618 I reflist : RefListInit
01-02 21:07:03.580   154  7589 W CameraHardware: unknow focus status: -1
01-02 21:07:03.580  7546  7618 I avenc_api: PVAVCEncSetInput AVCENC_SUCCESS -> enc_state = AVCEnc_Encoding_Frame
01-02 21:07:03.580  7546  7618 I avenc_api: PVAVCEncSetInput return: final status
01-02 21:07:03.580  7546  7618 I pvaencoder: Encode AVCENC_SUCCESS-> return: EAVCEI_SUCCESS
01-02 21:07:03.580  7546  7618 I pvaencoder: GetOuput
01-02 21:07:03.580  7546  7618 I avenc_api: PVAVCEncodeNAL: 5
01-02 21:07:03.580  7546  7618 I avenc_api: PVAVCEncodeNAL: AVCEnc_Encoding_Frame
01-02 21:07:03.600  7546  7618 I avenc_api: PVAVCEncodeNAL AVCEnc_Encoding_Frame -> enc_state = AVCEnc_Analyzing_Frame
01-02 21:07:03.600  7546  7618 I pvaencoder: GetOuput (iEncStatus == AVCENC_PICTURE_READY) -> return EAVCEI_SUCCESS
01-02 21:07:03.600  7546  7618 I System.out: RtpVideoRecorder: captureThread: encodeResult == 0
01-02 21:07:03.600  7546  7618 I System.out: encodedFrame: encodedFrame length547
01-02 21:07:03.610   154  7589 W CameraHardware: unknow focus status: -1
01-02 21:07:03.620  7546  7618 D RtspVideoRecorder: time = 133623625 videoStartTime = 133623559 encoderTs = 152650 frameData.length152064
01-02 21:07:03.620  7546  7618 I pvaencoder: Encode
01-02 21:07:03.620  7546  7618 I avenc_api: PVAVCEncSetInput
01-02 21:07:03.620  7546  7618 I dbp     : DPBInitBuffer
01-02 21:07:03.620  7546  7618 I dbp     : DPBInitBuffer final return AVC_SUCCESS
01-02 21:07:03.620  7546  7618 I reflist : RefListInit
01-02 21:07:03.640   154  7589 W CameraHardware: unknow focus status: -1
01-02 21:07:03.650  7546  7618 I avenc_api: PVAVCEncSetInput AVCENC_SUCCESS -> enc_state = AVCEnc_Encoding_Frame
01-02 21:07:03.650  7546  7618 I avenc_api: PVAVCEncSetInput return: final status
01-02 21:07:03.650  7546  7618 I pvaencoder: Encode AVCENC_SUCCESS-> return: EAVCEI_SUCCESS
01-02 21:07:03.650  7546  7618 I pvaencoder: GetOuput
01-02 21:07:03.650  7546  7618 I avenc_api: PVAVCEncodeNAL: 5
01-02 21:07:03.650  7546  7618 I avenc_api: PVAVCEncodeNAL: AVCEnc_Encoding_Frame
01-02 21:07:03.670  7546  7618 I avenc_api: PVAVCEncodeNAL AVCEnc_Encoding_Frame -> enc_state = AVCEnc_Analyzing_Frame
01-02 21:07:03.670  7546  7618 I pvaencoder: GetOuput (iEncStatus == AVCENC_PICTURE_READY) -> return EAVCEI_SUCCESS
01-02 21:07:03.670  7546  7618 I System.out: RtpVideoRecorder: captureThread: encodeResult == 0
01-02 21:07:03.670  7546  7618 I System.out: encodedFrame: encodedFrame length555
01-02 21:07:03.670   154  7589 W CameraHardware: unknow focus status: -1
01-02 21:07:03.680  7546  7618 D RtspVideoRecorder: time = 133623690 videoStartTime = 133623625 encoderTs = 152715 frameData.length152064
01-02 21:07:03.680  7546  7618 I pvaencoder: Encode
01-02 21:07:03.680  7546  7618 I avenc_api: PVAVCEncSetInput
01-02 21:07:03.680  7546  7618 I dbp     : DPBInitBuffer
01-02 21:07:03.680  7546  7618 I dbp     : DPBInitBuffer final return AVC_SUCCESS
01-02 21:07:03.680  7546  7618 I reflist : RefListInit
01-02 21:07:03.700   154  7589 W CameraHardware: unknow focus status: -1
01-02 21:07:03.710  7546  7618 I avenc_api: PVAVCEncSetInput AVCENC_SUCCESS -> enc_state = AVCEnc_Encoding_Frame
01-02 21:07:03.710  7546  7618 I avenc_api: PVAVCEncSetInput return: final status
01-02 21:07:03.710  7546  7618 I pvaencoder: Encode AVCENC_SUCCESS-> return: EAVCEI_SUCCESS
01-02 21:07:03.710  7546  7618 I pvaencoder: GetOuput
01-02 21:07:03.710  7546  7618 I avenc_api: PVAVCEncodeNAL: 5
01-02 21:07:03.710  7546  7618 I avenc_api: PVAVCEncodeNAL: AVCEnc_Encoding_Frame
01-02 21:07:03.730   154  7589 W CameraHardware: unknow focus status: -1
01-02 21:07:03.730  7546  7618 I avenc_api: PVAVCEncodeNAL AVCEnc_Encoding_Frame -> enc_state = AVCEnc_Analyzing_Frame
01-02 21:07:03.730  7546  7618 I pvaencoder: GetOuput (iEncStatus == AVCENC_PICTURE_READY) -> return EAVCEI_SUCCESS
01-02 21:07:03.730  7546  7618 I System.out: RtpVideoRecorder: captureThread: encodeResult == 0
01-02 21:07:03.730  7546  7618 I System.out: encodedFrame: encodedFrame length297
01-02 21:07:03.750  7546  7618 D RtspVideoRecorder: time = 133623755 videoStartTime = 133623690 encoderTs = 152780 frameData.length152064
01-02 21:07:03.750  7546  7618 I pvaencoder: Encode
01-02 21:07:03.750  7546  7618 I avenc_api: PVAVCEncSetInput
01-02 21:07:03.750  7546  7618 I dbp     : DPBInitBuffer
01-02 21:07:03.750  7546  7618 I dbp     : DPBInitBuffer final return AVC_SUCCESS
01-02 21:07:03.750  7546  7618 I reflist : RefListInit
01-02 21:07:03.760   479   502 D Tethering: TetherModeAliveState.processMessage what=5
01-02 21:07:03.760   479   502 D Tethering: chooseUpstreamType(true), preferredApn =5, got type=-1
01-02 21:07:03.760   154  7589 W CameraHardware: unknow focus status: -1
01-02 21:07:03.760   479   502 D Tethering: notifying tethered with iface =null
01-02 21:07:03.760   479   502 D Tethering: TetheredState.processMessage what=12
01-02 21:07:03.780  7546  7618 I avenc_api: PVAVCEncSetInput AVCENC_SUCCESS -> enc_state = AVCEnc_Encoding_Frame
01-02 21:07:03.780  7546  7618 I avenc_api: PVAVCEncSetInput return: final status
01-02 21:07:03.780  7546  7618 I pvaencoder: Encode AVCENC_SUCCESS-> return: EAVCEI_SUCCESS
01-02 21:07:03.780  7546  7618 I pvaencoder: GetOuput
01-02 21:07:03.780  7546  7618 I avenc_api: PVAVCEncodeNAL: 5
01-02 21:07:03.780  7546  7618 I avenc_api: PVAVCEncodeNAL: AVCEnc_Encoding_Frame
01-02 21:07:03.790   154  7589 W CameraHardware: unknow focus status: -1
01-02 21:07:03.800  7546  7618 I avenc_api: PVAVCEncodeNAL AVCEnc_Encoding_Frame -> enc_state = AVCEnc_Analyzing_Frame
01-02 21:07:03.800  7546  7618 I pvaencoder: GetOuput (iEncStatus == AVCENC_PICTURE_READY) -> return EAVCEI_SUCCESS
01-02 21:07:03.800  7546  7618 I System.out: RtpVideoRecorder: captureThread: encodeResult == 0
01-02 21:07:03.800  7546  7618 I System.out: encodedFrame: encodedFrame length693
01-02 21:07:03.810  7546  7618 D RtspVideoRecorder: time = 133623820 videoStartTime = 133623755 encoderTs = 152845 frameData.length152064
01-02 21:07:03.810  7546  7618 I pvaencoder: Encode
01-02 21:07:03.810  7546  7618 I avenc_api: PVAVCEncSetInput
01-02 21:07:03.810  7546  7618 I dbp     : AVCConfigureSequence
01-02 21:07:03.810  7546  7618 I dbp     : DPBInitBuffer
01-02 21:07:03.810  7546  7618 I dbp     : DPBInitBuffer final return AVC_SUCCESS
01-02 21:07:03.810  7546  7618 I reflist : RefListInit
01-02 21:07:03.810  7546  7618 I avenc_api: PVAVCEncSetInput AVCENC_NEW_IDR -> enc_state = AVCEnc_Encoding_SPS
01-02 21:07:03.810  7546  7618 I avenc_api: PVAVCEncSetInput return: final status
01-02 21:07:03.810  7546  7618 I pvaencoder: Encode AVCENC_NEW_IDR-> return: EAVCEI_SUCCESS
01-02 21:07:03.810  7546  7618 I pvaencoder: GetOuput
01-02 21:07:03.810  7546  7618 I avenc_api: PVAVCEncodeNAL: 1
01-02 21:07:03.810  7546  7618 I avenc_api: PVAVCEncodeNAL: AVCEnc_Encoding_SPS
01-02 21:07:03.810  7546  7618 I avenc_api: PVAVCEncodeNAL AVCEnc_Encoding_SPS -> enc_state = AVCEnc_Encoding_PPS
01-02 21:07:03.810  7546  7618 I pvaencoder: GetOuput (iEncStatus == AVCENC_SUCCESS) -> return EAVCEI_MORE_NAL
01-02 21:07:03.810  7546  7618 I System.out: RtpVideoRecorder: captureThread: encodeResult == 6
01-02 21:07:03.810  7546  7618 I System.out: RtpVideoRecorder: captureThread: Status == EAVCEI_MORE_NAL
01-02 21:07:03.820  7546  7618 I System.out: encodedFrame: encodedFrame length9
01-02 21:07:03.820   154  7589 W CameraHardware: unknow focus status: -1
01-02 21:07:03.850   154  7589 W CameraHardware: unknow focus status: -1
01-02 21:07:03.870  7546  7618 D RtspVideoRecorder: time = 133623880 videoStartTime = 133623820 encoderTs = 152905 frameData.length152064
01-02 21:07:03.870  7546  7618 I NativeEnc: Skiped encoding
01-02 21:07:03.870  7546  7618 I pvaencoder: GetOuput
01-02 21:07:03.870  7546  7618 I avenc_api: PVAVCEncodeNAL: 2
01-02 21:07:03.870  7546  7618 I avenc_api: PVAVCEncodeNAL: AVCEnc_Encoding_PPS
01-02 21:07:03.870  7546  7618 I avenc_api: PVAVCEncodeNAL AVCEnc_Encoding_PPS -> enc_state = AVCEnc_Encoding_Frame
01-02 21:07:03.870  7546  7618 I pvaencoder: GetOuput (iEncStatus == AVCENC_SUCCESS) -> return EAVCEI_MORE_NAL
01-02 21:07:03.870  7546  7618 I System.out: RtpVideoRecorder: captureThread: encodeResult == 6
01-02 21:07:03.870  7546  7618 I System.out: RtpVideoRecorder: captureThread: Status == EAVCEI_MORE_NAL
01-02 21:07:03.870  7546  7618 I System.out: encodedFrame: encodedFrame length5
01-02 21:07:03.880   154  7589 W CameraHardware: unknow focus status: -1
01-02 21:07:03.910   154  7589 W CameraHardware: unknow focus status: -1
01-02 21:07:03.930  7546  7618 D RtspVideoRecorder: time = 133623940 videoStartTime = 133623880 encoderTs = 152965 frameData.length152064
01-02 21:07:03.930  7546  7618 I NativeEnc: Skiped encoding
01-02 21:07:03.930  7546  7618 I pvaencoder: GetOuput
01-02 21:07:03.930  7546  7618 I avenc_api: PVAVCEncodeNAL: 5
01-02 21:07:03.930  7546  7618 I avenc_api: PVAVCEncodeNAL: AVCEnc_Encoding_Frame
01-02 21:07:03.940   154  7589 W CameraHardware: unknow focus status: -1
01-02 21:07:03.970   154  7589 W CameraHardware: unknow focus status: -1
01-02 21:07:03.980  7546  7618 I avenc_api: PVAVCEncodeNAL AVCEnc_Encoding_Frame -> enc_state = AVCEnc_Analyzing_Frame
01-02 21:07:03.980  7546  7618 I pvaencoder: GetOuput (iEncStatus == AVCENC_PICTURE_READY) -> return EAVCEI_SUCCESS
01-02 21:07:03.980  7546  7618 I System.out: RtpVideoRecorder: captureThread: encodeResult == 0
01-02 21:07:03.980  7546  7618 I System.out: encodedFrame: encodedFrame length1631
01-02 21:07:04.000   154  7589 W CameraHardware: unknow focus status: -1
01-02 21:07:04.030   154  7589 W CameraHardware: unknow focus status: -1
01-02 21:07:04.060   154  7589 W CameraHardware: unknow focus status: -1
01-02 21:07:04.090   154  7589 W CameraHardware: unknow focus status: -1
01-02 21:07:04.120   154  7589 W CameraHardware: unknow focus status: -1
01-02 21:07:04.150   154  7589 W CameraHardware: unknow focus status: -1
01-02 21:07:04.180   154  7589 W CameraHardware: unknow focus status: -1
01-02 21:07:04.210   154  7589 W CameraHardware: unknow focus status: -1
01-02 21:07:04.240  7546  7557 D dalvikvm: JIT unchain all for threadid=12
01-02 21:07:04.240   154  7589 W CameraHardware: unknow focus status: -1
01-02 21:07:04.250  7546  7557 D dalvikvm: GC_FOR_ALLOC freed 1746K, 45% free 3828K/6848K, paused 262ms, total 262ms
01-02 21:07:04.260  7546  7618 D RtspVideoRecorder: time = 133624262 videoStartTime = 133623940 encoderTs = 153287 frameData.length152064
01-02 21:07:04.260  7546  7618 I pvaencoder: Encode
01-02 21:07:04.260  7546  7618 I avenc_api: PVAVCEncSetInput
01-02 21:07:04.260  7546  7618 I dbp     : DPBInitBuffer
01-02 21:07:04.260  7546  7618 I dbp     : DPBInitBuffer final return AVC_SUCCESS
01-02 21:07:04.260  7546  7618 I reflist : RefListInit
01-02 21:07:04.270   154  7589 W CameraHardware: unknow focus status: -1
01-02 21:07:04.290  7546  7618 I avenc_api: PVAVCEncSetInput AVCENC_SUCCESS -> enc_state = AVCEnc_Encoding_Frame
01-02 21:07:04.290  7546  7618 I avenc_api: PVAVCEncSetInput return: final status
01-02 21:07:04.290  7546  7618 I pvaencoder: Encode AVCENC_SUCCESS-> return: EAVCEI_SUCCESS
01-02 21:07:04.290  7546  7618 I pvaencoder: GetOuput
01-02 21:07:04.290  7546  7618 I avenc_api: PVAVCEncodeNAL: 5
01-02 21:07:04.290  7546  7618 I avenc_api: PVAVCEncodeNAL: AVCEnc_Encoding_Frame
01-02 21:07:04.300   154  7589 W CameraHardware: unknow focus status: -1
01-02 21:07:04.310  7546  7618 I avenc_api: PVAVCEncodeNAL AVCEnc_Encoding_Frame -> enc_state = AVCEnc_Analyzing_Frame
01-02 21:07:04.310  7546  7618 I pvaencoder: GetOuput (iEncStatus == AVCENC_PICTURE_READY) -> return EAVCEI_SUCCESS
01-02 21:07:04.310  7546  7618 I System.out: RtpVideoRecorder: captureThread: encodeResult == 0
01-02 21:07:04.310  7546  7618 I System.out: encodedFrame: encodedFrame length981
01-02 21:07:04.320  7546  7618 D RtspVideoRecorder: time = 133624328 videoStartTime = 133624262 encoderTs = 153353 frameData.length152064
01-02 21:07:04.320  7546  7618 I pvaencoder: Encode
01-02 21:07:04.320  7546  7618 I avenc_api: PVAVCEncSetInput
01-02 21:07:04.320  7546  7618 I dbp     : DPBInitBuffer
01-02 21:07:04.320  7546  7618 I dbp     : DPBInitBuffer final return AVC_SUCCESS
01-02 21:07:04.320  7546  7618 I reflist : RefListInit
01-02 21:07:04.330   154  7589 W CameraHardware: unknow focus status: -1
01-02 21:07:04.350  7546  7618 I avenc_api: PVAVCEncSetInput AVCENC_SUCCESS -> enc_state = AVCEnc_Encoding_Frame
01-02 21:07:04.350  7546  7618 I avenc_api: PVAVCEncSetInput return: final status
01-02 21:07:04.350  7546  7618 I pvaencoder: Encode AVCENC_SUCCESS-> return: EAVCEI_SUCCESS
01-02 21:07:04.350  7546  7618 I pvaencoder: GetOuput
01-02 21:07:04.350  7546  7618 I avenc_api: PVAVCEncodeNAL: 5
01-02 21:07:04.350  7546  7618 I avenc_api: PVAVCEncodeNAL: AVCEnc_Encoding_Frame
01-02 21:07:04.360   154  7589 W CameraHardware: unknow focus status: -1
01-02 21:07:04.370  7546  7618 I avenc_api: PVAVCEncodeNAL AVCEnc_Encoding_Frame -> enc_state = AVCEnc_Analyzing_Frame
01-02 21:07:04.370  7546  7618 I pvaencoder: GetOuput (iEncStatus == AVCENC_PICTURE_READY) -> return EAVCEI_SUCCESS
01-02 21:07:04.370  7546  7618 I System.out: RtpVideoRecorder: captureThread: encodeResult == 0
01-02 21:07:04.370  7546  7618 I System.out: encodedFrame: encodedFrame length590
01-02 21:07:04.380  7546  7618 D RtspVideoRecorder: time = 133624393 videoStartTime = 133624328 encoderTs = 153418 frameData.length152064
01-02 21:07:04.380  7546  7618 I pvaencoder: Encode
01-02 21:07:04.390  7546  7618 I avenc_api: PVAVCEncSetInput
01-02 21:07:04.390  7546  7618 I dbp     : DPBInitBuffer
01-02 21:07:04.390  7546  7618 I dbp     : DPBInitBuffer final return AVC_SUCCESS
01-02 21:07:04.390  7546  7618 I reflist : RefListInit
01-02 21:07:04.390   154  7589 W CameraHardware: unknow focus status: -1
01-02 21:07:04.410  7546  7618 I avenc_api: PVAVCEncSetInput AVCENC_SUCCESS -> enc_state = AVCEnc_Encoding_Frame
01-02 21:07:04.410  7546  7618 I avenc_api: PVAVCEncSetInput return: final status
01-02 21:07:04.410  7546  7618 I pvaencoder: Encode AVCENC_SUCCESS-> return: EAVCEI_SUCCESS
01-02 21:07:04.410  7546  7618 I pvaencoder: GetOuput
01-02 21:07:04.410  7546  7618 I avenc_api: PVAVCEncodeNAL: 5
01-02 21:07:04.410  7546  7618 I avenc_api: PVAVCEncodeNAL: AVCEnc_Encoding_Frame
01-02 21:07:04.420   154  7589 W CameraHardware: unknow focus status: -1
01-02 21:07:04.440  7546  7618 I avenc_api: PVAVCEncodeNAL AVCEnc_Encoding_Frame -> enc_state = AVCEnc_Analyzing_Frame
01-02 21:07:04.440  7546  7618 I pvaencoder: GetOuput (iEncStatus == AVCENC_PICTURE_READY) -> return EAVCEI_SUCCESS
01-02 21:07:04.440  7546  7618 I System.out: RtpVideoRecorder: captureThread: encodeResult == 0
01-02 21:07:04.440  7546  7618 I System.out: encodedFrame: encodedFrame length692
01-02 21:07:04.440  7546  7617 W System.err: java.net.SocketException: sendto failed: ECONNREFUSED (Connection refused)
01-02 21:07:04.440  7546  7617 W System.err: 	at libcore.io.IoBridge.maybeThrowAfterSendto(IoBridge.java:499)
01-02 21:07:04.440  7546  7617 W System.err: 	at libcore.io.IoBridge.sendto(IoBridge.java:468)
01-02 21:07:04.440  7546  7617 W System.err: 	at java.net.PlainDatagramSocketImpl.send(PlainDatagramSocketImpl.java:182)
01-02 21:07:04.440  7546  7617 W System.err: 	at java.net.DatagramSocket.send(DatagramSocket.java:281)
01-02 21:07:04.440  7546  7617 W System.err: 	at de.kp.net.rtp.RtpSocket.send(RtpSocket.java:128)
01-02 21:07:04.440  7546  7617 W System.err: 	at de.kp.net.rtp.RtpSender.send(RtpSender.java:79)
